2026-03-07 19:10:18 [INFO] __main__ — ================================================================================
2026-03-07 19:10:18 [INFO] __main__ — INTERMEDIATE LAYER ENTROPY METRICS
2026-03-07 19:10:18 [INFO] __main__ — ================================================================================
2026-03-07 19:10:18 [INFO] __main__ — Device          : cuda
2026-03-07 19:10:18 [INFO] __main__ — Model path      : google/gemma-7b
2026-03-07 19:10:18 [INFO] __main__ — N probe layers  : 8
2026-03-07 19:10:18 [INFO] __main__ — Score key(s)    : ALL
2026-03-07 19:10:18 [INFO] __main__ — ================================================================================
2026-03-07 19:10:18 [INFO] __main__ — [1/4] Loading test data...
2026-03-07 19:10:18 [INFO] __main__ — Loading all available prompts (n_test=max)
2026-03-07 19:10:18 [INFO] httpx — HTTP Request: HEAD https://huggingface.co/datasets/JailbreakBench/JBB-Behaviors/resolve/main/README.md "HTTP/1.1 307 Temporary Redirect"
2026-03-07 19:10:18 [INFO] httpx — HTTP Request: HEAD https://huggingface.co/api/resolve-cache/datasets/JailbreakBench/JBB-Behaviors/886acc352a31533ffbcf4ef22c744658688086fc/README.md "HTTP/1.1 200 OK"
2026-03-07 19:10:18 [INFO] httpx — HTTP Request: HEAD https://huggingface.co/datasets/JailbreakBench/JBB-Behaviors/resolve/886acc352a31533ffbcf4ef22c744658688086fc/JBB-Behaviors.py "HTTP/1.1 404 Not Found"
2026-03-07 19:10:18 [INFO] httpx — HTTP Request: HEAD https://s3.amazonaws.com/datasets.huggingface.co/datasets/datasets/JailbreakBench/JBB-Behaviors/JailbreakBench/JBB-Behaviors.py "HTTP/1.1 404 Not Found"
2026-03-07 19:10:18 [INFO] httpx — HTTP Request: GET https://huggingface.co/api/datasets/JailbreakBench/JBB-Behaviors/revision/886acc352a31533ffbcf4ef22c744658688086fc "HTTP/1.1 200 OK"
2026-03-07 19:10:18 [INFO] httpx — HTTP Request: HEAD https://huggingface.co/datasets/JailbreakBench/JBB-Behaviors/resolve/886acc352a31533ffbcf4ef22c744658688086fc/.huggingface.yaml "HTTP/1.1 404 Not Found"
2026-03-07 19:10:19 [INFO] httpx — HTTP Request: GET https://datasets-server.huggingface.co/info?dataset=JailbreakBench/JBB-Behaviors "HTTP/1.1 200 OK"
2026-03-07 19:10:19 [INFO] httpx — HTTP Request: GET https://huggingface.co/api/datasets/JailbreakBench/JBB-Behaviors/tree/886acc352a31533ffbcf4ef22c744658688086fc/data?recursive=false&expand=false "HTTP/1.1 200 OK"
2026-03-07 19:10:19 [INFO] httpx — HTTP Request: HEAD https://huggingface.co/datasets/JailbreakBench/JBB-Behaviors/resolve/886acc352a31533ffbcf4ef22c744658688086fc/dataset_infos.json "HTTP/1.1 404 Not Found"
2026-03-07 19:10:19 [INFO] httpx — HTTP Request: HEAD https://huggingface.co/datasets/walledai/StrongREJECT/resolve/main/README.md "HTTP/1.1 200 OK"
2026-03-07 19:10:19 [INFO] httpx — HTTP Request: HEAD https://huggingface.co/datasets/walledai/StrongREJECT/resolve/df54272b395ce9e584d2f8140519935425d8549f/StrongREJECT.py "HTTP/1.1 404 Not Found"
2026-03-07 19:10:19 [INFO] httpx — HTTP Request: HEAD https://s3.amazonaws.com/datasets.huggingface.co/datasets/datasets/walledai/StrongREJECT/walledai/StrongREJECT.py "HTTP/1.1 404 Not Found"
2026-03-07 19:10:19 [INFO] httpx — HTTP Request: GET https://huggingface.co/api/datasets/walledai/StrongREJECT/revision/df54272b395ce9e584d2f8140519935425d8549f "HTTP/1.1 200 OK"
2026-03-07 19:10:20 [INFO] httpx — HTTP Request: HEAD https://huggingface.co/datasets/walledai/StrongREJECT/resolve/df54272b395ce9e584d2f8140519935425d8549f/.huggingface.yaml "HTTP/1.1 404 Not Found"
2026-03-07 19:10:20 [INFO] httpx — HTTP Request: GET https://datasets-server.huggingface.co/info?dataset=walledai/StrongREJECT "HTTP/1.1 200 OK"
2026-03-07 19:10:20 [INFO] httpx — HTTP Request: GET https://huggingface.co/api/datasets/walledai/StrongREJECT/tree/df54272b395ce9e584d2f8140519935425d8549f/data?recursive=true&expand=false "HTTP/1.1 200 OK"
2026-03-07 19:10:20 [INFO] httpx — HTTP Request: GET https://huggingface.co/api/datasets/walledai/StrongREJECT/tree/df54272b395ce9e584d2f8140519935425d8549f?recursive=false&expand=false "HTTP/1.1 200 OK"
2026-03-07 19:10:20 [INFO] httpx — HTTP Request: HEAD https://huggingface.co/datasets/walledai/StrongREJECT/resolve/df54272b395ce9e584d2f8140519935425d8549f/dataset_infos.json "HTTP/1.1 404 Not Found"
2026-03-07 19:10:20 [INFO] __main__ —   Safe: 100  |  Harmful: 100
2026-03-07 19:10:20 [INFO] __main__ — [2/4] Loading model...
2026-03-07 19:10:20 [INFO] httpx — HTTP Request: HEAD https://huggingface.co/google/gemma-7b/resolve/main/config.json "HTTP/1.1 200 OK"
2026-03-07 19:10:20 [INFO] httpx — HTTP Request: HEAD https://huggingface.co/google/gemma-7b/resolve/main/tokenizer_config.json "HTTP/1.1 200 OK"
2026-03-07 19:10:21 [INFO] httpx — HTTP Request: GET https://huggingface.co/api/models/google/gemma-7b/tree/main/additional_chat_templates?recursive=false&expand=false "HTTP/1.1 404 Not Found"
2026-03-07 19:10:21 [INFO] httpx — HTTP Request: GET https://huggingface.co/api/models/google/gemma-7b/tree/main?recursive=true&expand=false "HTTP/1.1 200 OK"
2026-03-07 19:10:23 [INFO] httpx — HTTP Request: HEAD https://huggingface.co/google/gemma-7b/resolve/main/config.json "HTTP/1.1 200 OK"
2026-03-07 19:10:23 [INFO] httpx — HTTP Request: HEAD https://huggingface.co/google/gemma-7b/resolve/main/config.json "HTTP/1.1 200 OK"
2026-03-07 19:10:32 [INFO] httpx — HTTP Request: HEAD https://huggingface.co/google/gemma-7b/resolve/main/generation_config.json "HTTP/1.1 200 OK"
2026-03-07 19:10:32 [INFO] __main__ —   Running base model (no LoRA adapter)
2026-03-07 19:10:32 [INFO] __main__ —   n_layers        : 28
2026-03-07 19:10:32 [INFO] __main__ —   layers_to_probe : [0, 3, 7, 11, 15, 19, 23, 27]
2026-03-07 19:10:32 [INFO] __main__ —   Total features  : 320
2026-03-07 19:10:32 [INFO] __main__ — [3/4] Computing intermediate entropy features...
2026-03-07 19:10:32 [INFO] __main__ —   Processing SAFE prompts...
2026-03-07 19:10:41 [INFO] __main__ —   Processing HARMFUL prompts...
2026-03-07 19:10:53 [INFO] __main__ — [4/4] Evaluating detection metrics...
2026-03-07 19:10:55 [INFO] __main__ — Saved results to: results/intermediate_entropy/intermediate_entropy_all_keys_20260307_191055.json
2026-03-07 19:10:55 [INFO] __main__ — ================================================================================
2026-03-07 19:10:55 [INFO] __main__ — key                                         AUROC AUROC_flip       AP   TPR@1%
2026-03-07 19:10:55 [INFO] __main__ — --------------------------------------------------------------------------------
2026-03-07 19:10:55 [INFO] __main__ — L0_first_mean                              0.9298     0.0702   0.9279   0.3700
2026-03-07 19:10:55 [INFO] __main__ — L0_early_third                             0.9079     0.0921   0.8604   0.0400
2026-03-07 19:10:55 [INFO] __main__ — L15_total_variation                        0.8778     0.1222   0.8986   0.5000
2026-03-07 19:10:55 [INFO] __main__ — L19_total_variation                        0.8664     0.1336   0.8911   0.4900
2026-03-07 19:10:55 [INFO] __main__ — L3_first_mean                              0.8443     0.1557   0.7650   0.0200
2026-03-07 19:10:55 [INFO] __main__ — L3_early_third                             0.8426     0.1574   0.7460   0.0100
2026-03-07 19:10:55 [INFO] __main__ — L3_spearman_rho                            0.1583     0.8417   0.3358   0.0000
2026-03-07 19:10:55 [INFO] __main__ — L11_total_variation                        0.8313     0.1687   0.8699   0.5200
2026-03-07 19:10:55 [INFO] __main__ — L7_total_variation                         0.8290     0.1710   0.8651   0.4600
2026-03-07 19:10:55 [INFO] __main__ — L0_spearman_rho                            0.1868     0.8132   0.3427   0.0000
2026-03-07 19:10:55 [INFO] __main__ — L19_early_third                            0.8095     0.1905   0.7708   0.0900
2026-03-07 19:10:55 [INFO] __main__ — L23_spearman_rho                           0.1906     0.8095   0.3523   0.0100
2026-03-07 19:10:55 [INFO] __main__ — L19_slope                                  0.1945     0.8055   0.3472   0.0000
2026-03-07 19:10:55 [INFO] __main__ — L23_total_variation                        0.7965     0.2035   0.8263   0.2000
2026-03-07 19:10:55 [INFO] __main__ — L19_spearman_rho                           0.2049     0.7950   0.3503   0.0000
2026-03-07 19:10:55 [INFO] __main__ — L19_first_mean                             0.7937     0.2063   0.7550   0.0900
2026-03-07 19:10:55 [INFO] __main__ — L19_early_vs_late                          0.2206     0.7794   0.3567   0.0000
2026-03-07 19:10:55 [INFO] __main__ — L0_total_variation                         0.7743     0.2257   0.7993   0.3300
2026-03-07 19:10:55 [INFO] __main__ — L15_spearman_rho                           0.2341     0.7659   0.3611   0.0100
2026-03-07 19:10:55 [INFO] __main__ — L0_delta_seg                               0.2350     0.7650   0.3833   0.0000
2026-03-07 19:10:55 [INFO] __main__ — L3_total_variation                         0.7646     0.2354   0.8103   0.3200
2026-03-07 19:10:55 [INFO] __main__ — L15_early_third                            0.7583     0.2417   0.7419   0.1000
2026-03-07 19:10:55 [INFO] __main__ — L19_delta_seg                              0.2418     0.7582   0.3633   0.0000
2026-03-07 19:10:55 [INFO] __main__ — L7_spearman_rho                            0.2458     0.7542   0.3608   0.0000
2026-03-07 19:10:55 [INFO] __main__ — L3_slope                                   0.2511     0.7489   0.3605   0.0000
2026-03-07 19:10:55 [INFO] __main__ — L3_early_vs_late                           0.2532     0.7468   0.3653   0.0000
2026-03-07 19:10:55 [INFO] __main__ — L15_first_mean                             0.7465     0.2535   0.7095   0.0200
2026-03-07 19:10:55 [INFO] __main__ — L15_slope                                  0.2555     0.7445   0.3629   0.0000
2026-03-07 19:10:55 [INFO] __main__ — L23_early_vs_late                          0.2576     0.7424   0.3633   0.0000
2026-03-07 19:10:55 [INFO] __main__ — L23_delta_seg                              0.2600     0.7400   0.3634   0.0000
2026-03-07 19:10:55 [INFO] __main__ — L11_spearman_rho                           0.2694     0.7306   0.3715   0.0000
2026-03-07 19:10:55 [INFO] __main__ — L0_early_vs_late                           0.2765     0.7235   0.3867   0.0000
2026-03-07 19:10:55 [INFO] __main__ — L3_delta_seg                               0.2766     0.7234   0.3796   0.0000
2026-03-07 19:10:55 [INFO] __main__ — L23_slope                                  0.2825     0.7175   0.3720   0.0000
2026-03-07 19:10:55 [INFO] __main__ — L23_last_mean                              0.2852     0.7148   0.3727   0.0000
2026-03-07 19:10:55 [INFO] __main__ — L19_peak_density                           0.7136     0.2864   0.6311   0.0100
2026-03-07 19:10:55 [INFO] __main__ — L0_p90                                     0.7104     0.2896   0.6578   0.0400
2026-03-07 19:10:55 [INFO] __main__ — L11_slope                                  0.2915     0.7085   0.3753   0.0000
2026-03-07 19:10:55 [INFO] __main__ — L23_monotonicity_up                        0.2916     0.7084   0.3760   0.0000
2026-03-07 19:10:55 [INFO] __main__ — L11_first_mean                             0.7065     0.2935   0.6550   0.0100
2026-03-07 19:10:55 [INFO] __main__ — L23_late_third                             0.2950     0.7050   0.3744   0.0000
2026-03-07 19:10:55 [INFO] __main__ — L27_total_variation                        0.7049     0.2951   0.7697   0.3900
2026-03-07 19:10:55 [INFO] __main__ — depth_spread_std_acceleration              0.2962     0.7038   0.3901   0.0100
2026-03-07 19:10:55 [INFO] __main__ — L0_slope                                   0.2967     0.7033   0.3810   0.0000
2026-03-07 19:10:55 [INFO] __main__ — L15_early_vs_late                          0.2980     0.7020   0.3835   0.0100
2026-03-07 19:10:55 [INFO] __main__ — L7_max                                     0.7019     0.2981   0.6840   0.0400
2026-03-07 19:10:55 [INFO] __main__ — L7_range                                   0.7019     0.2981   0.6840   0.0400
2026-03-07 19:10:55 [INFO] __main__ — L0_mean_acceleration                       0.2985     0.7015   0.3894   0.0000
2026-03-07 19:10:55 [INFO] __main__ — L3_peak_pos                                0.3021     0.6980   0.3885   0.0000
2026-03-07 19:10:55 [INFO] __main__ — L3_median                                  0.6966     0.3034   0.6475   0.0400
2026-03-07 19:10:55 [INFO] __main__ — L27_frac_above_1std                        0.3040     0.6960   0.3801   0.0000
2026-03-07 19:10:55 [INFO] __main__ — L0_trimmed_mean                            0.6956     0.3044   0.6013   0.0000
2026-03-07 19:10:55 [INFO] __main__ — L11_early_third                            0.6945     0.3055   0.6551   0.0500
2026-03-07 19:10:55 [INFO] __main__ — L0_frac_above_q                            0.3071     0.6929   0.3836   0.0000
2026-03-07 19:10:55 [INFO] __main__ — L3_frac_above_q                            0.3071     0.6929   0.3836   0.0000
2026-03-07 19:10:55 [INFO] __main__ — L7_frac_above_q                            0.3071     0.6929   0.3836   0.0000
2026-03-07 19:10:55 [INFO] __main__ — L11_frac_above_q                           0.3071     0.6929   0.3836   0.0000
2026-03-07 19:10:55 [INFO] __main__ — L15_frac_above_q                           0.3071     0.6929   0.3836   0.0000
2026-03-07 19:10:55 [INFO] __main__ — L19_frac_above_q                           0.3071     0.6929   0.3836   0.0000
2026-03-07 19:10:55 [INFO] __main__ — L23_frac_above_q                           0.3071     0.6929   0.3836   0.0000
2026-03-07 19:10:55 [INFO] __main__ — L27_frac_above_q                           0.3071     0.6929   0.3836   0.0000
2026-03-07 19:10:55 [INFO] __main__ — L15_delta_seg                              0.3144     0.6856   0.3870   0.0000
2026-03-07 19:10:55 [INFO] __main__ — L0_peak_pos                                0.3154     0.6846   0.3957   0.0000
2026-03-07 19:10:55 [INFO] __main__ — L15_max                                    0.6796     0.3204   0.6155   0.0100
2026-03-07 19:10:55 [INFO] __main__ — L15_range                                  0.6796     0.3204   0.6155   0.0100
2026-03-07 19:10:55 [INFO] __main__ — L19_mid_third                              0.6790     0.3210   0.6144   0.0000
2026-03-07 19:10:55 [INFO] __main__ — L19_max                                    0.6782     0.3218   0.6445   0.0300
2026-03-07 19:10:55 [INFO] __main__ — L19_range                                  0.6782     0.3218   0.6445   0.0300
2026-03-07 19:10:55 [INFO] __main__ — depth_spread_total_variation               0.3233     0.6767   0.3983   0.0000
2026-03-07 19:10:55 [INFO] __main__ — depth_spread_total_variation_norm          0.3233     0.6767   0.3983   0.0000
2026-03-07 19:10:55 [INFO] __main__ — L3_max                                     0.6765     0.3235   0.6729   0.0600
2026-03-07 19:10:55 [INFO] __main__ — L3_range                                   0.6765     0.3235   0.6729   0.0600
2026-03-07 19:10:55 [INFO] __main__ — L23_delta_end                              0.3293     0.6707   0.3913   0.0000
2026-03-07 19:10:55 [INFO] __main__ — L0_max                                     0.6692     0.3308   0.6293   0.0400
2026-03-07 19:10:55 [INFO] __main__ — L0_range                                   0.6692     0.3308   0.6293   0.0400
2026-03-07 19:10:55 [INFO] __main__ — L11_max                                    0.6689     0.3311   0.6602   0.0300
2026-03-07 19:10:55 [INFO] __main__ — L11_range                                  0.6689     0.3311   0.6602   0.0300
2026-03-07 19:10:55 [INFO] __main__ — depth_spread_min                           0.6667     0.3333   0.5990   0.0100
2026-03-07 19:10:55 [INFO] __main__ — L15_p90                                    0.6643     0.3357   0.5943   0.0000
2026-03-07 19:10:55 [INFO] __main__ — depth_delta_seg                            0.3358     0.6642   0.3930   0.0000
2026-03-07 19:10:55 [INFO] __main__ — depth_last_mean                            0.3365     0.6635   0.3918   0.0000
2026-03-07 19:10:55 [INFO] __main__ — depth_spread_range                         0.3377     0.6623   0.4007   0.0000
2026-03-07 19:10:55 [INFO] __main__ — L19_median                                 0.6612     0.3388   0.5806   0.0200
2026-03-07 19:10:55 [INFO] __main__ — depth_ac1                                  0.6594     0.3406   0.5985   0.0000
2026-03-07 19:10:55 [INFO] __main__ — L19_p10                                    0.6580     0.3420   0.5841   0.0000
2026-03-07 19:10:55 [INFO] __main__ — L7_mean_acceleration                       0.6550     0.3450   0.5681   0.0000
2026-03-07 19:10:55 [INFO] __main__ — L0_median                                  0.6518     0.3482   0.5815   0.0300
2026-03-07 19:10:55 [INFO] __main__ — L11_early_vs_late                          0.3486     0.6514   0.4087   0.0100
2026-03-07 19:10:55 [INFO] __main__ — L7_p90                                     0.6486     0.3514   0.6010   0.0200
2026-03-07 19:10:55 [INFO] __main__ — depth_spread_p10                           0.6472     0.3528   0.6198   0.0300
2026-03-07 19:10:55 [INFO] __main__ — L7_early_vs_late                           0.3563     0.6437   0.4014   0.0000
2026-03-07 19:10:55 [INFO] __main__ — L19_mean                                   0.6428     0.3572   0.5740   0.0100
2026-03-07 19:10:55 [INFO] __main__ — L0_mid_third                               0.6423     0.3577   0.5471   0.0000
2026-03-07 19:10:55 [INFO] __main__ — L19_peak_pos                               0.3579     0.6421   0.4075   0.0000
2026-03-07 19:10:55 [INFO] __main__ — L7_early_third                             0.6415     0.3585   0.6770   0.1800
2026-03-07 19:10:55 [INFO] __main__ — depth_min                                  0.6415     0.3585   0.5750   0.0000
2026-03-07 19:10:55 [INFO] __main__ — depth_spread_std                           0.3590     0.6410   0.4152   0.0000
2026-03-07 19:10:55 [INFO] __main__ — depth_spread_ac1                           0.6393     0.3607   0.6116   0.0200
2026-03-07 19:10:55 [INFO] __main__ — L27_trimmed_mean                           0.3617     0.6383   0.4010   0.0100
2026-03-07 19:10:55 [INFO] __main__ — L23_mean_peak_height                       0.3622     0.6378   0.4042   0.0000
2026-03-07 19:10:55 [INFO] __main__ — L11_p90                                    0.6363     0.3637   0.5974   0.0100
2026-03-07 19:10:55 [INFO] __main__ — L23_first_mean                             0.6353     0.3647   0.5528   0.0100
2026-03-07 19:10:55 [INFO] __main__ — depth_std_acceleration                     0.3654     0.6346   0.4105   0.0000
2026-03-07 19:10:55 [INFO] __main__ — L11_delta_seg                              0.3662     0.6338   0.4120   0.0000
2026-03-07 19:10:55 [INFO] __main__ — L7_first_mean                              0.6292     0.3708   0.6733   0.1900
2026-03-07 19:10:55 [INFO] __main__ — L15_total_variation_norm                   0.6287     0.3713   0.5777   0.0000
2026-03-07 19:10:55 [INFO] __main__ — L7_std                                     0.6280     0.3720   0.5740   0.0200
2026-03-07 19:10:55 [INFO] __main__ — L19_last_mean                              0.3723     0.6277   0.4125   0.0000
2026-03-07 19:10:55 [INFO] __main__ — L0_peak_density                            0.6275     0.3726   0.6277   0.1100
2026-03-07 19:10:55 [INFO] __main__ — L0_frac_above_1std                         0.3727     0.6274   0.4474   0.0100
2026-03-07 19:10:55 [INFO] __main__ — depth_spread_delta_seg                     0.3743     0.6257   0.4082   0.0000
2026-03-07 19:10:55 [INFO] __main__ — L7_slope                                   0.3746     0.6254   0.4050   0.0000
2026-03-07 19:10:55 [INFO] __main__ — L7_delta_seg                               0.3753     0.6247   0.4099   0.0000
2026-03-07 19:10:55 [INFO] __main__ — L19_trimmed_mean                           0.6243     0.3757   0.5604   0.0100
2026-03-07 19:10:55 [INFO] __main__ — depth_spread_mid_third                     0.6240     0.3760   0.5734   0.0400
2026-03-07 19:10:55 [INFO] __main__ — depth_spread_slope                         0.3782     0.6218   0.4144   0.0000
2026-03-07 19:10:55 [INFO] __main__ — L3_mean_acceleration                       0.3789     0.6211   0.4084   0.0000
2026-03-07 19:10:55 [INFO] __main__ — L23_early_third                            0.6211     0.3789   0.5523   0.0100
2026-03-07 19:10:55 [INFO] __main__ — L3_ac1                                     0.6210     0.3790   0.6221   0.0200
2026-03-07 19:10:55 [INFO] __main__ — L0_std_acceleration                        0.6207     0.3793   0.5490   0.0200
2026-03-07 19:10:55 [INFO] __main__ — L23_peak_density                           0.6206     0.3794   0.5633   0.0000
2026-03-07 19:10:55 [INFO] __main__ — L0_mean_peak_height                        0.6169     0.3831   0.5480   0.0300
2026-03-07 19:10:55 [INFO] __main__ — L19_late_third                             0.3833     0.6167   0.4157   0.0000
2026-03-07 19:10:55 [INFO] __main__ — L15_mean_peak_height                       0.6163     0.3837   0.5519   0.0000
2026-03-07 19:10:55 [INFO] __main__ — L7_ac1                                     0.6146     0.3854   0.5537   0.0000
2026-03-07 19:10:55 [INFO] __main__ — L27_range                                  0.6136     0.3864   0.6140   0.0300
2026-03-07 19:10:55 [INFO] __main__ — L27_max                                    0.6131     0.3869   0.6132   0.0300
2026-03-07 19:10:55 [INFO] __main__ — depth_spread_mean                          0.6129     0.3871   0.5424   0.0000
2026-03-07 19:10:55 [INFO] __main__ — depth_spread_trimmed_mean                  0.6129     0.3871   0.5424   0.0000
2026-03-07 19:10:55 [INFO] __main__ — L0_total_variation_norm                    0.6122     0.3878   0.5570   0.0200
2026-03-07 19:10:55 [INFO] __main__ — L23_peak_pos                               0.3881     0.6119   0.4189   0.0000
2026-03-07 19:10:55 [INFO] __main__ — L15_std                                    0.6118     0.3882   0.5423   0.0000
2026-03-07 19:10:55 [INFO] __main__ — L15_std_acceleration                       0.6112     0.3888   0.5469   0.0000
2026-03-07 19:10:55 [INFO] __main__ — depth_slope                                0.3889     0.6111   0.4191   0.0000
2026-03-07 19:10:55 [INFO] __main__ — L0_std                                     0.6108     0.3892   0.5360   0.0100
2026-03-07 19:10:55 [INFO] __main__ — L23_std                                    0.3892     0.6108   0.4197   0.0100
2026-03-07 19:10:55 [INFO] __main__ — L27_delta_end                              0.3892     0.6108   0.4173   0.0100
2026-03-07 19:10:55 [INFO] __main__ — depth_delta_end                            0.3896     0.6104   0.4180   0.0100
2026-03-07 19:10:55 [INFO] __main__ — L0_mean                                    0.6093     0.3907   0.5530   0.0200
2026-03-07 19:10:55 [INFO] __main__ — L19_monotonicity_up                        0.3910     0.6090   0.4083   0.0000
2026-03-07 19:10:55 [INFO] __main__ — L23_p10                                    0.3911     0.6089   0.4214   0.0000
2026-03-07 19:10:55 [INFO] __main__ — L23_trimmed_mean                           0.3935     0.6065   0.4141   0.0000
2026-03-07 19:10:55 [INFO] __main__ — L3_p10                                     0.6060     0.3940   0.5585   0.0200
2026-03-07 19:10:55 [INFO] __main__ — L19_total_variation_norm                   0.6060     0.3940   0.5319   0.0100
2026-03-07 19:10:55 [INFO] __main__ — L19_mid_vs_ends                            0.6039     0.3961   0.5839   0.0300
2026-03-07 19:10:55 [INFO] __main__ — L15_peak_density                           0.6022     0.3978   0.5538   0.0000
2026-03-07 19:10:55 [INFO] __main__ — L0_mid_vs_ends                             0.3983     0.6017   0.4310   0.0000
2026-03-07 19:10:55 [INFO] __main__ — L23_mean                                   0.4006     0.5994   0.4191   0.0000
2026-03-07 19:10:55 [INFO] __main__ — L27_mean                                   0.4010     0.5990   0.4217   0.0100
2026-03-07 19:10:55 [INFO] __main__ — L27_monotonicity_up                        0.4010     0.5990   0.4146   0.0000
2026-03-07 19:10:55 [INFO] __main__ — L15_frac_above_1std                        0.5981     0.4019   0.5282   0.0000
2026-03-07 19:10:55 [INFO] __main__ — L7_monotonicity_up                         0.4021     0.5979   0.4209   0.0000
2026-03-07 19:10:55 [INFO] __main__ — depth_spread_median                        0.5975     0.4025   0.5559   0.0100
2026-03-07 19:10:55 [INFO] __main__ — L7_peak_pos                                0.4036     0.5964   0.4362   0.0000
2026-03-07 19:10:55 [INFO] __main__ — L0_last_mean                               0.5961     0.4039   0.5397   0.0100
2026-03-07 19:10:55 [INFO] __main__ — L11_mean_peak_height                       0.5957     0.4043   0.5606   0.0000
2026-03-07 19:10:55 [INFO] __main__ — L27_total_variation_norm                   0.4054     0.5946   0.4250   0.0100
2026-03-07 19:10:55 [INFO] __main__ — depth_spearman_rho                         0.4054     0.5946   0.4299   0.0000
2026-03-07 19:10:55 [INFO] __main__ — depth_spread_first_mean                    0.5938     0.4062   0.5487   0.0200
2026-03-07 19:10:55 [INFO] __main__ — depth_spread_early_third                   0.5938     0.4062   0.5487   0.0200
2026-03-07 19:10:55 [INFO] __main__ — L11_mean_acceleration                      0.5937     0.4063   0.5196   0.0100
2026-03-07 19:10:55 [INFO] __main__ — L23_total_variation_norm                   0.4073     0.5927   0.4194   0.0000
2026-03-07 19:10:55 [INFO] __main__ — depth_p10                                  0.5920     0.4080   0.5505   0.0000
2026-03-07 19:10:55 [INFO] __main__ — L23_std_acceleration                       0.4090     0.5910   0.4225   0.0100
2026-03-07 19:10:55 [INFO] __main__ — L19_p90                                    0.5904     0.4096   0.5237   0.0000
2026-03-07 19:10:55 [INFO] __main__ — depth_spread_max                           0.4138     0.5862   0.4372   0.0100
2026-03-07 19:10:55 [INFO] __main__ — L0_ac1                                     0.5853     0.4147   0.5555   0.0000
2026-03-07 19:10:55 [INFO] __main__ — L11_std                                    0.5851     0.4149   0.5384   0.0000
2026-03-07 19:10:55 [INFO] __main__ — L15_mean_acceleration                      0.5843     0.4157   0.5080   0.0000
2026-03-07 19:10:55 [INFO] __main__ — L3_p90                                     0.5841     0.4159   0.5454   0.0200
2026-03-07 19:10:55 [INFO] __main__ — L3_mid_vs_ends                             0.4168     0.5832   0.4388   0.0100
2026-03-07 19:10:55 [INFO] __main__ — depth_peak_pos                             0.4171     0.5829   0.4850   0.0000
2026-03-07 19:10:55 [INFO] __main__ — L3_monotonicity_up                         0.4184     0.5816   0.4279   0.0000
2026-03-07 19:10:55 [INFO] __main__ — L27_ac1                                    0.5795     0.4205   0.5253   0.0000
2026-03-07 19:10:55 [INFO] __main__ — L15_delta_end                              0.5790     0.4210   0.5339   0.0100
2026-03-07 19:10:55 [INFO] __main__ — L15_last_mean                              0.4216     0.5784   0.4357   0.0100
2026-03-07 19:10:55 [INFO] __main__ — L23_median                                 0.4219     0.5781   0.4416   0.0000
2026-03-07 19:10:55 [INFO] __main__ — L23_ac1                                    0.5778     0.4222   0.5207   0.0100
2026-03-07 19:10:55 [INFO] __main__ — depth_spread_peak_pos                      0.4223     0.5777   0.4666   0.0000
2026-03-07 19:10:55 [INFO] __main__ — depth_mid_third                            0.5770     0.4230   0.5702   0.0300
2026-03-07 19:10:55 [INFO] __main__ — depth_spread_early_vs_late                 0.4234     0.5766   0.4403   0.0000
2026-03-07 19:10:55 [INFO] __main__ — L15_monotonicity_up                        0.4243     0.5757   0.4276   0.0000
2026-03-07 19:10:55 [INFO] __main__ — L15_mean                                   0.5755     0.4245   0.5459   0.0200
2026-03-07 19:10:55 [INFO] __main__ — L27_median                                 0.4251     0.5749   0.4318   0.0100
2026-03-07 19:10:55 [INFO] __main__ — L15_late_third                             0.4267     0.5733   0.4436   0.0100
2026-03-07 19:10:55 [INFO] __main__ — L7_std_acceleration                        0.5729     0.4271   0.5147   0.0100
2026-03-07 19:10:55 [INFO] __main__ — L0_late_third                              0.5728     0.4272   0.5100   0.0000
2026-03-07 19:10:55 [INFO] __main__ — depth_spread_last_mean                     0.4273     0.5727   0.4362   0.0000
2026-03-07 19:10:55 [INFO] __main__ — depth_spread_delta_end                     0.4274     0.5726   0.4372   0.0000
2026-03-07 19:10:55 [INFO] __main__ — L11_mean                                   0.5719     0.4281   0.5652   0.0500
2026-03-07 19:10:55 [INFO] __main__ — L7_late_third                              0.4292     0.5708   0.4305   0.0000
2026-03-07 19:10:55 [INFO] __main__ — L27_min                                    0.4294     0.5706   0.4605   0.0000
2026-03-07 19:10:55 [INFO] __main__ — L7_mean                                    0.5701     0.4299   0.5272   0.0000
2026-03-07 19:10:55 [INFO] __main__ — L7_frac_above_1std                         0.4300     0.5700   0.4465   0.0100
2026-03-07 19:10:55 [INFO] __main__ — L15_peak_pos                               0.4301     0.5699   0.4592   0.0000
2026-03-07 19:10:55 [INFO] __main__ — L27_p90                                    0.4311     0.5689   0.4399   0.0100
2026-03-07 19:10:55 [INFO] __main__ — L15_mid_third                              0.5684     0.4316   0.5338   0.0100
2026-03-07 19:10:55 [INFO] __main__ — L23_p90                                    0.4323     0.5677   0.4335   0.0000
2026-03-07 19:10:55 [INFO] __main__ — L7_mid_third                               0.5670     0.4330   0.5345   0.0200
2026-03-07 19:10:55 [INFO] __main__ — L27_first_mean                             0.4339     0.5661   0.4389   0.0000
2026-03-07 19:10:55 [INFO] __main__ — L27_peak_density                           0.4340     0.5660   0.4392   0.0100
2026-03-07 19:10:55 [INFO] __main__ — depth_monotonicity_up                      0.4345     0.5655   0.4363   0.0000
2026-03-07 19:10:55 [INFO] __main__ — L3_std                                     0.5652     0.4348   0.5263   0.0100
2026-03-07 19:10:55 [INFO] __main__ — L3_peak_density                            0.5651     0.4349   0.5333   0.0400
2026-03-07 19:10:55 [INFO] __main__ — depth_spread_mean_peak_height              0.4349     0.5651   0.4604   0.0000
2026-03-07 19:10:55 [INFO] __main__ — depth_spread_peak_density                  0.4350     0.5650   0.4714   0.0000
2026-03-07 19:10:55 [INFO] __main__ — depth_spread_spearman_rho                  0.4363     0.5637   0.4568   0.0200
2026-03-07 19:10:55 [INFO] __main__ — depth_total_variation                      0.4367     0.5633   0.4535   0.0000
2026-03-07 19:10:55 [INFO] __main__ — depth_total_variation_norm                 0.4367     0.5633   0.4535   0.0000
2026-03-07 19:10:55 [INFO] __main__ — L27_spearman_rho                           0.5619     0.4380   0.5222   0.0100
2026-03-07 19:10:55 [INFO] __main__ — depth_mid_vs_ends                          0.5603     0.4397   0.5597   0.0400
2026-03-07 19:10:55 [INFO] __main__ — depth_first_mean                           0.5583     0.4417   0.5121   0.0100
2026-03-07 19:10:55 [INFO] __main__ — depth_early_third                          0.5583     0.4417   0.5121   0.0100
2026-03-07 19:10:55 [INFO] __main__ — L11_mid_third                              0.5579     0.4421   0.5097   0.0100
2026-03-07 19:10:55 [INFO] __main__ — L19_std_acceleration                       0.5576     0.4424   0.4974   0.0000
2026-03-07 19:10:55 [INFO] __main__ — L3_late_third                              0.4432     0.5568   0.4408   0.0000
2026-03-07 19:10:55 [INFO] __main__ — depth_spread_mid_vs_ends                   0.5552     0.4448   0.5372   0.0300
2026-03-07 19:10:55 [INFO] __main__ — L11_delta_end                              0.5544     0.4456   0.5439   0.0200
2026-03-07 19:10:55 [INFO] __main__ — L11_ac1                                    0.5541     0.4459   0.5317   0.0200
2026-03-07 19:10:55 [INFO] __main__ — L27_mean_acceleration                      0.5538     0.4462   0.5120   0.0200
2026-03-07 19:10:55 [INFO] __main__ — L7_last_mean                               0.4463     0.5537   0.4422   0.0000
2026-03-07 19:10:55 [INFO] __main__ — L7_total_variation_norm                    0.5536     0.4464   0.5071   0.0100
2026-03-07 19:10:55 [INFO] __main__ — L19_std                                    0.5535     0.4465   0.5046   0.0100
2026-03-07 19:10:55 [INFO] __main__ — L7_peak_density                            0.5535     0.4466   0.4954   0.0000
2026-03-07 19:10:55 [INFO] __main__ — L19_mean_acceleration                      0.5531     0.4469   0.5100   0.0300
2026-03-07 19:10:55 [INFO] __main__ — L11_monotonicity_up                        0.4472     0.5528   0.4428   0.0000
2026-03-07 19:10:55 [INFO] __main__ — L23_max                                    0.5511     0.4490   0.5623   0.0000
2026-03-07 19:10:55 [INFO] __main__ — L23_range                                  0.5511     0.4490   0.5623   0.0000
2026-03-07 19:10:55 [INFO] __main__ — L23_mean_acceleration                      0.5489     0.4511   0.4868   0.0100
2026-03-07 19:10:55 [INFO] __main__ — L3_delta_end                               0.4513     0.5487   0.4571   0.0100
2026-03-07 19:10:55 [INFO] __main__ — depth_frac_above_1std                      0.5487     0.4513   0.5266   0.0000
2026-03-07 19:10:55 [INFO] __main__ — L15_p10                                    0.4516     0.5484   0.4518   0.0000
2026-03-07 19:10:55 [INFO] __main__ — depth_mean                                 0.5479     0.4521   0.5291   0.0100
2026-03-07 19:10:55 [INFO] __main__ — depth_trimmed_mean                         0.5479     0.4521   0.5291   0.0100
2026-03-07 19:10:55 [INFO] __main__ — L3_mean                                    0.5463     0.4537   0.5023   0.0000
2026-03-07 19:10:55 [INFO] __main__ — L11_std_acceleration                       0.5460     0.4540   0.5065   0.0000
2026-03-07 19:10:55 [INFO] __main__ — L0_monotonicity_up                         0.4542     0.5458   0.4367   0.0000
2026-03-07 19:10:55 [INFO] __main__ — L27_p10                                    0.4546     0.5454   0.4446   0.0000
2026-03-07 19:10:55 [INFO] __main__ — L7_mid_vs_ends                             0.5452     0.4548   0.5192   0.0100
2026-03-07 19:10:55 [INFO] __main__ — L15_trimmed_mean                           0.5450     0.4550   0.5292   0.0200
2026-03-07 19:10:55 [INFO] __main__ — L7_mean_peak_height                        0.5442     0.4558   0.5380   0.0400
2026-03-07 19:10:55 [INFO] __main__ — L11_late_third                             0.4566     0.5434   0.4721   0.0200
2026-03-07 19:10:55 [INFO] __main__ — L3_frac_above_1std                         0.4574     0.5426   0.4513   0.0000
2026-03-07 19:10:55 [INFO] __main__ — L7_p10                                     0.5423     0.4577   0.5074   0.0000
2026-03-07 19:10:55 [INFO] __main__ — L27_delta_seg                              0.5407     0.4593   0.5001   0.0000
2026-03-07 19:10:55 [INFO] __main__ — depth_peak_density                         0.5396     0.4604   0.5208   0.0100
2026-03-07 19:10:55 [INFO] __main__ — L27_early_third                            0.4605     0.5395   0.4541   0.0000
2026-03-07 19:10:55 [INFO] __main__ — L7_frac_below_1std                         0.4607     0.5393   0.4973   0.0000
2026-03-07 19:10:55 [INFO] __main__ — L0_delta_end                               0.4624     0.5376   0.4552   0.0000
2026-03-07 19:10:55 [INFO] __main__ — L11_total_variation_norm                   0.5375     0.4625   0.5114   0.0100
2026-03-07 19:10:55 [INFO] __main__ — L15_ac1                                    0.5367     0.4633   0.5079   0.0100
2026-03-07 19:10:55 [INFO] __main__ — L27_peak_pos                               0.5352     0.4648   0.4972   0.0000
2026-03-07 19:10:55 [INFO] __main__ — L11_trimmed_mean                           0.5331     0.4669   0.5430   0.0500
2026-03-07 19:10:55 [INFO] __main__ — depth_mean_peak_height                     0.5330     0.4670   0.5101   0.0100
2026-03-07 19:10:55 [INFO] __main__ — L27_late_third                             0.4674     0.5326   0.4514   0.0000
2026-03-07 19:10:55 [INFO] __main__ — L23_mid_third                              0.4676     0.5324   0.4990   0.0400
2026-03-07 19:10:55 [INFO] __main__ — L3_mean_peak_height                        0.5297     0.4703   0.5075   0.0300
2026-03-07 19:10:55 [INFO] __main__ — L11_peak_pos                               0.4706     0.5293   0.4741   0.0000
2026-03-07 19:10:55 [INFO] __main__ — depth_mean_acceleration                    0.4708     0.5292   0.4549   0.0100
2026-03-07 19:10:55 [INFO] __main__ — depth_median                               0.5284     0.4716   0.4977   0.0000
2026-03-07 19:10:55 [INFO] __main__ — L19_frac_below_1std                        0.5284     0.4717   0.4864   0.0000
2026-03-07 19:10:55 [INFO] __main__ — depth_p90                                  0.5282     0.4718   0.5360   0.0500
2026-03-07 19:10:55 [INFO] __main__ — L0_p10                                     0.5280     0.4720   0.5124   0.0200
2026-03-07 19:10:55 [INFO] __main__ — L27_mean_peak_height                       0.5279     0.4721   0.5029   0.0000
2026-03-07 19:10:55 [INFO] __main__ — L3_std_acceleration                        0.5274     0.4726   0.5012   0.0100
2026-03-07 19:10:55 [INFO] __main__ — L27_std                                    0.4729     0.5271   0.4635   0.0100
2026-03-07 19:10:55 [INFO] __main__ — depth_spread_monotonicity_up               0.5266     0.4734   0.5026   0.0100
2026-03-07 19:10:55 [INFO] __main__ — L27_std_acceleration                       0.4741     0.5259   0.4640   0.0100
2026-03-07 19:10:55 [INFO] __main__ — L11_p10                                    0.5257     0.4743   0.4950   0.0000
2026-03-07 19:10:55 [INFO] __main__ — depth_spread_mean_acceleration             0.5252     0.4748   0.4985   0.0100
2026-03-07 19:10:55 [INFO] __main__ — L11_median                                 0.5241     0.4759   0.5488   0.0700
2026-03-07 19:10:55 [INFO] __main__ — L3_total_variation_norm                    0.5237     0.4763   0.4957   0.0100
2026-03-07 19:10:55 [INFO] __main__ — L15_frac_below_1std                        0.4774     0.5226   0.4837   0.0000
2026-03-07 19:10:55 [INFO] __main__ — depth_frac_below_1std                      0.5220     0.4780   0.5134   0.0000
2026-03-07 19:10:55 [INFO] __main__ — L7_trimmed_mean                            0.5213     0.4787   0.4971   0.0000
2026-03-07 19:10:55 [INFO] __main__ — L15_mid_vs_ends                            0.5209     0.4791   0.5001   0.0000
2026-03-07 19:10:55 [INFO] __main__ — L11_last_mean                              0.4806     0.5194   0.4816   0.0300
2026-03-07 19:10:55 [INFO] __main__ — L23_mid_vs_ends                            0.5193     0.4807   0.5292   0.0200
2026-03-07 19:10:55 [INFO] __main__ — L19_ac1                                    0.5188     0.4812   0.4795   0.0000
2026-03-07 19:10:55 [INFO] __main__ — L23_frac_above_1std                        0.4819     0.5181   0.4740   0.0000
2026-03-07 19:10:55 [INFO] __main__ — depth_spread_frac_above_1std               0.5173     0.4827   0.5134   0.0000
2026-03-07 19:10:55 [INFO] __main__ — L27_mid_third                              0.4833     0.5167   0.4526   0.0000
2026-03-07 19:10:55 [INFO] __main__ — L27_last_mean                              0.4842     0.5158   0.4610   0.0000
2026-03-07 19:10:55 [INFO] __main__ — depth_spread_late_third                    0.5158     0.4842   0.4821   0.0000
2026-03-07 19:10:55 [INFO] __main__ — depth_std                                  0.4844     0.5156   0.5020   0.0400
2026-03-07 19:10:55 [INFO] __main__ — depth_range                                0.4848     0.5152   0.4866   0.0100
2026-03-07 19:10:55 [INFO] __main__ — L19_frac_above_1std                        0.4853     0.5147   0.4755   0.0100
2026-03-07 19:10:55 [INFO] __main__ — depth_early_vs_late                        0.4856     0.5144   0.4868   0.0300
2026-03-07 19:10:55 [INFO] __main__ — L23_frac_below_1std                        0.4858     0.5142   0.5006   0.0100
2026-03-07 19:10:55 [INFO] __main__ — L3_last_mean                               0.4870     0.5130   0.4698   0.0000
2026-03-07 19:10:55 [INFO] __main__ — L3_mid_third                               0.5127     0.4873   0.4770   0.0100
2026-03-07 19:10:55 [INFO] __main__ — L15_median                                 0.4875     0.5125   0.4993   0.0300
2026-03-07 19:10:55 [INFO] __main__ — L7_median                                  0.5112     0.4888   0.4948   0.0200
2026-03-07 19:10:55 [INFO] __main__ — depth_late_third                           0.5108     0.4892   0.4955   0.0100
2026-03-07 19:10:55 [INFO] __main__ — L11_peak_density                           0.4914     0.5086   0.4913   0.0100
2026-03-07 19:10:55 [INFO] __main__ — depth_spread_frac_below_1std               0.4929     0.5071   0.4986   0.0200
2026-03-07 19:10:55 [INFO] __main__ — L3_trimmed_mean                            0.5063     0.4937   0.4635   0.0000
2026-03-07 19:10:55 [INFO] __main__ — L27_frac_below_1std                        0.4950     0.5050   0.5000   0.0000
2026-03-07 19:10:55 [INFO] __main__ — depth_spread_p90                           0.5048     0.4952   0.4831   0.0000
2026-03-07 19:10:55 [INFO] __main__ — L27_mid_vs_ends                            0.4958     0.5042   0.4651   0.0000
2026-03-07 19:10:55 [INFO] __main__ — L11_frac_below_1std                        0.4959     0.5041   0.5073   0.0100
2026-03-07 19:10:55 [INFO] __main__ — L11_frac_above_1std                        0.4961     0.5039   0.4696   0.0000
2026-03-07 19:10:55 [INFO] __main__ — L19_delta_end                              0.4966     0.5034   0.4704   0.0000
2026-03-07 19:10:55 [INFO] __main__ — L27_early_vs_late                          0.4970     0.5030   0.4749   0.0000
2026-03-07 19:10:55 [INFO] __main__ — L11_mid_vs_ends                            0.4971     0.5029   0.4721   0.0000
2026-03-07 19:10:55 [INFO] __main__ — L7_delta_end                               0.4974     0.5026   0.5183   0.0000
2026-03-07 19:10:55 [INFO] __main__ — depth_max                                  0.5015     0.4985   0.4988   0.0100
2026-03-07 19:10:55 [INFO] __main__ — L19_mean_peak_height                       0.4986     0.5014   0.4785   0.0000
2026-03-07 19:10:55 [INFO] __main__ — L27_slope                                  0.5007     0.4993   0.4614   0.0000
2026-03-07 19:10:55 [INFO] __main__ — L0_min                                     0.5000     0.5000   0.5000   0.0000
2026-03-07 19:10:55 [INFO] __main__ — L0_frac_below_1std                         0.5000     0.5000   0.5000   0.0000
2026-03-07 19:10:55 [INFO] __main__ — L3_min                                     0.5000     0.5000   0.5000   0.0000
2026-03-07 19:10:55 [INFO] __main__ — L3_frac_below_1std                         0.5000     0.5000   0.5000   0.0000
2026-03-07 19:10:55 [INFO] __main__ — L7_min                                     0.5000     0.5000   0.5000   0.0000
2026-03-07 19:10:55 [INFO] __main__ — L11_min                                    0.5000     0.5000   0.5000   0.0000
2026-03-07 19:10:55 [INFO] __main__ — L15_min                                    0.5000     0.5000   0.5000   0.0000
2026-03-07 19:10:55 [INFO] __main__ — L19_min                                    0.5000     0.5000   0.5000   0.0000
2026-03-07 19:10:55 [INFO] __main__ — L23_min                                    0.5000     0.5000   0.5000   0.0000
2026-03-07 19:10:55 [INFO] __main__ — depth_frac_above_q                         0.5000     0.5000   0.5000   0.0000
2026-03-07 19:10:55 [INFO] __main__ — depth_spread_frac_above_q                  0.5000     0.5000   0.5000   0.0000
2026-03-07 19:10:55 [INFO] __main__ — ================================================================================
