2026-03-07 18:58:09 [INFO] __main__ — ================================================================================
2026-03-07 18:58:09 [INFO] __main__ — INTERMEDIATE LAYER ENTROPY METRICS
2026-03-07 18:58:09 [INFO] __main__ — ================================================================================
2026-03-07 18:58:09 [INFO] __main__ — Device          : cuda
2026-03-07 18:58:09 [INFO] __main__ — Model path      : google/gemma-7b
2026-03-07 18:58:09 [INFO] __main__ — N probe layers  : 8
2026-03-07 18:58:09 [INFO] __main__ — Score key(s)    : ALL
2026-03-07 18:58:09 [INFO] __main__ — ================================================================================
2026-03-07 18:58:09 [INFO] __main__ — [1/4] Loading test data...
2026-03-07 18:58:09 [INFO] __main__ — Loading all available prompts (n_test=max)
2026-03-07 18:58:09 [INFO] httpx — HTTP Request: HEAD https://huggingface.co/datasets/HuggingFaceH4/ultrachat_200k/resolve/main/README.md "HTTP/1.1 307 Temporary Redirect"
2026-03-07 18:58:09 [INFO] httpx — HTTP Request: HEAD https://huggingface.co/api/resolve-cache/datasets/HuggingFaceH4/ultrachat_200k/8049631c405ae6576f93f445c6b8166f76f5505a/README.md "HTTP/1.1 200 OK"
2026-03-07 18:58:09 [INFO] httpx — HTTP Request: HEAD https://huggingface.co/datasets/HuggingFaceH4/ultrachat_200k/resolve/8049631c405ae6576f93f445c6b8166f76f5505a/ultrachat_200k.py "HTTP/1.1 404 Not Found"
2026-03-07 18:58:10 [INFO] httpx — HTTP Request: HEAD https://s3.amazonaws.com/datasets.huggingface.co/datasets/datasets/HuggingFaceH4/ultrachat_200k/HuggingFaceH4/ultrachat_200k.py "HTTP/1.1 404 Not Found"
2026-03-07 18:58:10 [INFO] httpx — HTTP Request: GET https://huggingface.co/api/datasets/HuggingFaceH4/ultrachat_200k/revision/8049631c405ae6576f93f445c6b8166f76f5505a "HTTP/1.1 200 OK"
2026-03-07 18:58:10 [INFO] httpx — HTTP Request: HEAD https://huggingface.co/datasets/HuggingFaceH4/ultrachat_200k/resolve/8049631c405ae6576f93f445c6b8166f76f5505a/.huggingface.yaml "HTTP/1.1 404 Not Found"
2026-03-07 18:58:10 [INFO] httpx — HTTP Request: GET https://datasets-server.huggingface.co/info?dataset=HuggingFaceH4/ultrachat_200k "HTTP/1.1 200 OK"
2026-03-07 18:58:10 [INFO] httpx — HTTP Request: GET https://huggingface.co/api/datasets/HuggingFaceH4/ultrachat_200k/tree/8049631c405ae6576f93f445c6b8166f76f5505a/data?recursive=true&expand=false "HTTP/1.1 200 OK"
2026-03-07 18:58:10 [INFO] httpx — HTTP Request: GET https://huggingface.co/api/datasets/HuggingFaceH4/ultrachat_200k/tree/8049631c405ae6576f93f445c6b8166f76f5505a?recursive=false&expand=false "HTTP/1.1 200 OK"
2026-03-07 18:58:11 [INFO] httpx — HTTP Request: HEAD https://huggingface.co/datasets/HuggingFaceH4/ultrachat_200k/resolve/8049631c405ae6576f93f445c6b8166f76f5505a/dataset_infos.json "HTTP/1.1 404 Not Found"
2026-03-07 18:58:14 [INFO] httpx — HTTP Request: HEAD https://huggingface.co/datasets/walledai/AdvBench/resolve/main/README.md "HTTP/1.1 200 OK"
2026-03-07 18:58:14 [INFO] httpx — HTTP Request: HEAD https://huggingface.co/datasets/walledai/AdvBench/resolve/9d4730540082fa4017450b65ca1c0e1d8d30446e/AdvBench.py "HTTP/1.1 404 Not Found"
2026-03-07 18:58:14 [INFO] httpx — HTTP Request: HEAD https://s3.amazonaws.com/datasets.huggingface.co/datasets/datasets/walledai/AdvBench/walledai/AdvBench.py "HTTP/1.1 404 Not Found"
2026-03-07 18:58:14 [INFO] httpx — HTTP Request: GET https://huggingface.co/api/datasets/walledai/AdvBench/revision/9d4730540082fa4017450b65ca1c0e1d8d30446e "HTTP/1.1 200 OK"
2026-03-07 18:58:14 [INFO] httpx — HTTP Request: HEAD https://huggingface.co/datasets/walledai/AdvBench/resolve/9d4730540082fa4017450b65ca1c0e1d8d30446e/.huggingface.yaml "HTTP/1.1 404 Not Found"
2026-03-07 18:58:14 [INFO] httpx — HTTP Request: GET https://datasets-server.huggingface.co/info?dataset=walledai/AdvBench "HTTP/1.1 200 OK"
2026-03-07 18:58:14 [INFO] httpx — HTTP Request: GET https://huggingface.co/api/datasets/walledai/AdvBench/tree/9d4730540082fa4017450b65ca1c0e1d8d30446e/data?recursive=true&expand=false "HTTP/1.1 200 OK"
2026-03-07 18:58:15 [INFO] httpx — HTTP Request: GET https://huggingface.co/api/datasets/walledai/AdvBench/tree/9d4730540082fa4017450b65ca1c0e1d8d30446e?recursive=false&expand=false "HTTP/1.1 200 OK"
2026-03-07 18:58:15 [INFO] httpx — HTTP Request: HEAD https://huggingface.co/datasets/walledai/AdvBench/resolve/9d4730540082fa4017450b65ca1c0e1d8d30446e/dataset_infos.json "HTTP/1.1 404 Not Found"
2026-03-07 18:58:15 [INFO] __main__ —   Safe: 520  |  Harmful: 520
2026-03-07 18:58:15 [INFO] __main__ — [2/4] Loading model...
2026-03-07 18:58:15 [INFO] httpx — HTTP Request: HEAD https://huggingface.co/google/gemma-7b/resolve/main/config.json "HTTP/1.1 200 OK"
2026-03-07 18:58:15 [INFO] httpx — HTTP Request: GET https://huggingface.co/google/gemma-7b/resolve/main/config.json "HTTP/1.1 200 OK"
2026-03-07 18:58:15 [INFO] httpx — HTTP Request: HEAD https://huggingface.co/google/gemma-7b/resolve/main/tokenizer_config.json "HTTP/1.1 200 OK"
2026-03-07 18:58:15 [INFO] httpx — HTTP Request: GET https://huggingface.co/google/gemma-7b/resolve/main/tokenizer_config.json "HTTP/1.1 200 OK"
2026-03-07 18:58:15 [INFO] httpx — HTTP Request: GET https://huggingface.co/api/models/google/gemma-7b/tree/main/additional_chat_templates?recursive=false&expand=false "HTTP/1.1 404 Not Found"
2026-03-07 18:58:16 [INFO] httpx — HTTP Request: GET https://huggingface.co/api/models/google/gemma-7b/tree/main?recursive=true&expand=false "HTTP/1.1 200 OK"
2026-03-07 18:58:16 [INFO] httpx — HTTP Request: HEAD https://huggingface.co/google/gemma-7b/resolve/main/tokenizer.json "HTTP/1.1 302 Found"
2026-03-07 18:58:16 [INFO] httpx — HTTP Request: GET https://huggingface.co/api/models/google/gemma-7b/xet-read-token/ff6768d9368919a1f025a54f9f5aa0ee591730bb "HTTP/1.1 200 OK"
2026-03-07 18:58:17 [INFO] httpx — HTTP Request: HEAD https://huggingface.co/google/gemma-7b/resolve/main/added_tokens.json "HTTP/1.1 404 Not Found"
2026-03-07 18:58:17 [INFO] httpx — HTTP Request: HEAD https://huggingface.co/google/gemma-7b/resolve/main/special_tokens_map.json "HTTP/1.1 200 OK"
2026-03-07 18:58:17 [INFO] httpx — HTTP Request: GET https://huggingface.co/google/gemma-7b/resolve/main/special_tokens_map.json "HTTP/1.1 200 OK"
2026-03-07 18:58:17 [INFO] httpx — HTTP Request: HEAD https://huggingface.co/google/gemma-7b/resolve/main/chat_template.jinja "HTTP/1.1 404 Not Found"
2026-03-07 18:58:19 [INFO] httpx — HTTP Request: HEAD https://huggingface.co/google/gemma-7b/resolve/main/config.json "HTTP/1.1 200 OK"
2026-03-07 18:58:20 [INFO] httpx — HTTP Request: HEAD https://huggingface.co/google/gemma-7b/resolve/main/adapter_config.json "HTTP/1.1 404 Not Found"
2026-03-07 18:58:20 [INFO] httpx — HTTP Request: HEAD https://huggingface.co/google/gemma-7b/resolve/main/config.json "HTTP/1.1 200 OK"
2026-03-07 18:58:20 [INFO] httpx — HTTP Request: HEAD https://huggingface.co/google/gemma-7b/resolve/main/model.safetensors "HTTP/1.1 404 Not Found"
2026-03-07 18:58:20 [INFO] httpx — HTTP Request: HEAD https://huggingface.co/google/gemma-7b/resolve/main/model.safetensors.index.json "HTTP/1.1 200 OK"
2026-03-07 18:58:20 [INFO] httpx — HTTP Request: GET https://huggingface.co/google/gemma-7b/resolve/main/model.safetensors.index.json "HTTP/1.1 200 OK"
2026-03-07 18:58:20 [INFO] httpx — HTTP Request: GET https://huggingface.co/api/models/google/gemma-7b/revision/main "HTTP/1.1 200 OK"
2026-03-07 18:58:20 [INFO] httpx — HTTP Request: HEAD https://huggingface.co/google/gemma-7b/resolve/ff6768d9368919a1f025a54f9f5aa0ee591730bb/model-00001-of-00004.safetensors "HTTP/1.1 302 Found"
2026-03-07 18:58:20 [INFO] httpx — HTTP Request: HEAD https://huggingface.co/google/gemma-7b/resolve/ff6768d9368919a1f025a54f9f5aa0ee591730bb/model-00002-of-00004.safetensors "HTTP/1.1 302 Found"
2026-03-07 18:58:20 [INFO] httpx — HTTP Request: HEAD https://huggingface.co/google/gemma-7b/resolve/ff6768d9368919a1f025a54f9f5aa0ee591730bb/model-00004-of-00004.safetensors "HTTP/1.1 302 Found"
2026-03-07 18:58:20 [INFO] httpx — HTTP Request: HEAD https://huggingface.co/google/gemma-7b/resolve/ff6768d9368919a1f025a54f9f5aa0ee591730bb/model-00003-of-00004.safetensors "HTTP/1.1 302 Found"
2026-03-07 18:58:50 [INFO] httpx — HTTP Request: HEAD https://huggingface.co/google/gemma-7b/resolve/main/generation_config.json "HTTP/1.1 200 OK"
2026-03-07 18:58:50 [INFO] httpx — HTTP Request: GET https://huggingface.co/google/gemma-7b/resolve/main/generation_config.json "HTTP/1.1 200 OK"
2026-03-07 18:58:50 [INFO] __main__ —   Running base model (no LoRA adapter)
2026-03-07 18:58:50 [INFO] __main__ —   n_layers        : 28
2026-03-07 18:58:50 [INFO] __main__ —   layers_to_probe : [0, 3, 7, 11, 15, 19, 23, 27]
2026-03-07 18:58:50 [INFO] __main__ —   Total features  : 320
2026-03-07 18:58:50 [INFO] __main__ — [3/4] Computing intermediate entropy features...
2026-03-07 18:58:50 [INFO] __main__ —   Processing SAFE prompts...
2026-03-07 19:01:47 [INFO] __main__ —   Processing HARMFUL prompts...
2026-03-07 19:02:32 [INFO] __main__ — [4/4] Evaluating detection metrics...
2026-03-07 19:02:34 [INFO] __main__ — Saved results to: results/intermediate_entropy/intermediate_entropy_all_keys_20260307_190233.json
2026-03-07 19:02:34 [INFO] __main__ — ================================================================================
2026-03-07 19:02:34 [INFO] __main__ — key                                         AUROC AUROC_flip       AP   TPR@1%
2026-03-07 19:02:34 [INFO] __main__ — --------------------------------------------------------------------------------
2026-03-07 19:02:34 [INFO] __main__ — L11_total_variation                        0.0687     0.9313   0.3179   0.0000
2026-03-07 19:02:34 [INFO] __main__ — L15_total_variation                        0.0706     0.9294   0.3186   0.0000
2026-03-07 19:02:34 [INFO] __main__ — L7_total_variation                         0.0744     0.9256   0.3192   0.0000
2026-03-07 19:02:34 [INFO] __main__ — L27_total_variation                        0.0763     0.9237   0.3194   0.0000
2026-03-07 19:02:34 [INFO] __main__ — L23_total_variation                        0.0801     0.9199   0.3204   0.0000
2026-03-07 19:02:34 [INFO] __main__ — L19_total_variation                        0.0842     0.9158   0.3215   0.0000
2026-03-07 19:02:34 [INFO] __main__ — L3_total_variation                         0.0867     0.9133   0.3215   0.0000
2026-03-07 19:02:34 [INFO] __main__ — L3_first_mean                              0.1092     0.8908   0.3314   0.0019
2026-03-07 19:02:34 [INFO] __main__ — L0_ac1                                     0.1170     0.8830   0.3402   0.0154
2026-03-07 19:02:34 [INFO] __main__ — L0_first_mean                              0.1269     0.8731   0.3569   0.0288
2026-03-07 19:02:34 [INFO] __main__ — L3_early_third                             0.1275     0.8725   0.3344   0.0019
2026-03-07 19:02:34 [INFO] __main__ — L11_max                                    0.1299     0.8701   0.3270   0.0000
2026-03-07 19:02:34 [INFO] __main__ — L11_range                                  0.1299     0.8701   0.3270   0.0000
2026-03-07 19:02:34 [INFO] __main__ — L15_max                                    0.1304     0.8696   0.3268   0.0000
2026-03-07 19:02:34 [INFO] __main__ — L15_range                                  0.1304     0.8696   0.3268   0.0000
2026-03-07 19:02:34 [INFO] __main__ — L0_frac_above_1std                         0.8554     0.1446   0.8185   0.0538
2026-03-07 19:02:34 [INFO] __main__ — L11_early_third                            0.1448     0.8552   0.3391   0.0077
2026-03-07 19:02:34 [INFO] __main__ — L7_max                                     0.1452     0.8548   0.3319   0.0019
2026-03-07 19:02:34 [INFO] __main__ — L7_range                                   0.1452     0.8548   0.3319   0.0019
2026-03-07 19:02:34 [INFO] __main__ — L11_first_mean                             0.1481     0.8519   0.3426   0.0058
2026-03-07 19:02:34 [INFO] __main__ — L15_early_third                            0.1486     0.8514   0.3335   0.0000
2026-03-07 19:02:34 [INFO] __main__ — L0_early_third                             0.1497     0.8503   0.3774   0.0519
2026-03-07 19:02:34 [INFO] __main__ — L27_range                                  0.1551     0.8449   0.3349   0.0077
2026-03-07 19:02:34 [INFO] __main__ — L27_max                                    0.1553     0.8447   0.3356   0.0077
2026-03-07 19:02:34 [INFO] __main__ — L3_max                                     0.1574     0.8426   0.3329   0.0000
2026-03-07 19:02:34 [INFO] __main__ — L3_range                                   0.1574     0.8426   0.3329   0.0000
2026-03-07 19:02:34 [INFO] __main__ — L15_first_mean                             0.1591     0.8409   0.3386   0.0000
2026-03-07 19:02:34 [INFO] __main__ — L15_spearman_rho                           0.8383     0.1617   0.7937   0.0731
2026-03-07 19:02:34 [INFO] __main__ — L27_p10                                    0.8376     0.1624   0.8492   0.1615
2026-03-07 19:02:34 [INFO] __main__ — L0_total_variation                         0.1711     0.8289   0.3396   0.0000
2026-03-07 19:02:34 [INFO] __main__ — L0_frac_above_q                            0.8271     0.1729   0.8261   0.0000
2026-03-07 19:02:34 [INFO] __main__ — L3_frac_above_q                            0.8271     0.1729   0.8261   0.0000
2026-03-07 19:02:34 [INFO] __main__ — L7_frac_above_q                            0.8271     0.1729   0.8261   0.0000
2026-03-07 19:02:34 [INFO] __main__ — L11_frac_above_q                           0.8271     0.1729   0.8261   0.0000
2026-03-07 19:02:34 [INFO] __main__ — L15_frac_above_q                           0.8271     0.1729   0.8261   0.0000
2026-03-07 19:02:34 [INFO] __main__ — L19_frac_above_q                           0.8271     0.1729   0.8261   0.0000
2026-03-07 19:02:34 [INFO] __main__ — L23_frac_above_q                           0.8271     0.1729   0.8261   0.0000
2026-03-07 19:02:34 [INFO] __main__ — L27_frac_above_q                           0.8271     0.1729   0.8261   0.0000
2026-03-07 19:02:34 [INFO] __main__ — L19_spearman_rho                           0.8130     0.1870   0.7897   0.0500
2026-03-07 19:02:34 [INFO] __main__ — L15_slope                                  0.8107     0.1893   0.7931   0.0519
2026-03-07 19:02:34 [INFO] __main__ — L19_max                                    0.1907     0.8093   0.3457   0.0038
2026-03-07 19:02:34 [INFO] __main__ — L19_range                                  0.1907     0.8093   0.3457   0.0038
2026-03-07 19:02:34 [INFO] __main__ — L19_slope                                  0.7968     0.2032   0.8104   0.1115
2026-03-07 19:02:34 [INFO] __main__ — depth_spread_monotonicity_up               0.2068     0.7932   0.3678   0.0115
2026-03-07 19:02:34 [INFO] __main__ — L0_spearman_rho                            0.7889     0.2111   0.8059   0.1288
2026-03-07 19:02:34 [INFO] __main__ — L11_slope                                  0.7864     0.2136   0.7952   0.0865
2026-03-07 19:02:34 [INFO] __main__ — L15_early_vs_late                          0.7826     0.2174   0.7454   0.0558
2026-03-07 19:02:34 [INFO] __main__ — depth_spread_ac1                           0.2176     0.7824   0.3642   0.0135
2026-03-07 19:02:34 [INFO] __main__ — L23_max                                    0.2202     0.7798   0.3531   0.0000
2026-03-07 19:02:34 [INFO] __main__ — L23_range                                  0.2202     0.7798   0.3531   0.0000
2026-03-07 19:02:34 [INFO] __main__ — L11_spearman_rho                           0.7783     0.2217   0.7733   0.0615
2026-03-07 19:02:34 [INFO] __main__ — L27_min                                    0.7746     0.2254   0.7790   0.2404
2026-03-07 19:02:34 [INFO] __main__ — depth_spread_median                        0.2259     0.7741   0.3609   0.0077
2026-03-07 19:02:34 [INFO] __main__ — depth_ac1                                  0.2261     0.7739   0.3703   0.0135
2026-03-07 19:02:34 [INFO] __main__ — L19_early_third                            0.2275     0.7725   0.3629   0.0077
2026-03-07 19:02:34 [INFO] __main__ — L19_first_mean                             0.2318     0.7682   0.3644   0.0058
2026-03-07 19:02:34 [INFO] __main__ — L11_early_vs_late                          0.7680     0.2320   0.7673   0.0596
2026-03-07 19:02:34 [INFO] __main__ — L3_spearman_rho                            0.7665     0.2335   0.7981   0.1769
2026-03-07 19:02:34 [INFO] __main__ — L23_monotonicity_up                        0.7611     0.2389   0.7893   0.1212
2026-03-07 19:02:34 [INFO] __main__ — L19_early_vs_late                          0.7608     0.2392   0.7654   0.0577
2026-03-07 19:02:34 [INFO] __main__ — L23_spearman_rho                           0.7605     0.2395   0.7930   0.1192
2026-03-07 19:02:34 [INFO] __main__ — L27_p90                                    0.2398     0.7602   0.3753   0.0135
2026-03-07 19:02:34 [INFO] __main__ — depth_spread_mean                          0.2400     0.7600   0.3780   0.0077
2026-03-07 19:02:34 [INFO] __main__ — depth_spread_trimmed_mean                  0.2400     0.7600   0.3780   0.0077
2026-03-07 19:02:34 [INFO] __main__ — L15_delta_seg                              0.7543     0.2457   0.7302   0.0308
2026-03-07 19:02:34 [INFO] __main__ — L3_ac1                                     0.2530     0.7470   0.3898   0.0250
2026-03-07 19:02:34 [INFO] __main__ — depth_spread_std_acceleration              0.7456     0.2544   0.7384   0.0538
2026-03-07 19:02:34 [INFO] __main__ — L19_delta_seg                              0.7417     0.2583   0.7519   0.0615
2026-03-07 19:02:34 [INFO] __main__ — L19_monotonicity_up                        0.7413     0.2587   0.7618   0.0692
2026-03-07 19:02:34 [INFO] __main__ — L15_p90                                    0.2623     0.7377   0.3843   0.0096
2026-03-07 19:02:34 [INFO] __main__ — depth_spread_late_third                    0.2661     0.7339   0.4016   0.0173
2026-03-07 19:02:34 [INFO] __main__ — L27_delta_end                              0.7327     0.2673   0.7671   0.1885
2026-03-07 19:02:34 [INFO] __main__ — depth_spread_delta_end                     0.2684     0.7316   0.4146   0.0346
2026-03-07 19:02:34 [INFO] __main__ — L27_mean_peak_height                       0.2722     0.7278   0.4355   0.0442
2026-03-07 19:02:34 [INFO] __main__ — L19_peak_density                           0.2731     0.7269   0.4385   0.0212
2026-03-07 19:02:34 [INFO] __main__ — L27_std_acceleration                       0.2733     0.7267   0.4238   0.0365
2026-03-07 19:02:34 [INFO] __main__ — L27_std                                    0.2771     0.7229   0.4196   0.0346
2026-03-07 19:02:34 [INFO] __main__ — L11_delta_seg                              0.7199     0.2801   0.7187   0.0712
2026-03-07 19:02:34 [INFO] __main__ — L11_p90                                    0.2816     0.7184   0.3823   0.0038
2026-03-07 19:02:34 [INFO] __main__ — depth_monotonicity_up                      0.2851     0.7149   0.4101   0.0231
2026-03-07 19:02:34 [INFO] __main__ — L7_mean_acceleration                       0.2853     0.7147   0.4636   0.0442
2026-03-07 19:02:34 [INFO] __main__ — depth_delta_end                            0.2913     0.7087   0.4089   0.0154
2026-03-07 19:02:34 [INFO] __main__ — L3_slope                                   0.7009     0.2991   0.7739   0.1596
2026-03-07 19:02:34 [INFO] __main__ — L3_early_vs_late                           0.6982     0.3018   0.7338   0.1462
2026-03-07 19:02:34 [INFO] __main__ — depth_spread_total_variation               0.6965     0.3035   0.6986   0.0558
2026-03-07 19:02:34 [INFO] __main__ — depth_spread_total_variation_norm          0.6965     0.3035   0.6986   0.0558
2026-03-07 19:02:34 [INFO] __main__ — depth_spread_mid_third                     0.3055     0.6945   0.4094   0.0077
2026-03-07 19:02:34 [INFO] __main__ — depth_spread_last_mean                     0.3056     0.6944   0.4380   0.0385
2026-03-07 19:02:34 [INFO] __main__ — L0_max                                     0.3090     0.6910   0.3800   0.0000
2026-03-07 19:02:34 [INFO] __main__ — L0_range                                   0.3090     0.6910   0.3800   0.0000
2026-03-07 19:02:34 [INFO] __main__ — L27_early_third                            0.3132     0.6868   0.4529   0.0385
2026-03-07 19:02:34 [INFO] __main__ — L0_last_mean                               0.3134     0.6866   0.4960   0.1192
2026-03-07 19:02:34 [INFO] __main__ — L3_p90                                     0.3151     0.6849   0.4369   0.0096
2026-03-07 19:02:34 [INFO] __main__ — L15_std                                    0.3153     0.6847   0.4244   0.0154
2026-03-07 19:02:34 [INFO] __main__ — L7_spearman_rho                            0.6844     0.3156   0.7308   0.1327
2026-03-07 19:02:34 [INFO] __main__ — L27_total_variation_norm                   0.3159     0.6841   0.4346   0.0250
2026-03-07 19:02:34 [INFO] __main__ — L0_median                                  0.3160     0.6840   0.4310   0.0346
2026-03-07 19:02:34 [INFO] __main__ — L27_peak_density                           0.3167     0.6833   0.4554   0.0269
2026-03-07 19:02:34 [INFO] __main__ — L27_mean                                   0.3182     0.6818   0.4254   0.0231
2026-03-07 19:02:34 [INFO] __main__ — depth_mean                                 0.3210     0.6790   0.4221   0.0115
2026-03-07 19:02:34 [INFO] __main__ — depth_trimmed_mean                         0.3210     0.6790   0.4221   0.0115
2026-03-07 19:02:34 [INFO] __main__ — L11_std                                    0.3214     0.6786   0.4235   0.0096
2026-03-07 19:02:34 [INFO] __main__ — L27_monotonicity_up                        0.6769     0.3231   0.7931   0.3288
2026-03-07 19:02:34 [INFO] __main__ — depth_std_acceleration                     0.6768     0.3232   0.6869   0.0423
2026-03-07 19:02:34 [INFO] __main__ — L15_peak_density                           0.3258     0.6742   0.4680   0.0269
2026-03-07 19:02:34 [INFO] __main__ — L15_monotonicity_up                        0.6728     0.3272   0.7156   0.0788
2026-03-07 19:02:34 [INFO] __main__ — depth_spread_p10                           0.3275     0.6725   0.4209   0.0135
2026-03-07 19:02:34 [INFO] __main__ — L11_mean                                   0.3276     0.6724   0.4253   0.0096
2026-03-07 19:02:34 [INFO] __main__ — L27_first_mean                             0.3285     0.6715   0.4587   0.0615
2026-03-07 19:02:34 [INFO] __main__ — L15_peak_pos                               0.6697     0.3303   0.6330   0.0000
2026-03-07 19:02:34 [INFO] __main__ — L27_mid_third                              0.3308     0.6692   0.4720   0.0577
2026-03-07 19:02:34 [INFO] __main__ — L7_p90                                     0.3309     0.6691   0.4291   0.0212
2026-03-07 19:02:34 [INFO] __main__ — depth_spread_peak_density                  0.6655     0.3345   0.6134   0.0212
2026-03-07 19:02:34 [INFO] __main__ — L15_mean                                   0.3393     0.6607   0.4469   0.0250
2026-03-07 19:02:34 [INFO] __main__ — depth_late_third                           0.3397     0.6603   0.4355   0.0096
2026-03-07 19:02:34 [INFO] __main__ — L27_ac1                                    0.3441     0.6559   0.4980   0.0615
2026-03-07 19:02:34 [INFO] __main__ — L23_delta_end                              0.6558     0.3442   0.6651   0.0538
2026-03-07 19:02:34 [INFO] __main__ — L11_peak_density                           0.3463     0.6537   0.4849   0.0250
2026-03-07 19:02:34 [INFO] __main__ — L15_std_acceleration                       0.3480     0.6520   0.4604   0.0173
2026-03-07 19:02:34 [INFO] __main__ — L3_delta_seg                               0.6508     0.3492   0.6756   0.1173
2026-03-07 19:02:34 [INFO] __main__ — depth_spread_mean_peak_height              0.6504     0.3496   0.6138   0.0462
2026-03-07 19:02:34 [INFO] __main__ — L27_late_third                             0.3500     0.6500   0.4635   0.0385
2026-03-07 19:02:34 [INFO] __main__ — L7_std                                     0.3502     0.6498   0.4595   0.0404
2026-03-07 19:02:34 [INFO] __main__ — depth_median                               0.3518     0.6482   0.4436   0.0231
2026-03-07 19:02:34 [INFO] __main__ — L3_std                                     0.3525     0.6475   0.4737   0.0250
2026-03-07 19:02:34 [INFO] __main__ — L19_peak_pos                               0.6431     0.3569   0.6384   0.0000
2026-03-07 19:02:34 [INFO] __main__ — L23_mean_acceleration                      0.3575     0.6425   0.5521   0.1288
2026-03-07 19:02:34 [INFO] __main__ — L11_peak_pos                               0.6416     0.3584   0.6140   0.0000
2026-03-07 19:02:34 [INFO] __main__ — L15_total_variation_norm                   0.3590     0.6410   0.4736   0.0308
2026-03-07 19:02:34 [INFO] __main__ — L11_median                                 0.3600     0.6400   0.4424   0.0231
2026-03-07 19:02:34 [INFO] __main__ — L11_monotonicity_up                        0.6397     0.3603   0.6886   0.1269
2026-03-07 19:02:34 [INFO] __main__ — L23_late_third                             0.6395     0.3605   0.7045   0.0769
2026-03-07 19:02:34 [INFO] __main__ — depth_mid_third                            0.3618     0.6382   0.4566   0.0212
2026-03-07 19:02:34 [INFO] __main__ — L0_early_vs_late                           0.6375     0.3625   0.6805   0.1712
2026-03-07 19:02:34 [INFO] __main__ — depth_early_vs_late                        0.3631     0.6369   0.4624   0.0250
2026-03-07 19:02:34 [INFO] __main__ — L27_last_mean                              0.3649     0.6351   0.4830   0.0404
2026-03-07 19:02:34 [INFO] __main__ — L11_mean_peak_height                       0.3659     0.6341   0.4814   0.0308
2026-03-07 19:02:34 [INFO] __main__ — L19_median                                 0.3665     0.6335   0.5060   0.0615
2026-03-07 19:02:34 [INFO] __main__ — L15_mean_peak_height                       0.3671     0.6329   0.4788   0.0115
2026-03-07 19:02:34 [INFO] __main__ — L19_p90                                    0.3683     0.6317   0.4805   0.0462
2026-03-07 19:02:34 [INFO] __main__ — L3_peak_pos                                0.6306     0.3694   0.6060   0.0538
2026-03-07 19:02:34 [INFO] __main__ — L3_mean                                    0.3700     0.6300   0.4680   0.0077
2026-03-07 19:02:34 [INFO] __main__ — L23_slope                                  0.6296     0.3704   0.7351   0.0846
2026-03-07 19:02:34 [INFO] __main__ — depth_spread_slope                         0.3708     0.6292   0.5002   0.0577
2026-03-07 19:02:34 [INFO] __main__ — L7_monotonicity_up                         0.6288     0.3712   0.6727   0.0500
2026-03-07 19:02:34 [INFO] __main__ — L11_std_acceleration                       0.3717     0.6283   0.4889   0.0500
2026-03-07 19:02:34 [INFO] __main__ — L0_total_variation_norm                    0.6275     0.3725   0.7403   0.2173
2026-03-07 19:02:34 [INFO] __main__ — depth_slope                                0.3744     0.6256   0.4717   0.0385
2026-03-07 19:02:34 [INFO] __main__ — depth_mean_acceleration                    0.3755     0.6245   0.4696   0.0404
2026-03-07 19:02:34 [INFO] __main__ — L3_mean_peak_height                        0.3757     0.6243   0.5152   0.0519
2026-03-07 19:02:34 [INFO] __main__ — L0_mean                                    0.6238     0.3762   0.7282   0.1885
2026-03-07 19:02:34 [INFO] __main__ — L23_last_mean                              0.6235     0.3765   0.6953   0.0846
2026-03-07 19:02:34 [INFO] __main__ — L19_p10                                    0.3775     0.6225   0.4787   0.0385
2026-03-07 19:02:34 [INFO] __main__ — L27_trimmed_mean                           0.3794     0.6206   0.4610   0.0308
2026-03-07 19:02:34 [INFO] __main__ — L3_last_mean                               0.3820     0.6180   0.5428   0.0788
2026-03-07 19:02:34 [INFO] __main__ — L23_delta_seg                              0.6168     0.3832   0.6966   0.1135
2026-03-07 19:02:34 [INFO] __main__ — L19_mean                                   0.3833     0.6167   0.5050   0.0365
2026-03-07 19:02:34 [INFO] __main__ — L23_early_vs_late                          0.6165     0.3835   0.6984   0.0654
2026-03-07 19:02:34 [INFO] __main__ — depth_spread_frac_above_1std               0.6162     0.3838   0.5728   0.0192
2026-03-07 19:02:34 [INFO] __main__ — L7_frac_above_1std                         0.6157     0.3843   0.6825   0.0558
2026-03-07 19:02:34 [INFO] __main__ — L3_peak_density                            0.3843     0.6157   0.4893   0.0019
2026-03-07 19:02:34 [INFO] __main__ — L15_p10                                    0.3852     0.6148   0.4858   0.0346
2026-03-07 19:02:34 [INFO] __main__ — L7_ac1                                     0.3853     0.6147   0.5326   0.0865
2026-03-07 19:02:34 [INFO] __main__ — depth_spread_delta_seg                     0.3854     0.6146   0.5044   0.0365
2026-03-07 19:02:34 [INFO] __main__ — L15_trimmed_mean                           0.3860     0.6140   0.4768   0.0288
2026-03-07 19:02:34 [INFO] __main__ — L23_trimmed_mean                           0.6139     0.3861   0.6792   0.1192
2026-03-07 19:02:34 [INFO] __main__ — depth_p90                                  0.3867     0.6133   0.4737   0.0173
2026-03-07 19:02:34 [INFO] __main__ — L11_total_variation_norm                   0.3867     0.6133   0.4945   0.0615
2026-03-07 19:02:34 [INFO] __main__ — L11_trimmed_mean                           0.3875     0.6125   0.4640   0.0154
2026-03-07 19:02:34 [INFO] __main__ — L23_peak_density                           0.3898     0.6102   0.5172   0.0385
2026-03-07 19:02:34 [INFO] __main__ — depth_spread_spearman_rho                  0.3914     0.6086   0.4747   0.0327
2026-03-07 19:02:34 [INFO] __main__ — L23_ac1                                    0.3924     0.6076   0.5366   0.0596
2026-03-07 19:02:34 [INFO] __main__ — L3_monotonicity_up                         0.6070     0.3930   0.6649   0.1269
2026-03-07 19:02:34 [INFO] __main__ — L7_slope                                   0.6050     0.3950   0.7196   0.1385
2026-03-07 19:02:34 [INFO] __main__ — L0_slope                                   0.6044     0.3956   0.7036   0.1596
2026-03-07 19:02:34 [INFO] __main__ — depth_total_variation                      0.6043     0.3957   0.6416   0.0404
2026-03-07 19:02:34 [INFO] __main__ — depth_total_variation_norm                 0.6043     0.3957   0.6416   0.0404
2026-03-07 19:02:34 [INFO] __main__ — depth_spread_early_vs_late                 0.3959     0.6041   0.5151   0.0385
2026-03-07 19:02:34 [INFO] __main__ — L0_delta_seg                               0.6040     0.3960   0.6134   0.1212
2026-03-07 19:02:34 [INFO] __main__ — L11_ac1                                    0.3982     0.6018   0.5281   0.0558
2026-03-07 19:02:34 [INFO] __main__ — L0_std_acceleration                        0.6016     0.3984   0.7181   0.1077
2026-03-07 19:02:34 [INFO] __main__ — L23_mean_peak_height                       0.6014     0.3986   0.6528   0.0500
2026-03-07 19:02:34 [INFO] __main__ — L7_std_acceleration                        0.3992     0.6008   0.4966   0.0327
2026-03-07 19:02:34 [INFO] __main__ — L0_peak_density                            0.6005     0.3995   0.7166   0.0827
2026-03-07 19:02:34 [INFO] __main__ — L0_delta_end                               0.6004     0.3996   0.6338   0.0423
2026-03-07 19:02:34 [INFO] __main__ — L0_std                                     0.5974     0.4026   0.6983   0.0596
2026-03-07 19:02:34 [INFO] __main__ — L3_std_acceleration                        0.4045     0.5955   0.5098   0.0058
2026-03-07 19:02:34 [INFO] __main__ — depth_p10                                  0.4069     0.5931   0.4870   0.0288
2026-03-07 19:02:34 [INFO] __main__ — L7_peak_pos                                0.5923     0.4077   0.5813   0.0000
2026-03-07 19:02:34 [INFO] __main__ — L19_trimmed_mean                           0.4082     0.5918   0.5226   0.0385
2026-03-07 19:02:34 [INFO] __main__ — L7_early_vs_late                           0.5901     0.4099   0.6597   0.0538
2026-03-07 19:02:34 [INFO] __main__ — L23_frac_below_1std                        0.5893     0.4107   0.5780   0.0538
2026-03-07 19:02:34 [INFO] __main__ — L23_peak_pos                               0.5892     0.4108   0.5994   0.0000
2026-03-07 19:02:34 [INFO] __main__ — L0_mean_acceleration                       0.5885     0.4115   0.6416   0.0750
2026-03-07 19:02:34 [INFO] __main__ — depth_last_mean                            0.4122     0.5878   0.4936   0.0442
2026-03-07 19:02:34 [INFO] __main__ — L23_frac_above_1std                        0.5869     0.4131   0.6517   0.0308
2026-03-07 19:02:34 [INFO] __main__ — L15_median                                 0.4146     0.5854   0.5087   0.0365
2026-03-07 19:02:34 [INFO] __main__ — depth_spread_p90                           0.4165     0.5835   0.4836   0.0154
2026-03-07 19:02:34 [INFO] __main__ — L0_late_third                              0.4169     0.5831   0.5893   0.1404
2026-03-07 19:02:34 [INFO] __main__ — depth_spread_mean_acceleration             0.4172     0.5828   0.5299   0.0673
2026-03-07 19:02:34 [INFO] __main__ — L27_mean_acceleration                      0.5824     0.4176   0.7221   0.3212
2026-03-07 19:02:34 [INFO] __main__ — L19_mid_third                              0.4182     0.5818   0.5345   0.0346
2026-03-07 19:02:34 [INFO] __main__ — L3_total_variation_norm                    0.4184     0.5816   0.5100   0.0019
2026-03-07 19:02:34 [INFO] __main__ — L7_mean_peak_height                        0.4192     0.5808   0.5094   0.0385
2026-03-07 19:02:34 [INFO] __main__ — L7_early_third                             0.4194     0.5806   0.5144   0.0423
2026-03-07 19:02:34 [INFO] __main__ — L11_mean_acceleration                      0.4200     0.5800   0.5688   0.0481
2026-03-07 19:02:34 [INFO] __main__ — L3_median                                  0.4204     0.5796   0.4898   0.0000
2026-03-07 19:02:34 [INFO] __main__ — L11_mid_vs_ends                            0.5783     0.4217   0.6391   0.0692
2026-03-07 19:02:34 [INFO] __main__ — L19_late_third                             0.5772     0.4228   0.6533   0.0865
2026-03-07 19:02:34 [INFO] __main__ — L19_last_mean                              0.5769     0.4231   0.6584   0.0904
2026-03-07 19:02:34 [INFO] __main__ — depth_delta_seg                            0.4251     0.5749   0.5113   0.0500
2026-03-07 19:02:34 [INFO] __main__ — L27_slope                                  0.5715     0.4285   0.6971   0.1327
2026-03-07 19:02:34 [INFO] __main__ — depth_mid_vs_ends                          0.4290     0.5710   0.5076   0.0327
2026-03-07 19:02:34 [INFO] __main__ — L23_total_variation_norm                   0.5708     0.4292   0.6481   0.0846
2026-03-07 19:02:34 [INFO] __main__ — L19_std_acceleration                       0.4311     0.5689   0.5492   0.0462
2026-03-07 19:02:34 [INFO] __main__ — L15_ac1                                    0.4311     0.5689   0.5453   0.0519
2026-03-07 19:02:34 [INFO] __main__ — L11_frac_above_1std                        0.5688     0.4312   0.6421   0.0538
2026-03-07 19:02:34 [INFO] __main__ — L23_mean                                   0.5688     0.4312   0.6422   0.0808
2026-03-07 19:02:34 [INFO] __main__ — L0_monotonicity_up                         0.5674     0.4326   0.6599   0.1019
2026-03-07 19:02:34 [INFO] __main__ — L15_frac_below_1std                        0.5670     0.4330   0.5892   0.0481
2026-03-07 19:02:34 [INFO] __main__ — L19_delta_end                              0.5669     0.4331   0.6069   0.0500
2026-03-07 19:02:34 [INFO] __main__ — L15_mid_third                              0.4339     0.5661   0.5241   0.0327
2026-03-07 19:02:34 [INFO] __main__ — L0_peak_pos                                0.5645     0.4355   0.5475   0.0519
2026-03-07 19:02:34 [INFO] __main__ — L27_frac_above_1std                        0.4358     0.5642   0.5166   0.0442
2026-03-07 19:02:34 [INFO] __main__ — L3_mid_third                               0.4368     0.5632   0.5364   0.0038
2026-03-07 19:02:34 [INFO] __main__ — L15_mid_vs_ends                            0.5630     0.4370   0.6319   0.0538
2026-03-07 19:02:34 [INFO] __main__ — L11_mid_third                              0.4378     0.5622   0.5278   0.0538
2026-03-07 19:02:34 [INFO] __main__ — depth_spread_mid_vs_ends                   0.4379     0.5621   0.5038   0.0192
2026-03-07 19:02:34 [INFO] __main__ — L11_delta_end                              0.4401     0.5599   0.4698   0.0096
2026-03-07 19:02:34 [INFO] __main__ — L23_mid_vs_ends                            0.4401     0.5599   0.5614   0.0558
2026-03-07 19:02:34 [INFO] __main__ — L7_delta_seg                               0.5594     0.4406   0.6428   0.1250
2026-03-07 19:02:34 [INFO] __main__ — L7_first_mean                              0.4407     0.5593   0.5354   0.0462
2026-03-07 19:02:34 [INFO] __main__ — L0_mid_vs_ends                             0.5592     0.4408   0.6670   0.1346
2026-03-07 19:02:34 [INFO] __main__ — L23_median                                 0.5587     0.4413   0.6341   0.0942
2026-03-07 19:02:34 [INFO] __main__ — L27_peak_pos                               0.5586     0.4414   0.6400   0.2115
2026-03-07 19:02:34 [INFO] __main__ — L19_total_variation_norm                   0.4417     0.5583   0.5528   0.0558
2026-03-07 19:02:34 [INFO] __main__ — depth_spread_std                           0.5581     0.4419   0.6130   0.0481
2026-03-07 19:02:34 [INFO] __main__ — depth_range                                0.4422     0.5578   0.5314   0.0442
2026-03-07 19:02:34 [INFO] __main__ — L15_delta_end                              0.4444     0.5556   0.4720   0.0058
2026-03-07 19:02:34 [INFO] __main__ — L7_frac_below_1std                         0.5552     0.4448   0.5525   0.0615
2026-03-07 19:02:34 [INFO] __main__ — L3_delta_end                               0.5549     0.4451   0.5839   0.0481
2026-03-07 19:02:34 [INFO] __main__ — L7_trimmed_mean                            0.5534     0.4466   0.6029   0.0481
2026-03-07 19:02:34 [INFO] __main__ — L7_mid_third                               0.4469     0.5531   0.5483   0.0615
2026-03-07 19:02:34 [INFO] __main__ — depth_min                                  0.5482     0.4518   0.6595   0.0923
2026-03-07 19:02:34 [INFO] __main__ — depth_spread_min                           0.4523     0.5477   0.5562   0.0385
2026-03-07 19:02:34 [INFO] __main__ — L27_mid_vs_ends                            0.4528     0.5472   0.5508   0.0577
2026-03-07 19:02:34 [INFO] __main__ — depth_spread_frac_below_1std               0.5458     0.4542   0.5368   0.0462
2026-03-07 19:02:34 [INFO] __main__ — L3_mean_acceleration                       0.5456     0.4544   0.6131   0.0962
2026-03-07 19:02:34 [INFO] __main__ — depth_std                                  0.4544     0.5456   0.5339   0.0385
2026-03-07 19:02:34 [INFO] __main__ — L3_trimmed_mean                            0.4550     0.5450   0.5314   0.0135
2026-03-07 19:02:34 [INFO] __main__ — L3_mid_vs_ends                             0.5447     0.4553   0.6180   0.0212
2026-03-07 19:02:34 [INFO] __main__ — L19_mean_acceleration                      0.4558     0.5442   0.6137   0.1269
2026-03-07 19:02:34 [INFO] __main__ — depth_frac_above_1std                      0.4573     0.5427   0.4827   0.0000
2026-03-07 19:02:34 [INFO] __main__ — L27_delta_seg                              0.4575     0.5425   0.5383   0.0577
2026-03-07 19:02:34 [INFO] __main__ — depth_spread_range                         0.5423     0.4577   0.6038   0.0596
2026-03-07 19:02:34 [INFO] __main__ — depth_spread_first_mean                    0.4578     0.5422   0.5476   0.0346
2026-03-07 19:02:34 [INFO] __main__ — depth_spread_early_third                   0.4578     0.5422   0.5476   0.0346
2026-03-07 19:02:34 [INFO] __main__ — depth_peak_pos                             0.5416     0.4584   0.5521   0.0000
2026-03-07 19:02:34 [INFO] __main__ — L3_p10                                     0.4595     0.5405   0.5455   0.0750
2026-03-07 19:02:34 [INFO] __main__ — depth_max                                  0.4603     0.5397   0.5381   0.0519
2026-03-07 19:02:34 [INFO] __main__ — L7_peak_density                            0.4604     0.5396   0.5601   0.0269
2026-03-07 19:02:34 [INFO] __main__ — L7_mean                                    0.4607     0.5393   0.5404   0.0500
2026-03-07 19:02:34 [INFO] __main__ — L3_late_third                              0.4622     0.5378   0.5972   0.1231
2026-03-07 19:02:34 [INFO] __main__ — L19_frac_above_1std                        0.5371     0.4629   0.6295   0.0442
2026-03-07 19:02:34 [INFO] __main__ — L23_p90                                    0.4629     0.5371   0.5462   0.0365
2026-03-07 19:02:34 [INFO] __main__ — L23_early_third                            0.4633     0.5367   0.5863   0.0462
2026-03-07 19:02:34 [INFO] __main__ — L19_ac1                                    0.4636     0.5364   0.5810   0.0731
2026-03-07 19:02:34 [INFO] __main__ — L7_mid_vs_ends                             0.4646     0.5354   0.5747   0.0577
2026-03-07 19:02:34 [INFO] __main__ — L15_mean_acceleration                      0.4647     0.5353   0.5996   0.0615
2026-03-07 19:02:34 [INFO] __main__ — L23_first_mean                             0.4653     0.5347   0.5816   0.0481
2026-03-07 19:02:34 [INFO] __main__ — L11_frac_below_1std                        0.5346     0.4654   0.5286   0.0250
2026-03-07 19:02:34 [INFO] __main__ — L11_p10                                    0.4667     0.5333   0.5635   0.0615
2026-03-07 19:02:34 [INFO] __main__ — L27_early_vs_late                          0.4672     0.5328   0.5435   0.0635
2026-03-07 19:02:34 [INFO] __main__ — L19_std                                    0.4672     0.5328   0.5704   0.0731
2026-03-07 19:02:34 [INFO] __main__ — L7_late_third                              0.5310     0.4690   0.6074   0.0654
2026-03-07 19:02:34 [INFO] __main__ — L15_last_mean                              0.5303     0.4697   0.6005   0.0500
2026-03-07 19:02:34 [INFO] __main__ — depth_spread_peak_pos                      0.5300     0.4700   0.5146   0.0000
2026-03-07 19:02:34 [INFO] __main__ — L19_frac_below_1std                        0.4710     0.5290   0.5625   0.0519
2026-03-07 19:02:34 [INFO] __main__ — L23_mid_third                              0.4715     0.5285   0.5760   0.0577
2026-03-07 19:02:34 [INFO] __main__ — L15_late_third                             0.5281     0.4719   0.5985   0.0481
2026-03-07 19:02:34 [INFO] __main__ — L15_frac_above_1std                        0.4727     0.5273   0.5759   0.0385
2026-03-07 19:02:34 [INFO] __main__ — L23_std_acceleration                       0.5268     0.4732   0.6132   0.0404
2026-03-07 19:02:34 [INFO] __main__ — L11_last_mean                              0.4732     0.5268   0.5582   0.0500
2026-03-07 19:02:34 [INFO] __main__ — L0_trimmed_mean                            0.5236     0.4764   0.6401   0.1654
2026-03-07 19:02:34 [INFO] __main__ — L27_median                                 0.4768     0.5232   0.5316   0.0385
2026-03-07 19:02:34 [INFO] __main__ — depth_peak_density                         0.5224     0.4776   0.5121   0.0077
2026-03-07 19:02:34 [INFO] __main__ — L7_median                                  0.5216     0.4784   0.5883   0.0442
2026-03-07 19:02:34 [INFO] __main__ — L0_mid_third                               0.4785     0.5215   0.6377   0.1500
2026-03-07 19:02:34 [INFO] __main__ — L7_last_mean                               0.5212     0.4788   0.6084   0.0673
2026-03-07 19:02:34 [INFO] __main__ — depth_frac_below_1std                      0.4792     0.5208   0.5093   0.0788
2026-03-07 19:02:34 [INFO] __main__ — depth_spearman_rho                         0.4794     0.5206   0.5384   0.0404
2026-03-07 19:02:34 [INFO] __main__ — L23_std                                    0.5203     0.4797   0.5796   0.0192
2026-03-07 19:02:34 [INFO] __main__ — depth_mean_peak_height                     0.5191     0.4809   0.5512   0.0500
2026-03-07 19:02:34 [INFO] __main__ — L3_frac_above_1std                         0.5180     0.4820   0.5920   0.0288
2026-03-07 19:02:34 [INFO] __main__ — L23_p10                                    0.5178     0.4822   0.6043   0.0654
2026-03-07 19:02:34 [INFO] __main__ — L0_p90                                     0.4834     0.5166   0.6090   0.1096
2026-03-07 19:02:34 [INFO] __main__ — depth_first_mean                           0.4866     0.5134   0.5536   0.0250
2026-03-07 19:02:34 [INFO] __main__ — depth_early_third                          0.4866     0.5134   0.5536   0.0250
2026-03-07 19:02:34 [INFO] __main__ — L27_frac_below_1std                        0.5134     0.4866   0.5076   0.0346
2026-03-07 19:02:34 [INFO] __main__ — L7_total_variation_norm                    0.4871     0.5129   0.5716   0.0365
2026-03-07 19:02:34 [INFO] __main__ — depth_spread_max                           0.5122     0.4878   0.5831   0.0750
2026-03-07 19:02:34 [INFO] __main__ — L27_spearman_rho                           0.5115     0.4885   0.6158   0.0827
2026-03-07 19:02:34 [INFO] __main__ — L0_p10                                     0.5086     0.4914   0.5415   0.0115
2026-03-07 19:02:34 [INFO] __main__ — L11_late_third                             0.5071     0.4929   0.5822   0.0327
2026-03-07 19:02:34 [INFO] __main__ — L7_delta_end                               0.4933     0.5067   0.4959   0.0038
2026-03-07 19:02:34 [INFO] __main__ — L19_mean_peak_height                       0.5052     0.4948   0.5921   0.0212
2026-03-07 19:02:34 [INFO] __main__ — L19_mid_vs_ends                            0.5026     0.4974   0.5900   0.0423
2026-03-07 19:02:34 [INFO] __main__ — L0_mean_peak_height                        0.5017     0.4983   0.5706   0.0192
2026-03-07 19:02:34 [INFO] __main__ — L7_p10                                     0.4992     0.5008   0.5869   0.0712
2026-03-07 19:02:34 [INFO] __main__ — L0_min                                     0.5000     0.5000   0.5000   0.0000
2026-03-07 19:02:34 [INFO] __main__ — L0_frac_below_1std                         0.5000     0.5000   0.5000   0.0000
2026-03-07 19:02:34 [INFO] __main__ — L3_min                                     0.5000     0.5000   0.5000   0.0000
2026-03-07 19:02:34 [INFO] __main__ — L3_frac_below_1std                         0.5000     0.5000   0.5000   0.0000
2026-03-07 19:02:34 [INFO] __main__ — L7_min                                     0.5000     0.5000   0.5000   0.0000
2026-03-07 19:02:34 [INFO] __main__ — L11_min                                    0.5000     0.5000   0.5000   0.0000
2026-03-07 19:02:34 [INFO] __main__ — L15_min                                    0.5000     0.5000   0.5000   0.0000
2026-03-07 19:02:34 [INFO] __main__ — L19_min                                    0.5000     0.5000   0.5000   0.0000
2026-03-07 19:02:34 [INFO] __main__ — L23_min                                    0.5000     0.5000   0.5000   0.0000
2026-03-07 19:02:34 [INFO] __main__ — depth_frac_above_q                         0.5000     0.5000   0.5000   0.0000
2026-03-07 19:02:34 [INFO] __main__ — depth_spread_frac_above_q                  0.5000     0.5000   0.5000   0.0000
2026-03-07 19:02:34 [INFO] __main__ — ================================================================================
