2026-03-07 19:16:24 [INFO] __main__ — ================================================================================
2026-03-07 19:16:24 [INFO] __main__ — INTERMEDIATE LAYER ENTROPY METRICS
2026-03-07 19:16:24 [INFO] __main__ — ================================================================================
2026-03-07 19:16:24 [INFO] __main__ — Device          : cuda
2026-03-07 19:16:24 [INFO] __main__ — Model path      : google/gemma-7b
2026-03-07 19:16:24 [INFO] __main__ — N probe layers  : 8
2026-03-07 19:16:24 [INFO] __main__ — Score key(s)    : ALL
2026-03-07 19:16:24 [INFO] __main__ — ================================================================================
2026-03-07 19:16:24 [INFO] __main__ — [1/4] Loading test data...
2026-03-07 19:16:24 [INFO] __main__ — Loading all available prompts (n_test=max)
2026-03-07 19:16:24 [INFO] httpx — HTTP Request: HEAD https://huggingface.co/datasets/allenai/wildjailbreak/resolve/main/README.md "HTTP/1.1 200 OK"
2026-03-07 19:16:24 [INFO] httpx — HTTP Request: HEAD https://huggingface.co/datasets/allenai/wildjailbreak/resolve/5ddc12a7894f842b0619b8e1c7ee496b198af009/wildjailbreak.py "HTTP/1.1 404 Not Found"
2026-03-07 19:16:25 [INFO] httpx — HTTP Request: HEAD https://s3.amazonaws.com/datasets.huggingface.co/datasets/datasets/allenai/wildjailbreak/allenai/wildjailbreak.py "HTTP/1.1 404 Not Found"
2026-03-07 19:16:25 [INFO] httpx — HTTP Request: GET https://huggingface.co/api/datasets/allenai/wildjailbreak/revision/5ddc12a7894f842b0619b8e1c7ee496b198af009 "HTTP/1.1 200 OK"
2026-03-07 19:16:25 [INFO] httpx — HTTP Request: HEAD https://huggingface.co/datasets/allenai/wildjailbreak/resolve/5ddc12a7894f842b0619b8e1c7ee496b198af009/.huggingface.yaml "HTTP/1.1 404 Not Found"
2026-03-07 19:16:25 [INFO] httpx — HTTP Request: GET https://datasets-server.huggingface.co/info?dataset=allenai/wildjailbreak "HTTP/1.1 200 OK"
2026-03-07 19:16:25 [INFO] httpx — HTTP Request: GET https://huggingface.co/api/datasets/allenai/wildjailbreak/tree/5ddc12a7894f842b0619b8e1c7ee496b198af009/train?recursive=false&expand=false "HTTP/1.1 200 OK"
2026-03-07 19:16:25 [INFO] httpx — HTTP Request: HEAD https://huggingface.co/datasets/allenai/wildjailbreak/resolve/5ddc12a7894f842b0619b8e1c7ee496b198af009/dataset_infos.json "HTTP/1.1 404 Not Found"
2026-03-07 19:16:33 [INFO] httpx — HTTP Request: HEAD https://huggingface.co/datasets/walledai/HarmBench/resolve/main/README.md "HTTP/1.1 200 OK"
2026-03-07 19:16:33 [INFO] httpx — HTTP Request: HEAD https://huggingface.co/datasets/walledai/HarmBench/resolve/fb6c2afd5a2a943d701d6db3efab87d077e81be5/HarmBench.py "HTTP/1.1 404 Not Found"
2026-03-07 19:16:34 [INFO] httpx — HTTP Request: HEAD https://s3.amazonaws.com/datasets.huggingface.co/datasets/datasets/walledai/HarmBench/walledai/HarmBench.py "HTTP/1.1 404 Not Found"
2026-03-07 19:16:34 [INFO] httpx — HTTP Request: GET https://huggingface.co/api/datasets/walledai/HarmBench/revision/fb6c2afd5a2a943d701d6db3efab87d077e81be5 "HTTP/1.1 200 OK"
2026-03-07 19:16:34 [INFO] httpx — HTTP Request: HEAD https://huggingface.co/datasets/walledai/HarmBench/resolve/fb6c2afd5a2a943d701d6db3efab87d077e81be5/.huggingface.yaml "HTTP/1.1 404 Not Found"
2026-03-07 19:16:34 [INFO] httpx — HTTP Request: GET https://datasets-server.huggingface.co/info?dataset=walledai/HarmBench "HTTP/1.1 200 OK"
2026-03-07 19:16:34 [INFO] httpx — HTTP Request: GET https://huggingface.co/api/datasets/walledai/HarmBench/tree/fb6c2afd5a2a943d701d6db3efab87d077e81be5/contextual?recursive=true&expand=false "HTTP/1.1 200 OK"
2026-03-07 19:16:34 [INFO] httpx — HTTP Request: GET https://huggingface.co/api/datasets/walledai/HarmBench/tree/fb6c2afd5a2a943d701d6db3efab87d077e81be5?recursive=false&expand=false "HTTP/1.1 200 OK"
2026-03-07 19:16:34 [INFO] httpx — HTTP Request: HEAD https://huggingface.co/datasets/walledai/HarmBench/resolve/fb6c2afd5a2a943d701d6db3efab87d077e81be5/dataset_infos.json "HTTP/1.1 404 Not Found"
2026-03-07 19:16:35 [INFO] httpx — HTTP Request: GET https://huggingface.co/api/datasets/walledai/HarmBench/tree/fb6c2afd5a2a943d701d6db3efab87d077e81be5/standard?recursive=true&expand=false "HTTP/1.1 200 OK"
2026-03-07 19:16:35 [INFO] __main__ —   Safe: 200  |  Harmful: 200
2026-03-07 19:16:35 [INFO] __main__ — [2/4] Loading model...
2026-03-07 19:16:35 [INFO] httpx — HTTP Request: HEAD https://huggingface.co/google/gemma-7b/resolve/main/config.json "HTTP/1.1 200 OK"
2026-03-07 19:16:35 [INFO] httpx — HTTP Request: HEAD https://huggingface.co/google/gemma-7b/resolve/main/tokenizer_config.json "HTTP/1.1 200 OK"
2026-03-07 19:16:35 [INFO] httpx — HTTP Request: GET https://huggingface.co/api/models/google/gemma-7b/tree/main/additional_chat_templates?recursive=false&expand=false "HTTP/1.1 404 Not Found"
2026-03-07 19:16:35 [INFO] httpx — HTTP Request: GET https://huggingface.co/api/models/google/gemma-7b/tree/main?recursive=true&expand=false "HTTP/1.1 200 OK"
2026-03-07 19:16:37 [INFO] httpx — HTTP Request: HEAD https://huggingface.co/google/gemma-7b/resolve/main/config.json "HTTP/1.1 200 OK"
2026-03-07 19:16:37 [INFO] httpx — HTTP Request: HEAD https://huggingface.co/google/gemma-7b/resolve/main/config.json "HTTP/1.1 200 OK"
2026-03-07 19:16:46 [INFO] httpx — HTTP Request: HEAD https://huggingface.co/google/gemma-7b/resolve/main/generation_config.json "HTTP/1.1 200 OK"
2026-03-07 19:16:46 [INFO] __main__ —   Running base model (no LoRA adapter)
2026-03-07 19:16:46 [INFO] __main__ —   n_layers        : 28
2026-03-07 19:16:46 [INFO] __main__ —   layers_to_probe : [0, 3, 7, 11, 15, 19, 23, 27]
2026-03-07 19:16:46 [INFO] __main__ —   Total features  : 320
2026-03-07 19:16:46 [INFO] __main__ — [3/4] Computing intermediate entropy features...
2026-03-07 19:16:46 [INFO] __main__ —   Processing SAFE prompts...
2026-03-07 19:17:52 [INFO] __main__ —   Processing HARMFUL prompts...
2026-03-07 19:18:10 [INFO] __main__ — [4/4] Evaluating detection metrics...
2026-03-07 19:18:11 [INFO] __main__ — Saved results to: results/intermediate_entropy/intermediate_entropy_all_keys_20260307_191811.json
2026-03-07 19:18:11 [INFO] __main__ — ================================================================================
2026-03-07 19:18:11 [INFO] __main__ — key                                         AUROC AUROC_flip       AP   TPR@1%
2026-03-07 19:18:11 [INFO] __main__ — --------------------------------------------------------------------------------
2026-03-07 19:18:11 [INFO] __main__ — L7_total_variation                         0.0000     1.0000   0.3081   0.0000
2026-03-07 19:18:11 [INFO] __main__ — L11_total_variation                        0.0000     1.0000   0.3081   0.0000
2026-03-07 19:18:11 [INFO] __main__ — L15_total_variation                        0.0000     1.0000   0.3081   0.0000
2026-03-07 19:18:11 [INFO] __main__ — L19_total_variation                        0.0000     1.0000   0.3081   0.0000
2026-03-07 19:18:11 [INFO] __main__ — L23_total_variation                        0.0000     1.0000   0.3081   0.0000
2026-03-07 19:18:11 [INFO] __main__ — L3_total_variation                         0.0007     0.9993   0.3081   0.0000
2026-03-07 19:18:11 [INFO] __main__ — L27_total_variation                        0.0035     0.9965   0.3084   0.0000
2026-03-07 19:18:11 [INFO] __main__ — L0_total_variation                         0.0125     0.9875   0.3090   0.0000
2026-03-07 19:18:11 [INFO] __main__ — L19_early_third                            0.0345     0.9655   0.3119   0.0000
2026-03-07 19:18:11 [INFO] __main__ — L19_first_mean                             0.0377     0.9623   0.3119   0.0000
2026-03-07 19:18:11 [INFO] __main__ — L15_early_third                            0.0492     0.9508   0.3127   0.0000
2026-03-07 19:18:11 [INFO] __main__ — L15_first_mean                             0.0605     0.9395   0.3148   0.0000
2026-03-07 19:18:11 [INFO] __main__ — L11_max                                    0.0767     0.9233   0.3182   0.0050
2026-03-07 19:18:11 [INFO] __main__ — L11_range                                  0.0767     0.9233   0.3182   0.0050
2026-03-07 19:18:11 [INFO] __main__ — L0_frac_above_q                            0.9226     0.0774   0.9528   0.7700
2026-03-07 19:18:11 [INFO] __main__ — L3_frac_above_q                            0.9226     0.0774   0.9528   0.7700
2026-03-07 19:18:11 [INFO] __main__ — L7_frac_above_q                            0.9226     0.0774   0.9528   0.7700
2026-03-07 19:18:11 [INFO] __main__ — L11_frac_above_q                           0.9226     0.0774   0.9528   0.7700
2026-03-07 19:18:11 [INFO] __main__ — L15_frac_above_q                           0.9226     0.0774   0.9528   0.7700
2026-03-07 19:18:11 [INFO] __main__ — L19_frac_above_q                           0.9226     0.0774   0.9528   0.7700
2026-03-07 19:18:11 [INFO] __main__ — L23_frac_above_q                           0.9226     0.0774   0.9528   0.7700
2026-03-07 19:18:11 [INFO] __main__ — L27_frac_above_q                           0.9226     0.0774   0.9528   0.7700
2026-03-07 19:18:11 [INFO] __main__ — L19_max                                    0.0798     0.9202   0.3180   0.0000
2026-03-07 19:18:11 [INFO] __main__ — L19_range                                  0.0798     0.9202   0.3180   0.0000
2026-03-07 19:18:11 [INFO] __main__ — L15_spearman_rho                           0.9182     0.0818   0.9392   0.6500
2026-03-07 19:18:11 [INFO] __main__ — L7_max                                     0.0826     0.9174   0.3216   0.0050
2026-03-07 19:18:11 [INFO] __main__ — L7_range                                   0.0826     0.9174   0.3216   0.0050
2026-03-07 19:18:11 [INFO] __main__ — depth_spread_ac1                           0.0855     0.9145   0.3206   0.0050
2026-03-07 19:18:11 [INFO] __main__ — L3_max                                     0.0904     0.9096   0.3240   0.0050
2026-03-07 19:18:11 [INFO] __main__ — L3_range                                   0.0904     0.9096   0.3240   0.0050
2026-03-07 19:18:11 [INFO] __main__ — L15_slope                                  0.9058     0.0942   0.9471   0.8400
2026-03-07 19:18:11 [INFO] __main__ — L15_max                                    0.0951     0.9048   0.3228   0.0000
2026-03-07 19:18:11 [INFO] __main__ — L15_range                                  0.0951     0.9048   0.3228   0.0000
2026-03-07 19:18:11 [INFO] __main__ — L27_range                                  0.0998     0.9002   0.3258   0.0050
2026-03-07 19:18:11 [INFO] __main__ — L27_max                                    0.0999     0.9001   0.3261   0.0050
2026-03-07 19:18:11 [INFO] __main__ — depth_spread_std_acceleration              0.8990     0.1011   0.9228   0.5950
2026-03-07 19:18:11 [INFO] __main__ — L0_ac1                                     0.1081     0.8919   0.3550   0.0300
2026-03-07 19:18:11 [INFO] __main__ — L19_spearman_rho                           0.8894     0.1106   0.9215   0.6350
2026-03-07 19:18:11 [INFO] __main__ — L3_first_mean                              0.1173     0.8827   0.3927   0.0650
2026-03-07 19:18:11 [INFO] __main__ — L15_early_vs_late                          0.8734     0.1265   0.9010   0.6150
2026-03-07 19:18:11 [INFO] __main__ — L11_early_third                            0.1291     0.8709   0.3334   0.0050
2026-03-07 19:18:11 [INFO] __main__ — L19_early_vs_late                          0.8637     0.1362   0.8971   0.5700
2026-03-07 19:18:11 [INFO] __main__ — L11_spearman_rho                           0.8613     0.1388   0.9029   0.6400
2026-03-07 19:18:11 [INFO] __main__ — L19_slope                                  0.8576     0.1424   0.9233   0.8150
2026-03-07 19:18:11 [INFO] __main__ — L11_first_mean                             0.1435     0.8565   0.3394   0.0000
2026-03-07 19:18:11 [INFO] __main__ — L0_first_mean                              0.1484     0.8516   0.4193   0.1000
2026-03-07 19:18:11 [INFO] __main__ — depth_ac1                                  0.1618     0.8382   0.3670   0.0200
2026-03-07 19:18:11 [INFO] __main__ — L7_spearman_rho                            0.8334     0.1666   0.8879   0.4900
2026-03-07 19:18:11 [INFO] __main__ — L3_early_third                             0.1675     0.8325   0.4237   0.0900
2026-03-07 19:18:11 [INFO] __main__ — L19_delta_seg                              0.8285     0.1715   0.8699   0.3950
2026-03-07 19:18:11 [INFO] __main__ — L15_delta_seg                              0.8282     0.1718   0.8675   0.4250
2026-03-07 19:18:11 [INFO] __main__ — L23_max                                    0.1735     0.8266   0.3446   0.0050
2026-03-07 19:18:11 [INFO] __main__ — L23_range                                  0.1735     0.8266   0.3446   0.0050
2026-03-07 19:18:11 [INFO] __main__ — L0_max                                     0.1826     0.8174   0.3416   0.0000
2026-03-07 19:18:11 [INFO] __main__ — L0_range                                   0.1826     0.8174   0.3416   0.0000
2026-03-07 19:18:11 [INFO] __main__ — L11_slope                                  0.8134     0.1865   0.8942   0.7450
2026-03-07 19:18:11 [INFO] __main__ — L0_early_third                             0.1876     0.8124   0.4612   0.1500
2026-03-07 19:18:11 [INFO] __main__ — L23_spearman_rho                           0.8119     0.1881   0.8681   0.5000
2026-03-07 19:18:11 [INFO] __main__ — depth_spread_total_variation               0.8103     0.1897   0.8684   0.5350
2026-03-07 19:18:11 [INFO] __main__ — depth_spread_total_variation_norm          0.8103     0.1897   0.8684   0.5350
2026-03-07 19:18:11 [INFO] __main__ — depth_spread_mean                          0.1956     0.8044   0.3860   0.0350
2026-03-07 19:18:11 [INFO] __main__ — depth_spread_trimmed_mean                  0.1956     0.8044   0.3860   0.0350
2026-03-07 19:18:11 [INFO] __main__ — L0_frac_above_1std                         0.8039     0.1961   0.8377   0.3400
2026-03-07 19:18:11 [INFO] __main__ — L3_ac1                                     0.1993     0.8007   0.3971   0.0500
2026-03-07 19:18:11 [INFO] __main__ — L15_p90                                    0.2000     0.8000   0.3858   0.0350
2026-03-07 19:18:11 [INFO] __main__ — L19_peak_density                           0.2036     0.7964   0.4076   0.0100
2026-03-07 19:18:11 [INFO] __main__ — L0_last_mean                               0.2084     0.7916   0.4563   0.1250
2026-03-07 19:18:11 [INFO] __main__ — L27_min                                    0.7853     0.2146   0.7929   0.4300
2026-03-07 19:18:11 [INFO] __main__ — depth_std_acceleration                     0.7823     0.2177   0.8349   0.4500
2026-03-07 19:18:11 [INFO] __main__ — L19_monotonicity_up                        0.7804     0.2196   0.8565   0.5850
2026-03-07 19:18:11 [INFO] __main__ — depth_spread_median                        0.2231     0.7769   0.4007   0.0350
2026-03-07 19:18:11 [INFO] __main__ — L15_peak_density                           0.2236     0.7764   0.4243   0.0400
2026-03-07 19:18:11 [INFO] __main__ — L23_monotonicity_up                        0.7690     0.2310   0.8345   0.5000
2026-03-07 19:18:11 [INFO] __main__ — L11_early_vs_late                          0.7653     0.2347   0.8296   0.4600
2026-03-07 19:18:11 [INFO] __main__ — L19_mean                                   0.2354     0.7646   0.4339   0.0600
2026-03-07 19:18:11 [INFO] __main__ — depth_spread_p10                           0.2358     0.7642   0.3935   0.0150
2026-03-07 19:18:11 [INFO] __main__ — L19_p90                                    0.2418     0.7582   0.4295   0.0400
2026-03-07 19:18:11 [INFO] __main__ — L0_spearman_rho                            0.7556     0.2444   0.8354   0.4650
2026-03-07 19:18:11 [INFO] __main__ — depth_spread_late_third                    0.2463     0.7537   0.4450   0.0750
2026-03-07 19:18:11 [INFO] __main__ — L7_p90                                     0.2471     0.7529   0.4062   0.0250
2026-03-07 19:18:11 [INFO] __main__ — L19_median                                 0.2473     0.7527   0.4246   0.0350
2026-03-07 19:18:11 [INFO] __main__ — L3_p90                                     0.2483     0.7517   0.4147   0.0450
2026-03-07 19:18:11 [INFO] __main__ — L11_peak_density                           0.2506     0.7493   0.4604   0.0850
2026-03-07 19:18:11 [INFO] __main__ — L15_monotonicity_up                        0.7492     0.2508   0.8367   0.5800
2026-03-07 19:18:11 [INFO] __main__ — L11_p90                                    0.2517     0.7483   0.3814   0.0100
2026-03-07 19:18:11 [INFO] __main__ — L7_early_third                             0.2525     0.7475   0.4032   0.0250
2026-03-07 19:18:11 [INFO] __main__ — L27_ac1                                    0.2563     0.7437   0.4543   0.0900
2026-03-07 19:18:11 [INFO] __main__ — depth_spread_monotonicity_up               0.2578     0.7422   0.4079   0.0450
2026-03-07 19:18:11 [INFO] __main__ — L15_total_variation_norm                   0.2592     0.7408   0.4498   0.0500
2026-03-07 19:18:11 [INFO] __main__ — L7_slope                                   0.7403     0.2597   0.8565   0.6950
2026-03-07 19:18:11 [INFO] __main__ — depth_spread_mid_third                     0.2599     0.7401   0.4318   0.0350
2026-03-07 19:18:11 [INFO] __main__ — L19_total_variation_norm                   0.2625     0.7375   0.4339   0.0400
2026-03-07 19:18:11 [INFO] __main__ — L11_delta_seg                              0.7352     0.2648   0.8075   0.4150
2026-03-07 19:18:11 [INFO] __main__ — L7_early_vs_late                           0.7351     0.2649   0.7982   0.3000
2026-03-07 19:18:11 [INFO] __main__ — L23_delta_seg                              0.7341     0.2660   0.8166   0.3700
2026-03-07 19:18:11 [INFO] __main__ — L19_std_acceleration                       0.2676     0.7324   0.4362   0.0200
2026-03-07 19:18:11 [INFO] __main__ — L15_std                                    0.2680     0.7320   0.4285   0.0350
2026-03-07 19:18:11 [INFO] __main__ — L23_slope                                  0.7315     0.2685   0.8494   0.6550
2026-03-07 19:18:11 [INFO] __main__ — L7_first_mean                              0.2700     0.7300   0.4100   0.0200
2026-03-07 19:18:11 [INFO] __main__ — L19_trimmed_mean                           0.2721     0.7279   0.4572   0.0600
2026-03-07 19:18:11 [INFO] __main__ — L11_std_acceleration                       0.2722     0.7277   0.4588   0.0750
2026-03-07 19:18:11 [INFO] __main__ — L23_early_vs_late                          0.7265     0.2735   0.8172   0.4400
2026-03-07 19:18:11 [INFO] __main__ — L11_total_variation_norm                   0.2761     0.7239   0.4736   0.0950
2026-03-07 19:18:11 [INFO] __main__ — L0_late_third                              0.2769     0.7230   0.5144   0.1550
2026-03-07 19:18:11 [INFO] __main__ — L7_delta_seg                               0.7201     0.2799   0.7955   0.3550
2026-03-07 19:18:11 [INFO] __main__ — L27_delta_end                              0.7171     0.2829   0.7726   0.2800
2026-03-07 19:18:11 [INFO] __main__ — L23_first_mean                             0.2851     0.7149   0.4899   0.1050
2026-03-07 19:18:11 [INFO] __main__ — L15_std_acceleration                       0.2856     0.7144   0.4771   0.0750
2026-03-07 19:18:11 [INFO] __main__ — depth_mean                                 0.2902     0.7098   0.4577   0.0500
2026-03-07 19:18:11 [INFO] __main__ — depth_trimmed_mean                         0.2902     0.7098   0.4577   0.0500
2026-03-07 19:18:11 [INFO] __main__ — L3_median                                  0.2927     0.7073   0.4711   0.0650
2026-03-07 19:18:11 [INFO] __main__ — L7_std                                     0.2937     0.7063   0.4667   0.0400
2026-03-07 19:18:11 [INFO] __main__ — L15_mean                                   0.2945     0.7055   0.4414   0.0500
2026-03-07 19:18:11 [INFO] __main__ — L7_monotonicity_up                         0.6998     0.3002   0.7915   0.4800
2026-03-07 19:18:11 [INFO] __main__ — L23_early_third                            0.3009     0.6991   0.5132   0.1500
2026-03-07 19:18:11 [INFO] __main__ — L11_monotonicity_up                        0.6972     0.3028   0.7997   0.5050
2026-03-07 19:18:11 [INFO] __main__ — L27_frac_above_1std                        0.6947     0.3053   0.7628   0.2350
2026-03-07 19:18:11 [INFO] __main__ — L19_p10                                    0.3091     0.6909   0.5046   0.0900
2026-03-07 19:18:11 [INFO] __main__ — depth_p90                                  0.3091     0.6909   0.4458   0.0400
2026-03-07 19:18:11 [INFO] __main__ — L7_std_acceleration                        0.3155     0.6845   0.4838   0.0600
2026-03-07 19:18:11 [INFO] __main__ — depth_late_third                           0.3159     0.6841   0.4886   0.0750
2026-03-07 19:18:11 [INFO] __main__ — L15_peak_pos                               0.6835     0.3165   0.6567   0.1050
2026-03-07 19:18:11 [INFO] __main__ — L0_median                                  0.3205     0.6795   0.4979   0.1050
2026-03-07 19:18:11 [INFO] __main__ — L19_mean_peak_height                       0.3224     0.6776   0.5215   0.1250
2026-03-07 19:18:11 [INFO] __main__ — L3_spearman_rho                            0.6766     0.3234   0.7813   0.4050
2026-03-07 19:18:11 [INFO] __main__ — depth_mid_third                            0.3264     0.6736   0.4749   0.0500
2026-03-07 19:18:11 [INFO] __main__ — L11_std                                    0.3265     0.6735   0.4626   0.0400
2026-03-07 19:18:11 [INFO] __main__ — L15_mean_peak_height                       0.3282     0.6718   0.4892   0.0750
2026-03-07 19:18:11 [INFO] __main__ — depth_spread_first_mean                    0.3301     0.6699   0.5004   0.0750
2026-03-07 19:18:11 [INFO] __main__ — depth_spread_early_third                   0.3301     0.6699   0.5004   0.0750
2026-03-07 19:18:11 [INFO] __main__ — depth_spread_min                           0.3360     0.6640   0.5244   0.0950
2026-03-07 19:18:11 [INFO] __main__ — L19_std                                    0.3364     0.6636   0.5144   0.1000
2026-03-07 19:18:11 [INFO] __main__ — L19_peak_pos                               0.6633     0.3367   0.6467   0.1050
2026-03-07 19:18:11 [INFO] __main__ — L27_monotonicity_up                        0.6611     0.3389   0.7996   0.4800
2026-03-07 19:18:11 [INFO] __main__ — L7_frac_above_1std                         0.6597     0.3403   0.7644   0.3600
2026-03-07 19:18:11 [INFO] __main__ — L11_mean                                   0.3431     0.6569   0.4689   0.0300
2026-03-07 19:18:11 [INFO] __main__ — depth_spread_peak_density                  0.6547     0.3453   0.6074   0.0150
2026-03-07 19:18:11 [INFO] __main__ — L0_mid_third                               0.3457     0.6543   0.5757   0.2550
2026-03-07 19:18:11 [INFO] __main__ — L3_last_mean                               0.3469     0.6531   0.5431   0.1600
2026-03-07 19:18:11 [INFO] __main__ — L23_mean_acceleration                      0.3473     0.6527   0.5831   0.2900
2026-03-07 19:18:11 [INFO] __main__ — depth_early_vs_late                        0.3486     0.6514   0.5161   0.1100
2026-03-07 19:18:11 [INFO] __main__ — depth_median                               0.3490     0.6510   0.5243   0.1350
2026-03-07 19:18:11 [INFO] __main__ — L3_slope                                   0.6501     0.3499   0.7903   0.5400
2026-03-07 19:18:11 [INFO] __main__ — L15_mid_vs_ends                            0.6491     0.3508   0.7395   0.2800
2026-03-07 19:18:11 [INFO] __main__ — L11_peak_pos                               0.6477     0.3523   0.6655   0.1150
2026-03-07 19:18:11 [INFO] __main__ — depth_spread_mean_peak_height              0.6461     0.3540   0.6331   0.1000
2026-03-07 19:18:11 [INFO] __main__ — L3_mean                                    0.3559     0.6441   0.5023   0.0300
2026-03-07 19:18:11 [INFO] __main__ — L15_trimmed_mean                           0.3566     0.6435   0.4784   0.0550
2026-03-07 19:18:11 [INFO] __main__ — L27_trimmed_mean                           0.6433     0.3567   0.7144   0.1800
2026-03-07 19:18:11 [INFO] __main__ — depth_p10                                  0.3568     0.6433   0.4895   0.0400
2026-03-07 19:18:11 [INFO] __main__ — L0_mean_acceleration                       0.6423     0.3577   0.7168   0.1750
2026-03-07 19:18:11 [INFO] __main__ — L19_mid_vs_ends                            0.6406     0.3594   0.7440   0.3000
2026-03-07 19:18:11 [INFO] __main__ — L7_peak_density                            0.3602     0.6399   0.5157   0.0300
2026-03-07 19:18:11 [INFO] __main__ — L3_std                                     0.3606     0.6394   0.5321   0.0750
2026-03-07 19:18:11 [INFO] __main__ — depth_frac_above_1std                      0.3608     0.6392   0.4491   0.0000
2026-03-07 19:18:11 [INFO] __main__ — L23_delta_end                              0.6389     0.3611   0.6911   0.1900
2026-03-07 19:18:11 [INFO] __main__ — L7_p10                                     0.3624     0.6376   0.5153   0.1150
2026-03-07 19:18:11 [INFO] __main__ — L7_mean_peak_height                        0.3639     0.6361   0.5151   0.0550
2026-03-07 19:18:11 [INFO] __main__ — L27_mean_peak_height                       0.3651     0.6349   0.5164   0.1250
2026-03-07 19:18:11 [INFO] __main__ — L27_std                                    0.3659     0.6341   0.5133   0.1150
2026-03-07 19:18:11 [INFO] __main__ — L11_mid_vs_ends                            0.6332     0.3668   0.7335   0.2100
2026-03-07 19:18:11 [INFO] __main__ — L0_mean_peak_height                        0.3689     0.6311   0.5744   0.0550
2026-03-07 19:18:11 [INFO] __main__ — L23_peak_density                           0.3693     0.6307   0.5591   0.1400
2026-03-07 19:18:11 [INFO] __main__ — L23_peak_pos                               0.6281     0.3719   0.6439   0.1100
2026-03-07 19:18:11 [INFO] __main__ — L3_mean_peak_height                        0.3740     0.6260   0.5504   0.1100
2026-03-07 19:18:11 [INFO] __main__ — L0_delta_end                               0.6253     0.3747   0.6878   0.1500
2026-03-07 19:18:11 [INFO] __main__ — L7_mean                                    0.3750     0.6250   0.5378   0.1200
2026-03-07 19:18:11 [INFO] __main__ — L11_median                                 0.3760     0.6240   0.5069   0.0750
2026-03-07 19:18:11 [INFO] __main__ — depth_spearman_rho                         0.6232     0.3768   0.6869   0.1150
2026-03-07 19:18:11 [INFO] __main__ — L7_peak_pos                                0.6202     0.3798   0.6375   0.1250
2026-03-07 19:18:11 [INFO] __main__ — depth_spread_range                         0.6197     0.3803   0.7297   0.2600
2026-03-07 19:18:11 [INFO] __main__ — depth_spread_std                           0.6189     0.3811   0.7224   0.2700
2026-03-07 19:18:11 [INFO] __main__ — L15_p10                                    0.6185     0.3815   0.7223   0.2750
2026-03-07 19:18:11 [INFO] __main__ — L3_p10                                     0.3822     0.6178   0.5534   0.1300
2026-03-07 19:18:11 [INFO] __main__ — L23_frac_below_1std                        0.6175     0.3825   0.6175   0.2350
2026-03-07 19:18:11 [INFO] __main__ — L7_mean_acceleration                       0.3831     0.6169   0.5922   0.2400
2026-03-07 19:18:11 [INFO] __main__ — L15_frac_above_1std                        0.3833     0.6167   0.5321   0.0700
2026-03-07 19:18:11 [INFO] __main__ — L0_p90                                     0.3836     0.6164   0.5535   0.1250
2026-03-07 19:18:11 [INFO] __main__ — L3_early_vs_late                           0.6162     0.3838   0.7140   0.3150
2026-03-07 19:18:11 [INFO] __main__ — depth_spread_p90                           0.3849     0.6151   0.5240   0.0900
2026-03-07 19:18:11 [INFO] __main__ — L23_mid_third                              0.6123     0.3877   0.7391   0.3650
2026-03-07 19:18:11 [INFO] __main__ — L23_late_third                             0.6116     0.3884   0.7304   0.2700
2026-03-07 19:18:11 [INFO] __main__ — L19_mid_third                              0.3885     0.6115   0.5781   0.1750
2026-03-07 19:18:11 [INFO] __main__ — depth_total_variation                      0.6094     0.3906   0.7029   0.2300
2026-03-07 19:18:11 [INFO] __main__ — depth_total_variation_norm                 0.6094     0.3906   0.7029   0.2300
2026-03-07 19:18:11 [INFO] __main__ — L23_trimmed_mean                           0.6090     0.3910   0.7356   0.3100
2026-03-07 19:18:11 [INFO] __main__ — L23_mid_vs_ends                            0.6080     0.3920   0.7244   0.3300
2026-03-07 19:18:11 [INFO] __main__ — depth_spread_last_mean                     0.3930     0.6070   0.5479   0.1100
2026-03-07 19:18:11 [INFO] __main__ — depth_min                                  0.3934     0.6066   0.5809   0.1350
2026-03-07 19:18:11 [INFO] __main__ — depth_first_mean                           0.3940     0.6060   0.5351   0.0800
2026-03-07 19:18:11 [INFO] __main__ — depth_early_third                          0.3940     0.6060   0.5351   0.0800
2026-03-07 19:18:11 [INFO] __main__ — L3_late_third                              0.3944     0.6056   0.5620   0.1050
2026-03-07 19:18:11 [INFO] __main__ — L3_peak_density                            0.3949     0.6051   0.5587   0.1300
2026-03-07 19:18:11 [INFO] __main__ — L7_total_variation_norm                    0.3969     0.6031   0.5445   0.0750
2026-03-07 19:18:11 [INFO] __main__ — depth_delta_seg                            0.6009     0.3991   0.6990   0.1850
2026-03-07 19:18:11 [INFO] __main__ — depth_mid_vs_ends                          0.4007     0.5993   0.5558   0.1050
2026-03-07 19:18:11 [INFO] __main__ — L3_monotonicity_up                         0.5988     0.4012   0.6718   0.1300
2026-03-07 19:18:11 [INFO] __main__ — L3_std_acceleration                        0.4016     0.5984   0.5906   0.2250
2026-03-07 19:18:11 [INFO] __main__ — L27_median                                 0.5979     0.4021   0.6953   0.1900
2026-03-07 19:18:11 [INFO] __main__ — L23_ac1                                    0.4022     0.5978   0.5753   0.1450
2026-03-07 19:18:11 [INFO] __main__ — depth_spread_delta_end                     0.4028     0.5972   0.5498   0.1100
2026-03-07 19:18:11 [INFO] __main__ — L19_frac_below_1std                        0.4037     0.5963   0.5374   0.0800
2026-03-07 19:18:11 [INFO] __main__ — L3_delta_seg                               0.5960     0.4040   0.6854   0.2500
2026-03-07 19:18:11 [INFO] __main__ — L27_p10                                    0.5954     0.4046   0.7383   0.3700
2026-03-07 19:18:11 [INFO] __main__ — depth_max                                  0.4047     0.5953   0.5322   0.0900
2026-03-07 19:18:11 [INFO] __main__ — L15_frac_below_1std                        0.5949     0.4051   0.6114   0.1150
2026-03-07 19:18:11 [INFO] __main__ — L3_total_variation_norm                    0.4077     0.5923   0.5826   0.1850
2026-03-07 19:18:11 [INFO] __main__ — L23_last_mean                              0.5921     0.4078   0.7171   0.2650
2026-03-07 19:18:11 [INFO] __main__ — depth_range                                0.4082     0.5918   0.5419   0.0800
2026-03-07 19:18:11 [INFO] __main__ — L27_std_acceleration                       0.4110     0.5890   0.5451   0.0950
2026-03-07 19:18:11 [INFO] __main__ — L11_mean_peak_height                       0.4114     0.5886   0.5606   0.1250
2026-03-07 19:18:11 [INFO] __main__ — L27_slope                                  0.5862     0.4138   0.7597   0.5250
2026-03-07 19:18:11 [INFO] __main__ — L11_trimmed_mean                           0.4145     0.5855   0.5333   0.0650
2026-03-07 19:18:11 [INFO] __main__ — depth_std                                  0.4155     0.5845   0.5246   0.0700
2026-03-07 19:18:11 [INFO] __main__ — L27_spearman_rho                           0.4167     0.5834   0.5673   0.1400
2026-03-07 19:18:11 [INFO] __main__ — depth_mean_peak_height                     0.4202     0.5798   0.5286   0.0850
2026-03-07 19:18:11 [INFO] __main__ — depth_spread_peak_pos                      0.5796     0.4205   0.6173   0.0000
2026-03-07 19:18:11 [INFO] __main__ — L23_mean_peak_height                       0.5794     0.4206   0.7078   0.2700
2026-03-07 19:18:11 [INFO] __main__ — depth_spread_mid_vs_ends                   0.4210     0.5791   0.5665   0.1500
2026-03-07 19:18:11 [INFO] __main__ — L3_mid_third                               0.4224     0.5776   0.6010   0.1950
2026-03-07 19:18:11 [INFO] __main__ — L27_p90                                    0.4265     0.5735   0.5239   0.0800
2026-03-07 19:18:11 [INFO] __main__ — L3_peak_pos                                0.5729     0.4272   0.5696   0.0300
2026-03-07 19:18:11 [INFO] __main__ — L11_p10                                    0.4272     0.5728   0.5704   0.1600
2026-03-07 19:18:11 [INFO] __main__ — L7_median                                  0.4295     0.5705   0.5913   0.1950
2026-03-07 19:18:11 [INFO] __main__ — L11_mean_acceleration                      0.4306     0.5694   0.6205   0.2800
2026-03-07 19:18:11 [INFO] __main__ — L7_ac1                                     0.4321     0.5679   0.5763   0.1350
2026-03-07 19:18:11 [INFO] __main__ — depth_last_mean                            0.5677     0.4323   0.6874   0.1950
2026-03-07 19:18:11 [INFO] __main__ — L19_mean_acceleration                      0.4326     0.5674   0.6393   0.2950
2026-03-07 19:18:11 [INFO] __main__ — L0_delta_seg                               0.5658     0.4342   0.5853   0.1150
2026-03-07 19:18:11 [INFO] __main__ — L19_last_mean                              0.4347     0.5653   0.6169   0.2250
2026-03-07 19:18:11 [INFO] __main__ — L0_monotonicity_up                         0.5635     0.4365   0.7087   0.2700
2026-03-07 19:18:11 [INFO] __main__ — L27_last_mean                              0.4375     0.5625   0.5624   0.0800
2026-03-07 19:18:11 [INFO] __main__ — L23_frac_above_1std                        0.5622     0.4378   0.6896   0.1700
2026-03-07 19:18:11 [INFO] __main__ — depth_frac_below_1std                      0.4384     0.5616   0.4851   0.0400
2026-03-07 19:18:11 [INFO] __main__ — L0_mid_vs_ends                             0.5605     0.4395   0.6542   0.2500
2026-03-07 19:18:11 [INFO] __main__ — L0_slope                                   0.5604     0.4397   0.6915   0.3450
2026-03-07 19:18:11 [INFO] __main__ — depth_spread_frac_above_1std               0.5585     0.4415   0.5397   0.0200
2026-03-07 19:18:11 [INFO] __main__ — L0_std                                     0.4418     0.5582   0.6318   0.2050
2026-03-07 19:18:11 [INFO] __main__ — L23_p10                                    0.5578     0.4422   0.7051   0.3200
2026-03-07 19:18:11 [INFO] __main__ — depth_spread_early_vs_late                 0.4429     0.5571   0.5873   0.1650
2026-03-07 19:18:11 [INFO] __main__ — L27_delta_seg                              0.4438     0.5562   0.5798   0.1050
2026-03-07 19:18:11 [INFO] __main__ — L3_mid_vs_ends                             0.5547     0.4453   0.6836   0.2700
2026-03-07 19:18:11 [INFO] __main__ — L27_peak_density                           0.5540     0.4460   0.6815   0.2050
2026-03-07 19:18:11 [INFO] __main__ — L3_delta_end                               0.5529     0.4471   0.5836   0.0200
2026-03-07 19:18:11 [INFO] __main__ — L27_peak_pos                               0.5521     0.4479   0.6042   0.1400
2026-03-07 19:18:11 [INFO] __main__ — L23_p90                                    0.4484     0.5516   0.6002   0.1700
2026-03-07 19:18:11 [INFO] __main__ — L23_mean                                   0.5510     0.4491   0.6904   0.2350
2026-03-07 19:18:11 [INFO] __main__ — L27_late_third                             0.4496     0.5504   0.5757   0.1100
2026-03-07 19:18:11 [INFO] __main__ — L0_std_acceleration                        0.4507     0.5493   0.6454   0.2750
2026-03-07 19:18:11 [INFO] __main__ — depth_monotonicity_up                      0.4509     0.5491   0.5348   0.0650
2026-03-07 19:18:11 [INFO] __main__ — L7_mid_vs_ends                             0.5488     0.4512   0.6970   0.2800
2026-03-07 19:18:11 [INFO] __main__ — L0_peak_pos                                0.5488     0.4512   0.5611   0.0550
2026-03-07 19:18:11 [INFO] __main__ — L11_delta_end                              0.4514     0.5486   0.4960   0.0250
2026-03-07 19:18:11 [INFO] __main__ — L11_frac_below_1std                        0.5475     0.4525   0.5475   0.0950
2026-03-07 19:18:11 [INFO] __main__ — L27_mean_acceleration                      0.4546     0.5454   0.6513   0.2850
2026-03-07 19:18:11 [INFO] __main__ — depth_peak_density                         0.4557     0.5442   0.4862   0.0200
2026-03-07 19:18:11 [INFO] __main__ — L7_mid_third                               0.4560     0.5440   0.6099   0.2150
2026-03-07 19:18:11 [INFO] __main__ — L0_early_vs_late                           0.5435     0.4565   0.6063   0.1650
2026-03-07 19:18:11 [INFO] __main__ — L27_total_variation_norm                   0.5417     0.4584   0.6501   0.1650
2026-03-07 19:18:11 [INFO] __main__ — L0_p10                                     0.4586     0.5414   0.6014   0.1850
2026-03-07 19:18:11 [INFO] __main__ — L15_mid_third                              0.4587     0.5413   0.6016   0.1800
2026-03-07 19:18:11 [INFO] __main__ — L15_late_third                             0.5403     0.4597   0.6692   0.2050
2026-03-07 19:18:11 [INFO] __main__ — L0_peak_density                            0.4598     0.5402   0.6755   0.1900
2026-03-07 19:18:11 [INFO] __main__ — L7_frac_below_1std                         0.5400     0.4600   0.5400   0.0800
2026-03-07 19:18:11 [INFO] __main__ — L23_median                                 0.5392     0.4608   0.6570   0.2200
2026-03-07 19:18:11 [INFO] __main__ — L23_total_variation_norm                   0.5382     0.4618   0.6934   0.2850
2026-03-07 19:18:11 [INFO] __main__ — L3_trimmed_mean                            0.4631     0.5369   0.6001   0.1100
2026-03-07 19:18:11 [INFO] __main__ — L15_median                                 0.4640     0.5360   0.5759   0.1050
2026-03-07 19:18:11 [INFO] __main__ — L19_frac_above_1std                        0.5359     0.4640   0.6879   0.2550
2026-03-07 19:18:11 [INFO] __main__ — L19_delta_end                              0.5359     0.4641   0.5846   0.0400
2026-03-07 19:18:11 [INFO] __main__ — L0_mean                                    0.4653     0.5347   0.6484   0.2200
2026-03-07 19:18:11 [INFO] __main__ — L27_early_vs_late                          0.4656     0.5344   0.5883   0.1150
2026-03-07 19:18:11 [INFO] __main__ — L19_late_third                             0.4660     0.5340   0.6238   0.2000
2026-03-07 19:18:11 [INFO] __main__ — depth_spread_frac_below_1std               0.5333     0.4667   0.5199   0.0050
2026-03-07 19:18:11 [INFO] __main__ — L19_ac1                                    0.5324     0.4676   0.6867   0.3100
2026-03-07 19:18:11 [INFO] __main__ — L27_first_mean                             0.4684     0.5316   0.5846   0.1200
2026-03-07 19:18:11 [INFO] __main__ — depth_spread_delta_seg                     0.5311     0.4689   0.6528   0.1850
2026-03-07 19:18:11 [INFO] __main__ — L11_frac_above_1std                        0.4708     0.5292   0.6338   0.1900
2026-03-07 19:18:11 [INFO] __main__ — L15_last_mean                              0.5292     0.4708   0.6657   0.2300
2026-03-07 19:18:11 [INFO] __main__ — L15_mean_acceleration                      0.5274     0.4726   0.6970   0.3650
2026-03-07 19:18:11 [INFO] __main__ — L0_total_variation_norm                    0.4727     0.5273   0.6604   0.2400
2026-03-07 19:18:11 [INFO] __main__ — L3_mean_acceleration                       0.5272     0.4728   0.6170   0.0850
2026-03-07 19:18:11 [INFO] __main__ — depth_spread_mean_acceleration             0.4762     0.5238   0.6151   0.1250
2026-03-07 19:18:11 [INFO] __main__ — L3_frac_above_1std                         0.4778     0.5222   0.6174   0.1600
2026-03-07 19:18:11 [INFO] __main__ — L7_last_mean                               0.5200     0.4800   0.6662   0.2550
2026-03-07 19:18:11 [INFO] __main__ — L11_mid_third                              0.4804     0.5196   0.5998   0.1200
2026-03-07 19:18:11 [INFO] __main__ — L27_mid_vs_ends                            0.4805     0.5195   0.5975   0.1000
2026-03-07 19:18:11 [INFO] __main__ — L23_std_acceleration                       0.5193     0.4807   0.6863   0.2650
2026-03-07 19:18:11 [INFO] __main__ — L0_trimmed_mean                            0.4812     0.5188   0.6324   0.2350
2026-03-07 19:18:11 [INFO] __main__ — L27_mid_third                              0.4813     0.5187   0.5884   0.1200
2026-03-07 19:18:11 [INFO] __main__ — depth_slope                                0.4817     0.5183   0.6010   0.1000
2026-03-07 19:18:11 [INFO] __main__ — L23_std                                    0.5167     0.4833   0.6456   0.1850
2026-03-07 19:18:11 [INFO] __main__ — depth_spread_slope                         0.4836     0.5165   0.5995   0.1300
2026-03-07 19:18:11 [INFO] __main__ — L27_early_third                            0.4840     0.5160   0.6012   0.1450
2026-03-07 19:18:11 [INFO] __main__ — depth_spread_spearman_rho                  0.5155     0.4845   0.5807   0.0700
2026-03-07 19:18:11 [INFO] __main__ — depth_spread_max                           0.5153     0.4847   0.6253   0.1450
2026-03-07 19:18:11 [INFO] __main__ — L7_late_third                              0.5151     0.4849   0.6538   0.2150
2026-03-07 19:18:11 [INFO] __main__ — L15_ac1                                    0.5145     0.4855   0.6478   0.2300
2026-03-07 19:18:11 [INFO] __main__ — L7_delta_end                               0.5141     0.4859   0.5448   0.0300
2026-03-07 19:18:11 [INFO] __main__ — L7_trimmed_mean                            0.4862     0.5138   0.6158   0.1600
2026-03-07 19:18:11 [INFO] __main__ — L11_ac1                                    0.5111     0.4889   0.6619   0.2450
2026-03-07 19:18:11 [INFO] __main__ — depth_peak_pos                             0.4905     0.5095   0.5771   0.2050
2026-03-07 19:18:11 [INFO] __main__ — L27_mean                                   0.5083     0.4917   0.6102   0.1200
2026-03-07 19:18:11 [INFO] __main__ — L15_delta_end                              0.4943     0.5057   0.5040   0.0150
2026-03-07 19:18:11 [INFO] __main__ — depth_delta_end                            0.4944     0.5056   0.5985   0.1150
2026-03-07 19:18:11 [INFO] __main__ — depth_mean_acceleration                    0.5053     0.4948   0.6326   0.1550
2026-03-07 19:18:11 [INFO] __main__ — L11_last_mean                              0.4957     0.5043   0.6481   0.2350
2026-03-07 19:18:11 [INFO] __main__ — L27_frac_below_1std                        0.5025     0.4975   0.5025   0.0050
2026-03-07 19:18:11 [INFO] __main__ — L11_late_third                             0.4986     0.5014   0.6376   0.1800
2026-03-07 19:18:11 [INFO] __main__ — L0_min                                     0.5000     0.5000   0.5000   0.0000
2026-03-07 19:18:11 [INFO] __main__ — L0_frac_below_1std                         0.5000     0.5000   0.5000   0.0000
2026-03-07 19:18:11 [INFO] __main__ — L3_min                                     0.5000     0.5000   0.5000   0.0000
2026-03-07 19:18:11 [INFO] __main__ — L3_frac_below_1std                         0.5000     0.5000   0.5000   0.0000
2026-03-07 19:18:11 [INFO] __main__ — L7_min                                     0.5000     0.5000   0.5000   0.0000
2026-03-07 19:18:11 [INFO] __main__ — L11_min                                    0.5000     0.5000   0.5000   0.0000
2026-03-07 19:18:11 [INFO] __main__ — L15_min                                    0.5000     0.5000   0.5000   0.0000
2026-03-07 19:18:11 [INFO] __main__ — L19_min                                    0.5000     0.5000   0.5000   0.0000
2026-03-07 19:18:11 [INFO] __main__ — L23_min                                    0.5000     0.5000   0.5000   0.0000
2026-03-07 19:18:11 [INFO] __main__ — depth_frac_above_q                         0.5000     0.5000   0.5000   0.0000
2026-03-07 19:18:11 [INFO] __main__ — depth_spread_frac_above_q                  0.5000     0.5000   0.5000   0.0000
2026-03-07 19:18:11 [INFO] __main__ — ================================================================================
