2026-03-07 19:11:02 [INFO] __main__ — ================================================================================
2026-03-07 19:11:02 [INFO] __main__ — INTERMEDIATE LAYER ENTROPY METRICS
2026-03-07 19:11:02 [INFO] __main__ — ================================================================================
2026-03-07 19:11:02 [INFO] __main__ — Device          : cuda
2026-03-07 19:11:02 [INFO] __main__ — Model path      : google/gemma-7b
2026-03-07 19:11:02 [INFO] __main__ — N probe layers  : 8
2026-03-07 19:11:02 [INFO] __main__ — Score key(s)    : ALL
2026-03-07 19:11:02 [INFO] __main__ — ================================================================================
2026-03-07 19:11:02 [INFO] __main__ — [1/4] Loading test data...
2026-03-07 19:11:02 [INFO] __main__ — Loading all available prompts (n_test=max)
2026-03-07 19:11:02 [INFO] httpx — HTTP Request: HEAD https://huggingface.co/datasets/allenai/wildjailbreak/resolve/main/README.md "HTTP/1.1 200 OK"
2026-03-07 19:11:03 [INFO] httpx — HTTP Request: HEAD https://huggingface.co/datasets/allenai/wildjailbreak/resolve/5ddc12a7894f842b0619b8e1c7ee496b198af009/wildjailbreak.py "HTTP/1.1 404 Not Found"
2026-03-07 19:11:03 [INFO] httpx — HTTP Request: HEAD https://s3.amazonaws.com/datasets.huggingface.co/datasets/datasets/allenai/wildjailbreak/allenai/wildjailbreak.py "HTTP/1.1 404 Not Found"
2026-03-07 19:11:03 [INFO] httpx — HTTP Request: GET https://huggingface.co/api/datasets/allenai/wildjailbreak/revision/5ddc12a7894f842b0619b8e1c7ee496b198af009 "HTTP/1.1 200 OK"
2026-03-07 19:11:03 [INFO] httpx — HTTP Request: HEAD https://huggingface.co/datasets/allenai/wildjailbreak/resolve/5ddc12a7894f842b0619b8e1c7ee496b198af009/.huggingface.yaml "HTTP/1.1 404 Not Found"
2026-03-07 19:11:03 [INFO] httpx — HTTP Request: GET https://datasets-server.huggingface.co/info?dataset=allenai/wildjailbreak "HTTP/1.1 200 OK"
2026-03-07 19:11:03 [INFO] httpx — HTTP Request: GET https://huggingface.co/api/datasets/allenai/wildjailbreak/tree/5ddc12a7894f842b0619b8e1c7ee496b198af009/train?recursive=false&expand=false "HTTP/1.1 200 OK"
2026-03-07 19:11:04 [INFO] httpx — HTTP Request: HEAD https://huggingface.co/datasets/allenai/wildjailbreak/resolve/5ddc12a7894f842b0619b8e1c7ee496b198af009/dataset_infos.json "HTTP/1.1 404 Not Found"
2026-03-07 19:11:11 [INFO] httpx — HTTP Request: HEAD https://huggingface.co/datasets/walledai/StrongREJECT/resolve/main/README.md "HTTP/1.1 200 OK"
2026-03-07 19:11:11 [INFO] httpx — HTTP Request: HEAD https://huggingface.co/datasets/walledai/StrongREJECT/resolve/df54272b395ce9e584d2f8140519935425d8549f/StrongREJECT.py "HTTP/1.1 404 Not Found"
2026-03-07 19:11:12 [INFO] httpx — HTTP Request: HEAD https://s3.amazonaws.com/datasets.huggingface.co/datasets/datasets/walledai/StrongREJECT/walledai/StrongREJECT.py "HTTP/1.1 404 Not Found"
2026-03-07 19:11:12 [INFO] httpx — HTTP Request: GET https://huggingface.co/api/datasets/walledai/StrongREJECT/revision/df54272b395ce9e584d2f8140519935425d8549f "HTTP/1.1 200 OK"
2026-03-07 19:11:12 [INFO] httpx — HTTP Request: HEAD https://huggingface.co/datasets/walledai/StrongREJECT/resolve/df54272b395ce9e584d2f8140519935425d8549f/.huggingface.yaml "HTTP/1.1 404 Not Found"
2026-03-07 19:11:12 [INFO] httpx — HTTP Request: GET https://datasets-server.huggingface.co/info?dataset=walledai/StrongREJECT "HTTP/1.1 200 OK"
2026-03-07 19:11:12 [INFO] httpx — HTTP Request: GET https://huggingface.co/api/datasets/walledai/StrongREJECT/tree/df54272b395ce9e584d2f8140519935425d8549f/data?recursive=true&expand=false "HTTP/1.1 200 OK"
2026-03-07 19:11:12 [INFO] httpx — HTTP Request: GET https://huggingface.co/api/datasets/walledai/StrongREJECT/tree/df54272b395ce9e584d2f8140519935425d8549f?recursive=false&expand=false "HTTP/1.1 200 OK"
2026-03-07 19:11:12 [INFO] httpx — HTTP Request: HEAD https://huggingface.co/datasets/walledai/StrongREJECT/resolve/df54272b395ce9e584d2f8140519935425d8549f/dataset_infos.json "HTTP/1.1 404 Not Found"
2026-03-07 19:11:12 [INFO] __main__ —   Safe: 313  |  Harmful: 313
2026-03-07 19:11:12 [INFO] __main__ — [2/4] Loading model...
2026-03-07 19:11:12 [INFO] httpx — HTTP Request: HEAD https://huggingface.co/google/gemma-7b/resolve/main/config.json "HTTP/1.1 200 OK"
2026-03-07 19:11:13 [INFO] httpx — HTTP Request: HEAD https://huggingface.co/google/gemma-7b/resolve/main/tokenizer_config.json "HTTP/1.1 200 OK"
2026-03-07 19:11:13 [INFO] httpx — HTTP Request: GET https://huggingface.co/api/models/google/gemma-7b/tree/main/additional_chat_templates?recursive=false&expand=false "HTTP/1.1 404 Not Found"
2026-03-07 19:11:13 [INFO] httpx — HTTP Request: GET https://huggingface.co/api/models/google/gemma-7b/tree/main?recursive=true&expand=false "HTTP/1.1 200 OK"
2026-03-07 19:11:15 [INFO] httpx — HTTP Request: HEAD https://huggingface.co/google/gemma-7b/resolve/main/config.json "HTTP/1.1 200 OK"
2026-03-07 19:11:15 [INFO] httpx — HTTP Request: HEAD https://huggingface.co/google/gemma-7b/resolve/main/config.json "HTTP/1.1 200 OK"
2026-03-07 19:11:24 [INFO] httpx — HTTP Request: HEAD https://huggingface.co/google/gemma-7b/resolve/main/generation_config.json "HTTP/1.1 200 OK"
2026-03-07 19:11:24 [INFO] __main__ —   Running base model (no LoRA adapter)
2026-03-07 19:11:24 [INFO] __main__ —   n_layers        : 28
2026-03-07 19:11:24 [INFO] __main__ —   layers_to_probe : [0, 3, 7, 11, 15, 19, 23, 27]
2026-03-07 19:11:24 [INFO] __main__ —   Total features  : 320
2026-03-07 19:11:24 [INFO] __main__ — [3/4] Computing intermediate entropy features...
2026-03-07 19:11:24 [INFO] __main__ —   Processing SAFE prompts...
2026-03-07 19:13:09 [INFO] __main__ —   Processing HARMFUL prompts...
2026-03-07 19:13:46 [INFO] __main__ — [4/4] Evaluating detection metrics...
2026-03-07 19:13:48 [INFO] __main__ — Saved results to: results/intermediate_entropy/intermediate_entropy_all_keys_20260307_191347.json
2026-03-07 19:13:48 [INFO] __main__ — ================================================================================
2026-03-07 19:13:48 [INFO] __main__ — key                                         AUROC AUROC_flip       AP   TPR@1%
2026-03-07 19:13:48 [INFO] __main__ — --------------------------------------------------------------------------------
2026-03-07 19:13:48 [INFO] __main__ — L23_total_variation                        0.0033     0.9967   0.3077   0.0000
2026-03-07 19:13:48 [INFO] __main__ — L11_total_variation                        0.0035     0.9965   0.3077   0.0000
2026-03-07 19:13:48 [INFO] __main__ — L15_total_variation                        0.0041     0.9959   0.3077   0.0000
2026-03-07 19:13:48 [INFO] __main__ — L19_total_variation                        0.0044     0.9956   0.3078   0.0000
2026-03-07 19:13:48 [INFO] __main__ — L7_total_variation                         0.0056     0.9944   0.3078   0.0000
2026-03-07 19:13:48 [INFO] __main__ — L3_total_variation                         0.0132     0.9868   0.3085   0.0000
2026-03-07 19:13:48 [INFO] __main__ — L27_total_variation                        0.0150     0.9850   0.3087   0.0000
2026-03-07 19:13:48 [INFO] __main__ — L0_total_variation                         0.0510     0.9490   0.3123   0.0000
2026-03-07 19:13:48 [INFO] __main__ — L0_frac_above_q                            0.8839     0.1161   0.9206   0.7125
2026-03-07 19:13:48 [INFO] __main__ — L3_frac_above_q                            0.8839     0.1161   0.9206   0.7125
2026-03-07 19:13:48 [INFO] __main__ — L7_frac_above_q                            0.8839     0.1161   0.9206   0.7125
2026-03-07 19:13:48 [INFO] __main__ — L11_frac_above_q                           0.8839     0.1161   0.9206   0.7125
2026-03-07 19:13:48 [INFO] __main__ — L15_frac_above_q                           0.8839     0.1161   0.9206   0.7125
2026-03-07 19:13:48 [INFO] __main__ — L19_frac_above_q                           0.8839     0.1161   0.9206   0.7125
2026-03-07 19:13:48 [INFO] __main__ — L23_frac_above_q                           0.8839     0.1161   0.9206   0.7125
2026-03-07 19:13:48 [INFO] __main__ — L27_frac_above_q                           0.8839     0.1161   0.9206   0.7125
2026-03-07 19:13:48 [INFO] __main__ — L7_max                                     0.1259     0.8741   0.3265   0.0000
2026-03-07 19:13:48 [INFO] __main__ — L7_range                                   0.1259     0.8741   0.3265   0.0000
2026-03-07 19:13:48 [INFO] __main__ — L3_max                                     0.1298     0.8702   0.3298   0.0064
2026-03-07 19:13:48 [INFO] __main__ — L3_range                                   0.1298     0.8702   0.3298   0.0064
2026-03-07 19:13:48 [INFO] __main__ — L19_max                                    0.1402     0.8598   0.3323   0.0032
2026-03-07 19:13:48 [INFO] __main__ — L19_range                                  0.1402     0.8598   0.3323   0.0032
2026-03-07 19:13:48 [INFO] __main__ — L15_max                                    0.1471     0.8529   0.3346   0.0000
2026-03-07 19:13:48 [INFO] __main__ — L15_range                                  0.1471     0.8529   0.3346   0.0000
2026-03-07 19:13:48 [INFO] __main__ — L23_max                                    0.1514     0.8486   0.3317   0.0000
2026-03-07 19:13:48 [INFO] __main__ — L23_range                                  0.1514     0.8486   0.3317   0.0000
2026-03-07 19:13:48 [INFO] __main__ — depth_ac1                                  0.1572     0.8428   0.3360   0.0064
2026-03-07 19:13:48 [INFO] __main__ — depth_spread_ac1                           0.1583     0.8417   0.3384   0.0032
2026-03-07 19:13:48 [INFO] __main__ — L11_max                                    0.1594     0.8406   0.3354   0.0000
2026-03-07 19:13:48 [INFO] __main__ — L11_range                                  0.1594     0.8406   0.3354   0.0000
2026-03-07 19:13:48 [INFO] __main__ — L15_monotonicity_up                        0.8301     0.1699   0.8767   0.5495
2026-03-07 19:13:48 [INFO] __main__ — L15_first_mean                             0.1748     0.8252   0.3431   0.0064
2026-03-07 19:13:48 [INFO] __main__ — L27_range                                  0.1859     0.8141   0.3541   0.0000
2026-03-07 19:13:48 [INFO] __main__ — L27_max                                    0.1859     0.8141   0.3542   0.0000
2026-03-07 19:13:48 [INFO] __main__ — L19_first_mean                             0.1869     0.8131   0.3636   0.0192
2026-03-07 19:13:48 [INFO] __main__ — L15_early_third                            0.1889     0.8111   0.3493   0.0064
2026-03-07 19:13:48 [INFO] __main__ — L19_monotonicity_up                        0.8012     0.1988   0.8561   0.4984
2026-03-07 19:13:48 [INFO] __main__ — L15_spearman_rho                           0.7944     0.2056   0.8372   0.3770
2026-03-07 19:13:48 [INFO] __main__ — L0_ac1                                     0.2141     0.7859   0.3850   0.0288
2026-03-07 19:13:48 [INFO] __main__ — L19_early_third                            0.2227     0.7773   0.3735   0.0096
2026-03-07 19:13:48 [INFO] __main__ — depth_spread_mean                          0.2255     0.7745   0.3865   0.0160
2026-03-07 19:13:48 [INFO] __main__ — depth_spread_trimmed_mean                  0.2255     0.7745   0.3865   0.0160
2026-03-07 19:13:48 [INFO] __main__ — depth_spread_std_acceleration              0.7720     0.2280   0.8198   0.3514
2026-03-07 19:13:48 [INFO] __main__ — L0_max                                     0.2308     0.7692   0.3577   0.0000
2026-03-07 19:13:48 [INFO] __main__ — L0_range                                   0.2308     0.7692   0.3577   0.0000
2026-03-07 19:13:48 [INFO] __main__ — depth_spread_late_third                    0.2365     0.7635   0.4074   0.0383
2026-03-07 19:13:48 [INFO] __main__ — L15_p90                                    0.2432     0.7568   0.3905   0.0288
2026-03-07 19:13:48 [INFO] __main__ — L19_spearman_rho                           0.7546     0.2454   0.8169   0.3514
2026-03-07 19:13:48 [INFO] __main__ — L15_slope                                  0.7491     0.2509   0.8479   0.5783
2026-03-07 19:13:48 [INFO] __main__ — depth_spread_monotonicity_up               0.2556     0.7444   0.3913   0.0192
2026-03-07 19:13:48 [INFO] __main__ — L11_monotonicity_up                        0.7438     0.2562   0.8221   0.4792
2026-03-07 19:13:48 [INFO] __main__ — depth_std_acceleration                     0.7427     0.2573   0.7897   0.2843
2026-03-07 19:13:48 [INFO] __main__ — depth_late_third                           0.2573     0.7427   0.4200   0.0351
2026-03-07 19:13:48 [INFO] __main__ — L23_mean_acceleration                      0.2589     0.7411   0.4484   0.0799
2026-03-07 19:13:48 [INFO] __main__ — L0_frac_above_1std                         0.7298     0.2702   0.8028   0.3706
2026-03-07 19:13:48 [INFO] __main__ — depth_spread_median                        0.2702     0.7298   0.4012   0.0096
2026-03-07 19:13:48 [INFO] __main__ — L27_p90                                    0.2719     0.7281   0.3924   0.0128
2026-03-07 19:13:48 [INFO] __main__ — depth_early_vs_late                        0.2742     0.7258   0.4178   0.0351
2026-03-07 19:13:48 [INFO] __main__ — L3_ac1                                     0.2743     0.7257   0.4602   0.0767
2026-03-07 19:13:48 [INFO] __main__ — L19_peak_density                           0.2825     0.7175   0.4182   0.0032
2026-03-07 19:13:48 [INFO] __main__ — L0_last_mean                               0.2847     0.7153   0.4821   0.0511
2026-03-07 19:13:48 [INFO] __main__ — L27_min                                    0.7129     0.2871   0.7195   0.2109
2026-03-07 19:13:48 [INFO] __main__ — depth_slope                                0.2877     0.7123   0.4205   0.0192
2026-03-07 19:13:48 [INFO] __main__ — L3_mean_acceleration                       0.2886     0.7114   0.4338   0.0351
2026-03-07 19:13:48 [INFO] __main__ — depth_last_mean                            0.2909     0.7091   0.4219   0.0192
2026-03-07 19:13:48 [INFO] __main__ — depth_spread_last_mean                     0.2933     0.7067   0.4506   0.0511
2026-03-07 19:13:48 [INFO] __main__ — depth_mean                                 0.2942     0.7058   0.4457   0.0479
2026-03-07 19:13:48 [INFO] __main__ — depth_trimmed_mean                         0.2942     0.7058   0.4457   0.0479
2026-03-07 19:13:48 [INFO] __main__ — L19_slope                                  0.7032     0.2968   0.8225   0.5367
2026-03-07 19:13:48 [INFO] __main__ — L15_delta_seg                              0.6969     0.3031   0.7524   0.2268
2026-03-07 19:13:48 [INFO] __main__ — L11_early_third                            0.3040     0.6960   0.4320   0.0319
2026-03-07 19:13:48 [INFO] __main__ — L0_late_third                              0.3044     0.6956   0.4918   0.0703
2026-03-07 19:13:48 [INFO] __main__ — depth_median                               0.3055     0.6945   0.4625   0.0639
2026-03-07 19:13:48 [INFO] __main__ — depth_spread_p10                           0.3070     0.6930   0.4294   0.0224
2026-03-07 19:13:48 [INFO] __main__ — depth_delta_seg                            0.3072     0.6928   0.4273   0.0256
2026-03-07 19:13:48 [INFO] __main__ — L27_first_mean                             0.3080     0.6920   0.4509   0.0479
2026-03-07 19:13:48 [INFO] __main__ — depth_delta_end                            0.3083     0.6917   0.4133   0.0160
2026-03-07 19:13:48 [INFO] __main__ — L15_std                                    0.3094     0.6906   0.4402   0.0415
2026-03-07 19:13:48 [INFO] __main__ — L15_early_vs_late                          0.6904     0.3096   0.7572   0.2971
2026-03-07 19:13:48 [INFO] __main__ — L27_std                                    0.3109     0.6891   0.4553   0.0607
2026-03-07 19:13:48 [INFO] __main__ — depth_spread_total_variation               0.6878     0.3122   0.7664   0.3227
2026-03-07 19:13:48 [INFO] __main__ — depth_spread_total_variation_norm          0.6878     0.3122   0.7664   0.3227
2026-03-07 19:13:48 [INFO] __main__ — depth_monotonicity_up                      0.3123     0.6877   0.4026   0.0064
2026-03-07 19:13:48 [INFO] __main__ — L11_p90                                    0.3124     0.6876   0.4182   0.0224
2026-03-07 19:13:48 [INFO] __main__ — L0_slope                                   0.3138     0.6862   0.5229   0.1502
2026-03-07 19:13:48 [INFO] __main__ — L3_last_mean                               0.3141     0.6859   0.4960   0.0927
2026-03-07 19:13:48 [INFO] __main__ — L15_peak_density                           0.3144     0.6856   0.4610   0.0447
2026-03-07 19:13:48 [INFO] __main__ — L19_delta_seg                              0.6855     0.3145   0.7640   0.2364
2026-03-07 19:13:48 [INFO] __main__ — depth_spread_delta_end                     0.3157     0.6843   0.4698   0.0735
2026-03-07 19:13:48 [INFO] __main__ — L11_first_mean                             0.3228     0.6772   0.4236   0.0192
2026-03-07 19:13:48 [INFO] __main__ — L19_p90                                    0.3252     0.6748   0.4584   0.0447
2026-03-07 19:13:48 [INFO] __main__ — L15_mean                                   0.3257     0.6743   0.4452   0.0256
2026-03-07 19:13:48 [INFO] __main__ — L11_spearman_rho                           0.6719     0.3281   0.7359   0.2173
2026-03-07 19:13:48 [INFO] __main__ — L19_early_vs_late                          0.6717     0.3283   0.7521   0.2939
2026-03-07 19:13:48 [INFO] __main__ — L27_ac1                                    0.3285     0.6715   0.4765   0.0575
2026-03-07 19:13:48 [INFO] __main__ — L7_monotonicity_up                         0.6704     0.3296   0.7578   0.3738
2026-03-07 19:13:48 [INFO] __main__ — L11_slope                                  0.6693     0.3307   0.8036   0.5623
2026-03-07 19:13:48 [INFO] __main__ — L27_mean                                   0.3313     0.6687   0.4227   0.0128
2026-03-07 19:13:48 [INFO] __main__ — L23_last_mean                              0.3336     0.6664   0.4837   0.0639
2026-03-07 19:13:48 [INFO] __main__ — L27_mid_third                              0.3342     0.6658   0.4374   0.0192
2026-03-07 19:13:48 [INFO] __main__ — L3_late_third                              0.3348     0.6652   0.5036   0.0895
2026-03-07 19:13:48 [INFO] __main__ — L11_peak_density                           0.3365     0.6635   0.4960   0.0799
2026-03-07 19:13:48 [INFO] __main__ — L27_slope                                  0.6633     0.3367   0.7950   0.4569
2026-03-07 19:13:48 [INFO] __main__ — L3_slope                                   0.3369     0.6631   0.5697   0.2588
2026-03-07 19:13:48 [INFO] __main__ — L23_p90                                    0.3395     0.6605   0.4719   0.0447
2026-03-07 19:13:48 [INFO] __main__ — L7_mean_acceleration                       0.3410     0.6590   0.5491   0.1949
2026-03-07 19:13:48 [INFO] __main__ — L27_early_third                            0.3418     0.6582   0.4665   0.0575
2026-03-07 19:13:48 [INFO] __main__ — L23_early_third                            0.3418     0.6582   0.5066   0.1086
2026-03-07 19:13:48 [INFO] __main__ — L27_std_acceleration                       0.3422     0.6578   0.4857   0.0799
2026-03-07 19:13:48 [INFO] __main__ — L3_delta_seg                               0.3445     0.6555   0.5015   0.0863
2026-03-07 19:13:48 [INFO] __main__ — L23_late_third                             0.3472     0.6528   0.5055   0.0735
2026-03-07 19:13:48 [INFO] __main__ — L0_early_vs_late                           0.3475     0.6525   0.4779   0.0511
2026-03-07 19:13:48 [INFO] __main__ — L0_peak_density                            0.6501     0.3499   0.7668   0.3674
2026-03-07 19:13:48 [INFO] __main__ — depth_spread_slope                         0.3501     0.6499   0.4947   0.0735
2026-03-07 19:13:48 [INFO] __main__ — depth_spread_peak_density                  0.6490     0.3510   0.6020   0.0032
2026-03-07 19:13:48 [INFO] __main__ — L19_std_acceleration                       0.3517     0.6483   0.5009   0.0575
2026-03-07 19:13:48 [INFO] __main__ — L27_monotonicity_up                        0.3517     0.6483   0.5673   0.1629
2026-03-07 19:13:48 [INFO] __main__ — L23_first_mean                             0.3518     0.6482   0.4902   0.0607
2026-03-07 19:13:48 [INFO] __main__ — depth_p90                                  0.3530     0.6470   0.4741   0.0607
2026-03-07 19:13:48 [INFO] __main__ — depth_spread_mid_third                     0.3553     0.6447   0.4683   0.0351
2026-03-07 19:13:48 [INFO] __main__ — L27_peak_density                           0.3554     0.6446   0.4626   0.0256
2026-03-07 19:13:48 [INFO] __main__ — L19_mid_vs_ends                            0.6432     0.3568   0.7388   0.2939
2026-03-07 19:13:48 [INFO] __main__ — L19_median                                 0.3568     0.6432   0.5073   0.0735
2026-03-07 19:13:48 [INFO] __main__ — L0_delta_seg                               0.3580     0.6420   0.4682   0.0415
2026-03-07 19:13:48 [INFO] __main__ — L19_total_variation_norm                   0.3587     0.6413   0.4912   0.0575
2026-03-07 19:13:48 [INFO] __main__ — L15_mean_acceleration                      0.6404     0.3596   0.7615   0.3898
2026-03-07 19:13:48 [INFO] __main__ — depth_spread_mean_peak_height              0.6400     0.3600   0.6182   0.0703
2026-03-07 19:13:48 [INFO] __main__ — L27_total_variation_norm                   0.3612     0.6388   0.4724   0.0543
2026-03-07 19:13:48 [INFO] __main__ — L0_trimmed_mean                            0.6385     0.3615   0.7497   0.3802
2026-03-07 19:13:48 [INFO] __main__ — L15_trimmed_mean                           0.3620     0.6380   0.4742   0.0415
2026-03-07 19:13:48 [INFO] __main__ — L0_total_variation_norm                    0.6374     0.3626   0.7402   0.2236
2026-03-07 19:13:48 [INFO] __main__ — L19_mean                                   0.3628     0.6372   0.5035   0.0671
2026-03-07 19:13:48 [INFO] __main__ — L15_std_acceleration                       0.3631     0.6369   0.5068   0.0767
2026-03-07 19:13:48 [INFO] __main__ — L7_frac_above_1std                         0.6368     0.3632   0.7319   0.2332
2026-03-07 19:13:48 [INFO] __main__ — L3_mean_peak_height                        0.3633     0.6367   0.5139   0.0799
2026-03-07 19:13:48 [INFO] __main__ — L23_mean                                   0.3657     0.6343   0.5116   0.0735
2026-03-07 19:13:48 [INFO] __main__ — L15_total_variation_norm                   0.3662     0.6338   0.5010   0.0511
2026-03-07 19:13:48 [INFO] __main__ — L3_early_vs_late                           0.3700     0.6300   0.5153   0.0927
2026-03-07 19:13:48 [INFO] __main__ — L23_median                                 0.3706     0.6294   0.5200   0.1150
2026-03-07 19:13:48 [INFO] __main__ — depth_spread_delta_seg                     0.3711     0.6289   0.5047   0.0703
2026-03-07 19:13:48 [INFO] __main__ — L27_mean_peak_height                       0.3725     0.6275   0.5221   0.1054
2026-03-07 19:13:48 [INFO] __main__ — L0_mean_peak_height                        0.3755     0.6245   0.5204   0.0479
2026-03-07 19:13:48 [INFO] __main__ — depth_spread_spearman_rho                  0.3755     0.6245   0.4702   0.0224
2026-03-07 19:13:48 [INFO] __main__ — L0_mid_third                               0.3760     0.6240   0.5665   0.1725
2026-03-07 19:13:48 [INFO] __main__ — L15_median                                 0.3764     0.6236   0.5171   0.0831
2026-03-07 19:13:48 [INFO] __main__ — L23_std                                    0.3769     0.6231   0.5082   0.0607
2026-03-07 19:13:48 [INFO] __main__ — L11_std                                    0.3774     0.6226   0.4889   0.0511
2026-03-07 19:13:48 [INFO] __main__ — L0_mean                                    0.6204     0.3796   0.7213   0.1981
2026-03-07 19:13:48 [INFO] __main__ — depth_spread_early_vs_late                 0.3800     0.6200   0.5084   0.0831
2026-03-07 19:13:48 [INFO] __main__ — L3_std                                     0.3807     0.6193   0.5212   0.0767
2026-03-07 19:13:48 [INFO] __main__ — L3_p90                                     0.3822     0.6178   0.5251   0.0831
2026-03-07 19:13:48 [INFO] __main__ — L15_peak_pos                               0.6130     0.3870   0.6072   0.0958
2026-03-07 19:13:48 [INFO] __main__ — L11_mean                                   0.3872     0.6128   0.5193   0.0703
2026-03-07 19:13:48 [INFO] __main__ — L11_median                                 0.3893     0.6107   0.5190   0.0767
2026-03-07 19:13:48 [INFO] __main__ — L27_last_mean                              0.3894     0.6106   0.4939   0.0479
2026-03-07 19:13:48 [INFO] __main__ — L27_late_third                             0.3901     0.6099   0.4829   0.0319
2026-03-07 19:13:48 [INFO] __main__ — L7_std_acceleration                        0.3903     0.6097   0.5160   0.0447
2026-03-07 19:13:48 [INFO] __main__ — L15_mean_peak_height                       0.3923     0.6077   0.5229   0.0863
2026-03-07 19:13:48 [INFO] __main__ — L19_std                                    0.3926     0.6074   0.5173   0.0735
2026-03-07 19:13:48 [INFO] __main__ — L11_early_vs_late                          0.6074     0.3926   0.6995   0.2173
2026-03-07 19:13:48 [INFO] __main__ — depth_mid_third                            0.3967     0.6033   0.5326   0.0767
2026-03-07 19:13:48 [INFO] __main__ — L7_std                                     0.3989     0.6011   0.5121   0.0351
2026-03-07 19:13:48 [INFO] __main__ — L3_peak_pos                                0.3995     0.6005   0.4435   0.0064
2026-03-07 19:13:48 [INFO] __main__ — L23_mid_vs_ends                            0.6002     0.3998   0.6970   0.2173
2026-03-07 19:13:48 [INFO] __main__ — L0_mid_vs_ends                             0.4003     0.5997   0.5554   0.1470
2026-03-07 19:13:48 [INFO] __main__ — depth_spearman_rho                         0.4004     0.5996   0.4980   0.0256
2026-03-07 19:13:48 [INFO] __main__ — depth_spread_p90                           0.4005     0.5995   0.5152   0.0511
2026-03-07 19:13:48 [INFO] __main__ — L23_peak_density                           0.4005     0.5995   0.5470   0.1182
2026-03-07 19:13:48 [INFO] __main__ — L7_p90                                     0.4006     0.5994   0.4933   0.0351
2026-03-07 19:13:48 [INFO] __main__ — L7_peak_density                            0.4012     0.5988   0.5414   0.1118
2026-03-07 19:13:48 [INFO] __main__ — L11_ac1                                    0.4029     0.5971   0.5617   0.1310
2026-03-07 19:13:48 [INFO] __main__ — L3_mid_third                               0.4039     0.5961   0.5536   0.1374
2026-03-07 19:13:48 [INFO] __main__ — L19_trimmed_mean                           0.4049     0.5951   0.5336   0.0927
2026-03-07 19:13:48 [INFO] __main__ — depth_total_variation                      0.5951     0.4049   0.6670   0.1310
2026-03-07 19:13:48 [INFO] __main__ — depth_total_variation_norm                 0.5951     0.4049   0.6670   0.1310
2026-03-07 19:13:48 [INFO] __main__ — L27_trimmed_mean                           0.4058     0.5942   0.4540   0.0128
2026-03-07 19:13:48 [INFO] __main__ — L15_frac_above_1std                        0.4066     0.5934   0.5264   0.0767
2026-03-07 19:13:48 [INFO] __main__ — depth_frac_above_1std                      0.4075     0.5925   0.4703   0.0000
2026-03-07 19:13:48 [INFO] __main__ — L11_peak_pos                               0.5920     0.4080   0.6076   0.0895
2026-03-07 19:13:48 [INFO] __main__ — L27_p10                                    0.5913     0.4087   0.6963   0.2396
2026-03-07 19:13:48 [INFO] __main__ — L0_peak_pos                                0.4088     0.5912   0.4485   0.0096
2026-03-07 19:13:48 [INFO] __main__ — L3_spearman_rho                            0.4091     0.5909   0.5487   0.1054
2026-03-07 19:13:48 [INFO] __main__ — L15_delta_end                              0.5907     0.4093   0.5576   0.0192
2026-03-07 19:13:48 [INFO] __main__ — L11_delta_seg                              0.5864     0.4136   0.6707   0.1597
2026-03-07 19:13:48 [INFO] __main__ — depth_spread_first_mean                    0.4138     0.5862   0.5455   0.0799
2026-03-07 19:13:48 [INFO] __main__ — depth_spread_early_third                   0.4138     0.5862   0.5455   0.0799
2026-03-07 19:13:48 [INFO] __main__ — L0_std_acceleration                        0.5845     0.4155   0.6790   0.1565
2026-03-07 19:13:48 [INFO] __main__ — L23_mean_peak_height                       0.4158     0.5842   0.5494   0.0799
2026-03-07 19:13:48 [INFO] __main__ — L23_trimmed_mean                           0.4173     0.5827   0.5598   0.1342
2026-03-07 19:13:48 [INFO] __main__ — L23_std_acceleration                       0.4177     0.5823   0.5321   0.0671
2026-03-07 19:13:48 [INFO] __main__ — L3_monotonicity_up                         0.5817     0.4183   0.5855   0.0511
2026-03-07 19:13:48 [INFO] __main__ — L0_early_third                             0.5812     0.4188   0.7303   0.3546
2026-03-07 19:13:48 [INFO] __main__ — depth_min                                  0.5810     0.4190   0.6778   0.1246
2026-03-07 19:13:48 [INFO] __main__ — depth_range                                0.4191     0.5809   0.5319   0.0671
2026-03-07 19:13:48 [INFO] __main__ — L15_mid_vs_ends                            0.5805     0.4195   0.6906   0.2364
2026-03-07 19:13:48 [INFO] __main__ — L3_std_acceleration                        0.4196     0.5804   0.5671   0.1342
2026-03-07 19:13:48 [INFO] __main__ — L0_delta_end                               0.5796     0.4204   0.5662   0.0224
2026-03-07 19:13:48 [INFO] __main__ — L23_total_variation_norm                   0.4204     0.5796   0.5469   0.0895
2026-03-07 19:13:48 [INFO] __main__ — depth_std                                  0.4231     0.5769   0.5302   0.0767
2026-03-07 19:13:48 [INFO] __main__ — L19_delta_end                              0.5760     0.4240   0.5764   0.0192
2026-03-07 19:13:48 [INFO] __main__ — L27_mean_acceleration                      0.4242     0.5758   0.5815   0.1150
2026-03-07 19:13:48 [INFO] __main__ — L11_std_acceleration                       0.4251     0.5749   0.5431   0.0735
2026-03-07 19:13:48 [INFO] __main__ — L23_peak_pos                               0.5743     0.4257   0.5449   0.0128
2026-03-07 19:13:48 [INFO] __main__ — L7_late_third                              0.4270     0.5730   0.5564   0.0927
2026-03-07 19:13:48 [INFO] __main__ — L19_p10                                    0.4275     0.5725   0.5559   0.1214
2026-03-07 19:13:48 [INFO] __main__ — depth_spread_frac_above_1std               0.5713     0.4287   0.5441   0.0160
2026-03-07 19:13:48 [INFO] __main__ — depth_p10                                  0.4292     0.5708   0.5460   0.0703
2026-03-07 19:13:48 [INFO] __main__ — L3_mean                                    0.4306     0.5694   0.5669   0.1022
2026-03-07 19:13:48 [INFO] __main__ — L7_last_mean                               0.4315     0.5685   0.5689   0.1310
2026-03-07 19:13:48 [INFO] __main__ — depth_max                                  0.4319     0.5681   0.5406   0.0895
2026-03-07 19:13:48 [INFO] __main__ — L11_trimmed_mean                           0.4323     0.5677   0.5555   0.1118
2026-03-07 19:13:48 [INFO] __main__ — L27_delta_end                              0.5677     0.4323   0.5760   0.0288
2026-03-07 19:13:48 [INFO] __main__ — L23_frac_above_1std                        0.5665     0.4335   0.6718   0.1821
2026-03-07 19:13:48 [INFO] __main__ — L0_p90                                     0.5663     0.4337   0.6899   0.2428
2026-03-07 19:13:48 [INFO] __main__ — L7_slope                                   0.4346     0.5654   0.6447   0.3291
2026-03-07 19:13:48 [INFO] __main__ — depth_frac_below_1std                      0.4349     0.5651   0.4833   0.0447
2026-03-07 19:13:48 [INFO] __main__ — L15_p10                                    0.4352     0.5648   0.5428   0.0575
2026-03-07 19:13:48 [INFO] __main__ — L11_total_variation_norm                   0.4358     0.5642   0.5657   0.1246
2026-03-07 19:13:48 [INFO] __main__ — L11_mean_peak_height                       0.4360     0.5640   0.5651   0.1022
2026-03-07 19:13:48 [INFO] __main__ — depth_spread_std                           0.5628     0.4372   0.6682   0.1853
2026-03-07 19:13:48 [INFO] __main__ — L19_mean_peak_height                       0.4374     0.5626   0.5837   0.1470
2026-03-07 19:13:48 [INFO] __main__ — L0_mean_acceleration                       0.4374     0.5626   0.5291   0.0415
2026-03-07 19:13:48 [INFO] __main__ — L23_delta_end                              0.4385     0.5615   0.4660   0.0160
2026-03-07 19:13:48 [INFO] __main__ — L11_mid_vs_ends                            0.5611     0.4389   0.6527   0.1374
2026-03-07 19:13:48 [INFO] __main__ — L11_last_mean                              0.4392     0.5608   0.5748   0.1054
2026-03-07 19:13:48 [INFO] __main__ — L0_first_mean                              0.5600     0.4400   0.7188   0.3546
2026-03-07 19:13:48 [INFO] __main__ — L23_frac_below_1std                        0.5591     0.4409   0.5591   0.1182
2026-03-07 19:13:48 [INFO] __main__ — L3_trimmed_mean                            0.5589     0.4411   0.6574   0.1502
2026-03-07 19:13:48 [INFO] __main__ — L11_frac_above_1std                        0.5582     0.4418   0.6566   0.1597
2026-03-07 19:13:48 [INFO] __main__ — L15_ac1                                    0.4421     0.5579   0.5835   0.1629
2026-03-07 19:13:48 [INFO] __main__ — depth_spread_frac_below_1std               0.5574     0.4426   0.5378   0.0256
2026-03-07 19:13:48 [INFO] __main__ — L23_slope                                  0.4429     0.5571   0.6501   0.3259
2026-03-07 19:13:48 [INFO] __main__ — L23_monotonicity_up                        0.5552     0.4448   0.6383   0.1853
2026-03-07 19:13:48 [INFO] __main__ — L11_mean_acceleration                      0.5551     0.4449   0.7074   0.3259
2026-03-07 19:13:48 [INFO] __main__ — L19_peak_pos                               0.5550     0.4450   0.5444   0.0319
2026-03-07 19:13:48 [INFO] __main__ — L3_p10                                     0.5542     0.4458   0.6206   0.0990
2026-03-07 19:13:48 [INFO] __main__ — L15_mid_third                              0.4463     0.5537   0.5816   0.1406
2026-03-07 19:13:48 [INFO] __main__ — L11_frac_below_1std                        0.5528     0.4472   0.5534   0.1086
2026-03-07 19:13:48 [INFO] __main__ — L27_peak_pos                               0.5523     0.4477   0.5475   0.0256
2026-03-07 19:13:48 [INFO] __main__ — depth_spread_peak_pos                      0.5506     0.4494   0.5509   0.0000
2026-03-07 19:13:48 [INFO] __main__ — depth_spread_min                           0.4495     0.5505   0.5535   0.0831
2026-03-07 19:13:48 [INFO] __main__ — L27_mid_vs_ends                            0.4509     0.5491   0.5296   0.0319
2026-03-07 19:13:48 [INFO] __main__ — L11_p10                                    0.4519     0.5481   0.5646   0.1054
2026-03-07 19:13:48 [INFO] __main__ — L15_late_third                             0.4561     0.5439   0.5742   0.0958
2026-03-07 19:13:48 [INFO] __main__ — L7_early_vs_late                           0.4567     0.5433   0.5894   0.1310
2026-03-07 19:13:48 [INFO] __main__ — L7_delta_seg                               0.4591     0.5409   0.5876   0.1374
2026-03-07 19:13:48 [INFO] __main__ — L0_p10                                     0.5401     0.4599   0.6218   0.1502
2026-03-07 19:13:48 [INFO] __main__ — L0_std                                     0.5401     0.4599   0.6397   0.1438
2026-03-07 19:13:48 [INFO] __main__ — L3_total_variation_norm                    0.4602     0.5398   0.6009   0.1565
2026-03-07 19:13:48 [INFO] __main__ — L15_last_mean                              0.4605     0.5395   0.5779   0.0990
2026-03-07 19:13:48 [INFO] __main__ — L11_late_third                             0.4609     0.5391   0.5749   0.0958
2026-03-07 19:13:48 [INFO] __main__ — L15_frac_below_1std                        0.5388     0.4612   0.5621   0.0735
2026-03-07 19:13:48 [INFO] __main__ — L7_trimmed_mean                            0.5386     0.4614   0.6428   0.1789
2026-03-07 19:13:48 [INFO] __main__ — L7_mid_vs_ends                             0.5385     0.4615   0.6527   0.1534
2026-03-07 19:13:48 [INFO] __main__ — L19_late_third                             0.4632     0.5368   0.5895   0.1054
2026-03-07 19:13:48 [INFO] __main__ — L19_ac1                                    0.5367     0.4633   0.6499   0.1597
2026-03-07 19:13:48 [INFO] __main__ — L3_delta_end                               0.5367     0.4633   0.5222   0.0096
2026-03-07 19:13:48 [INFO] __main__ — L7_mean                                    0.4634     0.5366   0.5833   0.1182
2026-03-07 19:13:48 [INFO] __main__ — L7_spearman_rho                            0.5364     0.4636   0.6527   0.1406
2026-03-07 19:13:48 [INFO] __main__ — L0_spearman_rho                            0.5359     0.4641   0.6369   0.1118
2026-03-07 19:13:48 [INFO] __main__ — L19_mid_third                              0.5358     0.4642   0.6531   0.1534
2026-03-07 19:13:48 [INFO] __main__ — L7_mean_peak_height                        0.4648     0.5352   0.5754   0.0831
2026-03-07 19:13:48 [INFO] __main__ — L23_ac1                                    0.4656     0.5344   0.5809   0.0927
2026-03-07 19:13:48 [INFO] __main__ — L19_last_mean                              0.4659     0.5341   0.5975   0.1278
2026-03-07 19:13:48 [INFO] __main__ — L7_median                                  0.4664     0.5336   0.5838   0.1022
2026-03-07 19:13:48 [INFO] __main__ — L3_mid_vs_ends                             0.4666     0.5334   0.5884   0.1342
2026-03-07 19:13:48 [INFO] __main__ — L7_p10                                     0.4668     0.5332   0.5873   0.1182
2026-03-07 19:13:48 [INFO] __main__ — L7_frac_below_1std                         0.5304     0.4696   0.5316   0.0639
2026-03-07 19:13:48 [INFO] __main__ — L3_median                                  0.5297     0.4703   0.6280   0.1310
2026-03-07 19:13:48 [INFO] __main__ — depth_spread_max                           0.4704     0.5296   0.5833   0.1182
2026-03-07 19:13:48 [INFO] __main__ — L11_delta_end                              0.5296     0.4704   0.5404   0.0288
2026-03-07 19:13:48 [INFO] __main__ — L3_frac_above_1std                         0.5277     0.4723   0.6392   0.1565
2026-03-07 19:13:48 [INFO] __main__ — depth_spread_mean_acceleration             0.4731     0.5269   0.5737   0.0735
2026-03-07 19:13:48 [INFO] __main__ — L27_spearman_rho                           0.4744     0.5256   0.6044   0.1374
2026-03-07 19:13:48 [INFO] __main__ — L11_mid_third                              0.4766     0.5234   0.5905   0.1022
2026-03-07 19:13:48 [INFO] __main__ — L19_frac_above_1std                        0.5232     0.4768   0.6430   0.1885
2026-03-07 19:13:48 [INFO] __main__ — L7_delta_end                               0.5230     0.4770   0.5377   0.0288
2026-03-07 19:13:48 [INFO] __main__ — depth_mean_peak_height                     0.4771     0.5229   0.5468   0.0799
2026-03-07 19:13:48 [INFO] __main__ — L3_first_mean                              0.5205     0.4795   0.6327   0.1661
2026-03-07 19:13:48 [INFO] __main__ — L7_total_variation_norm                    0.4810     0.5190   0.5987   0.0799
2026-03-07 19:13:48 [INFO] __main__ — L23_spearman_rho                           0.5184     0.4816   0.6350   0.1693
2026-03-07 19:13:48 [INFO] __main__ — L23_p10                                    0.4821     0.5179   0.6058   0.1246
2026-03-07 19:13:48 [INFO] __main__ — depth_peak_density                         0.5179     0.4821   0.5128   0.0128
2026-03-07 19:13:48 [INFO] __main__ — L0_monotonicity_up                         0.5178     0.4822   0.5816   0.0288
2026-03-07 19:13:48 [INFO] __main__ — L0_median                                  0.5178     0.4822   0.6177   0.1118
2026-03-07 19:13:48 [INFO] __main__ — depth_spread_range                         0.5163     0.4837   0.6374   0.1757
2026-03-07 19:13:48 [INFO] __main__ — L23_delta_seg                              0.4845     0.5155   0.6030   0.1182
2026-03-07 19:13:48 [INFO] __main__ — L27_early_vs_late                          0.4847     0.5153   0.5586   0.0543
2026-03-07 19:13:48 [INFO] __main__ — L7_ac1                                     0.4857     0.5143   0.6023   0.0958
2026-03-07 19:13:48 [INFO] __main__ — depth_spread_mid_vs_ends                   0.5131     0.4869   0.5973   0.1118
2026-03-07 19:13:48 [INFO] __main__ — L7_peak_pos                                0.4875     0.5125   0.5324   0.0639
2026-03-07 19:13:48 [INFO] __main__ — L19_frac_below_1std                        0.4892     0.5108   0.5662   0.0927
2026-03-07 19:13:48 [INFO] __main__ — L27_frac_above_1std                        0.4922     0.5078   0.5591   0.0511
2026-03-07 19:13:48 [INFO] __main__ — depth_mid_vs_ends                          0.4923     0.5077   0.6067   0.1118
2026-03-07 19:13:48 [INFO] __main__ — L27_median                                 0.4926     0.5074   0.5226   0.0288
2026-03-07 19:13:48 [INFO] __main__ — L7_early_third                             0.4942     0.5058   0.6058   0.1342
2026-03-07 19:13:48 [INFO] __main__ — depth_mean_acceleration                    0.4948     0.5052   0.5525   0.0511
2026-03-07 19:13:48 [INFO] __main__ — L3_peak_density                            0.5046     0.4954   0.6234   0.1534
2026-03-07 19:13:48 [INFO] __main__ — L19_mean_acceleration                      0.5045     0.4955   0.6685   0.2907
2026-03-07 19:13:48 [INFO] __main__ — L7_first_mean                              0.5043     0.4957   0.6168   0.1725
2026-03-07 19:13:48 [INFO] __main__ — L7_mid_third                               0.5039     0.4961   0.6340   0.1725
2026-03-07 19:13:48 [INFO] __main__ — depth_peak_pos                             0.4964     0.5036   0.5063   0.0224
2026-03-07 19:13:48 [INFO] __main__ — L3_early_third                             0.4971     0.5029   0.6170   0.1438
2026-03-07 19:13:48 [INFO] __main__ — depth_first_mean                           0.5024     0.4976   0.6195   0.1150
2026-03-07 19:13:48 [INFO] __main__ — depth_early_third                          0.5024     0.4976   0.6195   0.1150
2026-03-07 19:13:48 [INFO] __main__ — L23_early_vs_late                          0.5024     0.4976   0.6318   0.1246
2026-03-07 19:13:48 [INFO] __main__ — L27_frac_below_1std                        0.5016     0.4984   0.5016   0.0032
2026-03-07 19:13:48 [INFO] __main__ — L27_delta_seg                              0.4994     0.5006   0.5645   0.0767
2026-03-07 19:13:48 [INFO] __main__ — L23_mid_third                              0.5000     0.5000   0.6200   0.1565
2026-03-07 19:13:48 [INFO] __main__ — L0_min                                     0.5000     0.5000   0.5000   0.0000
2026-03-07 19:13:48 [INFO] __main__ — L0_frac_below_1std                         0.5000     0.5000   0.5000   0.0000
2026-03-07 19:13:48 [INFO] __main__ — L3_min                                     0.5000     0.5000   0.5000   0.0000
2026-03-07 19:13:48 [INFO] __main__ — L3_frac_below_1std                         0.5000     0.5000   0.5000   0.0000
2026-03-07 19:13:48 [INFO] __main__ — L7_min                                     0.5000     0.5000   0.5000   0.0000
2026-03-07 19:13:48 [INFO] __main__ — L11_min                                    0.5000     0.5000   0.5000   0.0000
2026-03-07 19:13:48 [INFO] __main__ — L15_min                                    0.5000     0.5000   0.5000   0.0000
2026-03-07 19:13:48 [INFO] __main__ — L19_min                                    0.5000     0.5000   0.5000   0.0000
2026-03-07 19:13:48 [INFO] __main__ — L23_min                                    0.5000     0.5000   0.5000   0.0000
2026-03-07 19:13:48 [INFO] __main__ — depth_frac_above_q                         0.5000     0.5000   0.5000   0.0000
2026-03-07 19:13:48 [INFO] __main__ — depth_spread_frac_above_q                  0.5000     0.5000   0.5000   0.0000
2026-03-07 19:13:48 [INFO] __main__ — ================================================================================
