2026-03-07 19:03:25 [INFO] __main__ — ================================================================================
2026-03-07 19:03:25 [INFO] __main__ — INTERMEDIATE LAYER ENTROPY METRICS
2026-03-07 19:03:25 [INFO] __main__ — ================================================================================
2026-03-07 19:03:25 [INFO] __main__ — Device          : cuda
2026-03-07 19:03:25 [INFO] __main__ — Model path      : google/gemma-7b
2026-03-07 19:03:25 [INFO] __main__ — N probe layers  : 8
2026-03-07 19:03:25 [INFO] __main__ — Score key(s)    : ALL
2026-03-07 19:03:25 [INFO] __main__ — ================================================================================
2026-03-07 19:03:25 [INFO] __main__ — [1/4] Loading test data...
2026-03-07 19:03:25 [INFO] __main__ — Loading all available prompts (n_test=max)
2026-03-07 19:03:25 [INFO] httpx — HTTP Request: HEAD https://huggingface.co/datasets/allenai/wildjailbreak/resolve/main/README.md "HTTP/1.1 200 OK"
2026-03-07 19:03:25 [INFO] httpx — HTTP Request: HEAD https://huggingface.co/datasets/allenai/wildjailbreak/resolve/5ddc12a7894f842b0619b8e1c7ee496b198af009/wildjailbreak.py "HTTP/1.1 404 Not Found"
2026-03-07 19:03:26 [INFO] httpx — HTTP Request: HEAD https://s3.amazonaws.com/datasets.huggingface.co/datasets/datasets/allenai/wildjailbreak/allenai/wildjailbreak.py "HTTP/1.1 404 Not Found"
2026-03-07 19:03:26 [INFO] httpx — HTTP Request: GET https://huggingface.co/api/datasets/allenai/wildjailbreak/revision/5ddc12a7894f842b0619b8e1c7ee496b198af009 "HTTP/1.1 200 OK"
2026-03-07 19:03:26 [INFO] httpx — HTTP Request: HEAD https://huggingface.co/datasets/allenai/wildjailbreak/resolve/5ddc12a7894f842b0619b8e1c7ee496b198af009/.huggingface.yaml "HTTP/1.1 404 Not Found"
2026-03-07 19:03:26 [INFO] httpx — HTTP Request: GET https://datasets-server.huggingface.co/info?dataset=allenai/wildjailbreak "HTTP/1.1 200 OK"
2026-03-07 19:03:26 [INFO] httpx — HTTP Request: GET https://huggingface.co/api/datasets/allenai/wildjailbreak/tree/5ddc12a7894f842b0619b8e1c7ee496b198af009/train?recursive=false&expand=false "HTTP/1.1 200 OK"
2026-03-07 19:03:26 [INFO] httpx — HTTP Request: HEAD https://huggingface.co/datasets/allenai/wildjailbreak/resolve/5ddc12a7894f842b0619b8e1c7ee496b198af009/dataset_infos.json "HTTP/1.1 404 Not Found"
2026-03-07 19:03:36 [INFO] httpx — HTTP Request: HEAD https://huggingface.co/datasets/walledai/AdvBench/resolve/main/README.md "HTTP/1.1 200 OK"
2026-03-07 19:03:36 [INFO] httpx — HTTP Request: HEAD https://huggingface.co/datasets/walledai/AdvBench/resolve/9d4730540082fa4017450b65ca1c0e1d8d30446e/AdvBench.py "HTTP/1.1 404 Not Found"
2026-03-07 19:03:36 [INFO] httpx — HTTP Request: HEAD https://s3.amazonaws.com/datasets.huggingface.co/datasets/datasets/walledai/AdvBench/walledai/AdvBench.py "HTTP/1.1 404 Not Found"
2026-03-07 19:03:36 [INFO] httpx — HTTP Request: GET https://huggingface.co/api/datasets/walledai/AdvBench/revision/9d4730540082fa4017450b65ca1c0e1d8d30446e "HTTP/1.1 200 OK"
2026-03-07 19:03:36 [INFO] httpx — HTTP Request: HEAD https://huggingface.co/datasets/walledai/AdvBench/resolve/9d4730540082fa4017450b65ca1c0e1d8d30446e/.huggingface.yaml "HTTP/1.1 404 Not Found"
2026-03-07 19:03:37 [INFO] httpx — HTTP Request: GET https://datasets-server.huggingface.co/info?dataset=walledai/AdvBench "HTTP/1.1 200 OK"
2026-03-07 19:03:37 [INFO] httpx — HTTP Request: GET https://huggingface.co/api/datasets/walledai/AdvBench/tree/9d4730540082fa4017450b65ca1c0e1d8d30446e/data?recursive=true&expand=false "HTTP/1.1 200 OK"
2026-03-07 19:03:37 [INFO] httpx — HTTP Request: GET https://huggingface.co/api/datasets/walledai/AdvBench/tree/9d4730540082fa4017450b65ca1c0e1d8d30446e?recursive=false&expand=false "HTTP/1.1 200 OK"
2026-03-07 19:03:37 [INFO] httpx — HTTP Request: HEAD https://huggingface.co/datasets/walledai/AdvBench/resolve/9d4730540082fa4017450b65ca1c0e1d8d30446e/dataset_infos.json "HTTP/1.1 404 Not Found"
2026-03-07 19:03:37 [INFO] __main__ —   Safe: 520  |  Harmful: 520
2026-03-07 19:03:37 [INFO] __main__ — [2/4] Loading model...
2026-03-07 19:03:37 [INFO] httpx — HTTP Request: HEAD https://huggingface.co/google/gemma-7b/resolve/main/config.json "HTTP/1.1 200 OK"
2026-03-07 19:03:37 [INFO] httpx — HTTP Request: HEAD https://huggingface.co/google/gemma-7b/resolve/main/tokenizer_config.json "HTTP/1.1 200 OK"
2026-03-07 19:03:37 [INFO] httpx — HTTP Request: GET https://huggingface.co/api/models/google/gemma-7b/tree/main/additional_chat_templates?recursive=false&expand=false "HTTP/1.1 404 Not Found"
2026-03-07 19:03:37 [INFO] httpx — HTTP Request: GET https://huggingface.co/api/models/google/gemma-7b/tree/main?recursive=true&expand=false "HTTP/1.1 200 OK"
2026-03-07 19:03:40 [INFO] httpx — HTTP Request: HEAD https://huggingface.co/google/gemma-7b/resolve/main/config.json "HTTP/1.1 200 OK"
2026-03-07 19:03:40 [INFO] httpx — HTTP Request: HEAD https://huggingface.co/google/gemma-7b/resolve/main/config.json "HTTP/1.1 200 OK"
2026-03-07 19:03:48 [INFO] httpx — HTTP Request: HEAD https://huggingface.co/google/gemma-7b/resolve/main/generation_config.json "HTTP/1.1 200 OK"
2026-03-07 19:03:48 [INFO] __main__ —   Running base model (no LoRA adapter)
2026-03-07 19:03:48 [INFO] __main__ —   n_layers        : 28
2026-03-07 19:03:48 [INFO] __main__ —   layers_to_probe : [0, 3, 7, 11, 15, 19, 23, 27]
2026-03-07 19:03:48 [INFO] __main__ —   Total features  : 320
2026-03-07 19:03:48 [INFO] __main__ — [3/4] Computing intermediate entropy features...
2026-03-07 19:03:48 [INFO] __main__ —   Processing SAFE prompts...
2026-03-07 19:06:37 [INFO] __main__ —   Processing HARMFUL prompts...
2026-03-07 19:07:22 [INFO] __main__ — [4/4] Evaluating detection metrics...
2026-03-07 19:07:24 [INFO] __main__ — Saved results to: results/intermediate_entropy/intermediate_entropy_all_keys_20260307_190723.json
2026-03-07 19:07:24 [INFO] __main__ — ================================================================================
2026-03-07 19:07:24 [INFO] __main__ — key                                         AUROC AUROC_flip       AP   TPR@1%
2026-03-07 19:07:24 [INFO] __main__ — --------------------------------------------------------------------------------
2026-03-07 19:07:24 [INFO] __main__ — L11_total_variation                        0.0000     1.0000   0.3073   0.0000
2026-03-07 19:07:24 [INFO] __main__ — L15_total_variation                        0.0000     1.0000   0.3073   0.0000
2026-03-07 19:07:24 [INFO] __main__ — L19_total_variation                        0.0000     1.0000   0.3073   0.0000
2026-03-07 19:07:24 [INFO] __main__ — L23_total_variation                        0.0000     1.0000   0.3073   0.0000
2026-03-07 19:07:24 [INFO] __main__ — L7_total_variation                         0.0000     1.0000   0.3073   0.0000
2026-03-07 19:07:24 [INFO] __main__ — L3_total_variation                         0.0001     0.9999   0.3073   0.0000
2026-03-07 19:07:24 [INFO] __main__ — L27_total_variation                        0.0005     0.9995   0.3073   0.0000
2026-03-07 19:07:24 [INFO] __main__ — L0_total_variation                         0.0120     0.9880   0.3087   0.0000
2026-03-07 19:07:24 [INFO] __main__ — L3_first_mean                              0.0454     0.9546   0.3221   0.0058
2026-03-07 19:07:24 [INFO] __main__ — L0_first_mean                              0.0487     0.9513   0.3453   0.0327
2026-03-07 19:07:24 [INFO] __main__ — L7_max                                     0.0495     0.9505   0.3135   0.0019
2026-03-07 19:07:24 [INFO] __main__ — L7_range                                   0.0495     0.9505   0.3135   0.0019
2026-03-07 19:07:24 [INFO] __main__ — L3_max                                     0.0497     0.9503   0.3117   0.0000
2026-03-07 19:07:24 [INFO] __main__ — L3_range                                   0.0497     0.9503   0.3117   0.0000
2026-03-07 19:07:24 [INFO] __main__ — L0_ac1                                     0.0509     0.9491   0.3285   0.0192
2026-03-07 19:07:24 [INFO] __main__ — L11_max                                    0.0514     0.9486   0.3117   0.0000
2026-03-07 19:07:24 [INFO] __main__ — L11_range                                  0.0514     0.9486   0.3117   0.0000
2026-03-07 19:07:24 [INFO] __main__ — L15_early_third                            0.0547     0.9453   0.3141   0.0000
2026-03-07 19:07:24 [INFO] __main__ — L15_first_mean                             0.0569     0.9431   0.3170   0.0000
2026-03-07 19:07:24 [INFO] __main__ — L15_max                                    0.0576     0.9424   0.3128   0.0000
2026-03-07 19:07:24 [INFO] __main__ — L15_range                                  0.0576     0.9424   0.3128   0.0000
2026-03-07 19:07:24 [INFO] __main__ — L15_spearman_rho                           0.9386     0.0614   0.9555   0.7365
2026-03-07 19:07:24 [INFO] __main__ — L3_early_third                             0.0746     0.9254   0.3375   0.0154
2026-03-07 19:07:24 [INFO] __main__ — L27_range                                  0.0800     0.9200   0.3173   0.0000
2026-03-07 19:07:24 [INFO] __main__ — L27_max                                    0.0801     0.9199   0.3179   0.0000
2026-03-07 19:07:24 [INFO] __main__ — L0_early_third                             0.0853     0.9147   0.3760   0.0635
2026-03-07 19:07:24 [INFO] __main__ — L11_first_mean                             0.0937     0.9063   0.3392   0.0154
2026-03-07 19:07:24 [INFO] __main__ — L19_spearman_rho                           0.9055     0.0945   0.9346   0.6846
2026-03-07 19:07:24 [INFO] __main__ — L19_max                                    0.0967     0.9033   0.3220   0.0038
2026-03-07 19:07:24 [INFO] __main__ — L19_range                                  0.0967     0.9033   0.3220   0.0038
2026-03-07 19:07:24 [INFO] __main__ — L0_frac_above_1std                         0.9022     0.0978   0.9086   0.3923
2026-03-07 19:07:24 [INFO] __main__ — L11_early_third                            0.0995     0.9005   0.3393   0.0154
2026-03-07 19:07:24 [INFO] __main__ — L0_frac_above_q                            0.8990     0.1010   0.9453   0.8865
2026-03-07 19:07:24 [INFO] __main__ — L3_frac_above_q                            0.8990     0.1010   0.9453   0.8865
2026-03-07 19:07:24 [INFO] __main__ — L7_frac_above_q                            0.8990     0.1010   0.9453   0.8865
2026-03-07 19:07:24 [INFO] __main__ — L11_frac_above_q                           0.8990     0.1010   0.9453   0.8865
2026-03-07 19:07:24 [INFO] __main__ — L15_frac_above_q                           0.8990     0.1010   0.9453   0.8865
2026-03-07 19:07:24 [INFO] __main__ — L19_frac_above_q                           0.8990     0.1010   0.9453   0.8865
2026-03-07 19:07:24 [INFO] __main__ — L23_frac_above_q                           0.8990     0.1010   0.9453   0.8865
2026-03-07 19:07:24 [INFO] __main__ — L27_frac_above_q                           0.8990     0.1010   0.9453   0.8865
2026-03-07 19:07:24 [INFO] __main__ — L15_slope                                  0.8974     0.1026   0.9440   0.8538
2026-03-07 19:07:24 [INFO] __main__ — depth_spread_std_acceleration              0.8896     0.1104   0.9141   0.5654
2026-03-07 19:07:24 [INFO] __main__ — L23_max                                    0.1114     0.8886   0.3259   0.0000
2026-03-07 19:07:24 [INFO] __main__ — L23_range                                  0.1114     0.8886   0.3259   0.0000
2026-03-07 19:07:24 [INFO] __main__ — depth_spread_ac1                           0.1170     0.8830   0.3412   0.0135
2026-03-07 19:07:24 [INFO] __main__ — L19_first_mean                             0.1223     0.8777   0.3363   0.0077
2026-03-07 19:07:24 [INFO] __main__ — L19_early_third                            0.1273     0.8727   0.3387   0.0096
2026-03-07 19:07:24 [INFO] __main__ — depth_ac1                                  0.1393     0.8607   0.3555   0.0192
2026-03-07 19:07:24 [INFO] __main__ — L19_slope                                  0.8605     0.1395   0.9257   0.8365
2026-03-07 19:07:24 [INFO] __main__ — L15_early_vs_late                          0.8568     0.1432   0.8886   0.4538
2026-03-07 19:07:24 [INFO] __main__ — L3_ac1                                     0.1465     0.8535   0.3742   0.0462
2026-03-07 19:07:24 [INFO] __main__ — L0_spearman_rho                            0.8528     0.1472   0.8971   0.5558
2026-03-07 19:07:24 [INFO] __main__ — L11_slope                                  0.8495     0.1505   0.9185   0.8096
2026-03-07 19:07:24 [INFO] __main__ — L11_spearman_rho                           0.8480     0.1520   0.8955   0.5538
2026-03-07 19:07:24 [INFO] __main__ — L15_p90                                    0.1637     0.8363   0.3635   0.0288
2026-03-07 19:07:24 [INFO] __main__ — depth_spread_mean                          0.1677     0.8323   0.3797   0.0308
2026-03-07 19:07:24 [INFO] __main__ — depth_spread_trimmed_mean                  0.1677     0.8323   0.3797   0.0308
2026-03-07 19:07:24 [INFO] __main__ — L27_min                                    0.8306     0.1694   0.8361   0.5077
2026-03-07 19:07:24 [INFO] __main__ — L19_early_vs_late                          0.8270     0.1730   0.8831   0.5750
2026-03-07 19:07:24 [INFO] __main__ — L15_delta_seg                              0.8249     0.1751   0.8618   0.4250
2026-03-07 19:07:24 [INFO] __main__ — L27_p10                                    0.8192     0.1808   0.8864   0.6481
2026-03-07 19:07:24 [INFO] __main__ — depth_std_acceleration                     0.8175     0.1825   0.8624   0.4269
2026-03-07 19:07:24 [INFO] __main__ — depth_spread_median                        0.1861     0.8139   0.3696   0.0154
2026-03-07 19:07:24 [INFO] __main__ — L19_delta_seg                              0.8107     0.1893   0.8691   0.4654
2026-03-07 19:07:24 [INFO] __main__ — L11_early_vs_late                          0.8091     0.1909   0.8596   0.4769
2026-03-07 19:07:24 [INFO] __main__ — depth_spread_total_variation               0.8081     0.1919   0.8628   0.4827
2026-03-07 19:07:24 [INFO] __main__ — depth_spread_total_variation_norm          0.8081     0.1919   0.8628   0.4827
2026-03-07 19:07:24 [INFO] __main__ — L19_monotonicity_up                        0.8030     0.1970   0.8745   0.6385
2026-03-07 19:07:24 [INFO] __main__ — depth_spread_monotonicity_up               0.2053     0.7947   0.3794   0.0192
2026-03-07 19:07:24 [INFO] __main__ — L23_spearman_rho                           0.7891     0.2109   0.8607   0.5212
2026-03-07 19:07:24 [INFO] __main__ — depth_spread_late_third                    0.2139     0.7861   0.4135   0.0500
2026-03-07 19:07:24 [INFO] __main__ — L0_max                                     0.2152     0.7848   0.3500   0.0000
2026-03-07 19:07:24 [INFO] __main__ — L0_range                                   0.2152     0.7848   0.3500   0.0000
2026-03-07 19:07:24 [INFO] __main__ — L23_monotonicity_up                        0.7841     0.2159   0.8483   0.5481
2026-03-07 19:07:24 [INFO] __main__ — L3_spearman_rho                            0.7836     0.2164   0.8504   0.4519
2026-03-07 19:07:24 [INFO] __main__ — L11_p90                                    0.2167     0.7833   0.3727   0.0096
2026-03-07 19:07:24 [INFO] __main__ — L19_peak_density                           0.2170     0.7830   0.4270   0.0212
2026-03-07 19:07:24 [INFO] __main__ — L15_std                                    0.2281     0.7719   0.4053   0.0288
2026-03-07 19:07:24 [INFO] __main__ — L27_delta_end                              0.7707     0.2293   0.7967   0.2058
2026-03-07 19:07:24 [INFO] __main__ — depth_spread_p10                           0.2299     0.7701   0.3864   0.0192
2026-03-07 19:07:24 [INFO] __main__ — L7_spearman_rho                            0.7677     0.2323   0.8367   0.4135
2026-03-07 19:07:24 [INFO] __main__ — L11_delta_seg                              0.7674     0.2326   0.8228   0.3538
2026-03-07 19:07:24 [INFO] __main__ — L0_last_mean                               0.2333     0.7667   0.4835   0.1365
2026-03-07 19:07:24 [INFO] __main__ — L15_monotonicity_up                        0.7553     0.2447   0.8431   0.6000
2026-03-07 19:07:24 [INFO] __main__ — L7_mean_acceleration                       0.2484     0.7516   0.4956   0.1558
2026-03-07 19:07:24 [INFO] __main__ — depth_spread_mid_third                     0.2545     0.7455   0.4271   0.0442
2026-03-07 19:07:24 [INFO] __main__ — L3_p90                                     0.2617     0.7383   0.4430   0.0558
2026-03-07 19:07:24 [INFO] __main__ — L11_std                                    0.2762     0.7238   0.4491   0.0538
2026-03-07 19:07:24 [INFO] __main__ — L7_p90                                     0.2766     0.7234   0.4351   0.0442
2026-03-07 19:07:24 [INFO] __main__ — L19_p90                                    0.2774     0.7226   0.4530   0.0558
2026-03-07 19:07:24 [INFO] __main__ — L27_ac1                                    0.2853     0.7147   0.4930   0.1115
2026-03-07 19:07:24 [INFO] __main__ — L15_peak_density                           0.2870     0.7130   0.4851   0.0712
2026-03-07 19:07:24 [INFO] __main__ — depth_mean                                 0.2871     0.7129   0.4605   0.0712
2026-03-07 19:07:24 [INFO] __main__ — depth_trimmed_mean                         0.2871     0.7129   0.4605   0.0712
2026-03-07 19:07:24 [INFO] __main__ — L15_std_acceleration                       0.2877     0.7123   0.4734   0.0788
2026-03-07 19:07:24 [INFO] __main__ — L3_std                                     0.2882     0.7118   0.4688   0.0673
2026-03-07 19:07:24 [INFO] __main__ — L0_mean_acceleration                       0.7029     0.2971   0.7524   0.1135
2026-03-07 19:07:24 [INFO] __main__ — L3_slope                                   0.7011     0.2989   0.8199   0.6019
2026-03-07 19:07:24 [INFO] __main__ — L11_peak_density                           0.2992     0.7008   0.4918   0.1058
2026-03-07 19:07:24 [INFO] __main__ — L15_total_variation_norm                   0.2995     0.7005   0.4866   0.0904
2026-03-07 19:07:24 [INFO] __main__ — L15_mean                                   0.3000     0.7000   0.4661   0.0615
2026-03-07 19:07:24 [INFO] __main__ — L27_mean_peak_height                       0.3017     0.6983   0.4863   0.1019
2026-03-07 19:07:24 [INFO] __main__ — L27_p90                                    0.3017     0.6983   0.4300   0.0385
2026-03-07 19:07:24 [INFO] __main__ — L11_monotonicity_up                        0.6973     0.3027   0.8005   0.5077
2026-03-07 19:07:24 [INFO] __main__ — depth_spread_delta_end                     0.3061     0.6939   0.4699   0.0788
2026-03-07 19:07:24 [INFO] __main__ — depth_spread_peak_density                  0.6922     0.3078   0.6406   0.0212
2026-03-07 19:07:24 [INFO] __main__ — L23_mean_acceleration                      0.3085     0.6915   0.5597   0.2500
2026-03-07 19:07:24 [INFO] __main__ — L7_std                                     0.3087     0.6913   0.4772   0.0788
2026-03-07 19:07:24 [INFO] __main__ — L15_mean_peak_height                       0.3102     0.6898   0.4988   0.1154
2026-03-07 19:07:24 [INFO] __main__ — L19_median                                 0.3112     0.6888   0.5111   0.1077
2026-03-07 19:07:24 [INFO] __main__ — L3_early_vs_late                           0.6880     0.3120   0.7575   0.3308
2026-03-07 19:07:24 [INFO] __main__ — depth_late_third                           0.3127     0.6873   0.4813   0.0750
2026-03-07 19:07:24 [INFO] __main__ — L27_std_acceleration                       0.3137     0.6863   0.4829   0.0865
2026-03-07 19:07:24 [INFO] __main__ — L19_mean                                   0.3146     0.6854   0.5001   0.0904
2026-03-07 19:07:24 [INFO] __main__ — L27_std                                    0.3164     0.6836   0.4686   0.0827
2026-03-07 19:07:24 [INFO] __main__ — L3_mean_peak_height                        0.3165     0.6835   0.5126   0.0885
2026-03-07 19:07:24 [INFO] __main__ — L11_mean                                   0.3180     0.6820   0.4719   0.0558
2026-03-07 19:07:24 [INFO] __main__ — L7_frac_above_1std                         0.6800     0.3200   0.7874   0.4019
2026-03-07 19:07:24 [INFO] __main__ — depth_spread_mean_peak_height              0.6784     0.3216   0.6603   0.1077
2026-03-07 19:07:24 [INFO] __main__ — depth_spread_last_mean                     0.3221     0.6779   0.4843   0.0788
2026-03-07 19:07:24 [INFO] __main__ — L27_monotonicity_up                        0.6769     0.3231   0.8132   0.5365
2026-03-07 19:07:24 [INFO] __main__ — depth_median                               0.3231     0.6769   0.4923   0.1000
2026-03-07 19:07:24 [INFO] __main__ — L15_peak_pos                               0.6739     0.3261   0.6532   0.1135
2026-03-07 19:07:24 [INFO] __main__ — L3_mean                                    0.3261     0.6739   0.4910   0.0769
2026-03-07 19:07:24 [INFO] __main__ — L23_peak_density                           0.3265     0.6735   0.5191   0.1077
2026-03-07 19:07:24 [INFO] __main__ — L7_monotonicity_up                         0.6654     0.3346   0.7623   0.4173
2026-03-07 19:07:24 [INFO] __main__ — L11_peak_pos                               0.6653     0.3347   0.6591   0.1231
2026-03-07 19:07:24 [INFO] __main__ — L3_last_mean                               0.3351     0.6649   0.5533   0.1808
2026-03-07 19:07:24 [INFO] __main__ — L11_std_acceleration                       0.3404     0.6596   0.5170   0.0981
2026-03-07 19:07:24 [INFO] __main__ — L19_peak_pos                               0.6574     0.3426   0.6712   0.1481
2026-03-07 19:07:24 [INFO] __main__ — L27_early_third                            0.3433     0.6567   0.5057   0.0923
2026-03-07 19:07:24 [INFO] __main__ — depth_mid_third                            0.3435     0.6565   0.5033   0.0692
2026-03-07 19:07:24 [INFO] __main__ — L0_early_vs_late                           0.6563     0.3437   0.7054   0.2731
2026-03-07 19:07:24 [INFO] __main__ — L3_mean_acceleration                       0.6550     0.3450   0.7067   0.1173
2026-03-07 19:07:24 [INFO] __main__ — depth_monotonicity_up                      0.3462     0.6538   0.4740   0.0558
2026-03-07 19:07:24 [INFO] __main__ — L19_trimmed_mean                           0.3465     0.6535   0.5265   0.1173
2026-03-07 19:07:24 [INFO] __main__ — depth_p90                                  0.3466     0.6534   0.4892   0.0692
2026-03-07 19:07:24 [INFO] __main__ — depth_total_variation                      0.6526     0.3474   0.7471   0.2481
2026-03-07 19:07:24 [INFO] __main__ — depth_total_variation_norm                 0.6526     0.3474   0.7471   0.2481
2026-03-07 19:07:24 [INFO] __main__ — L11_mean_peak_height                       0.3484     0.6516   0.5293   0.1288
2026-03-07 19:07:24 [INFO] __main__ — depth_p10                                  0.3495     0.6505   0.4847   0.0596
2026-03-07 19:07:24 [INFO] __main__ — depth_early_vs_late                        0.3502     0.6498   0.5167   0.0904
2026-03-07 19:07:24 [INFO] __main__ — L27_first_mean                             0.3543     0.6457   0.5034   0.0846
2026-03-07 19:07:24 [INFO] __main__ — L0_p10                                     0.6453     0.3547   0.7436   0.3442
2026-03-07 19:07:24 [INFO] __main__ — L7_ac1                                     0.3557     0.6443   0.5399   0.1308
2026-03-07 19:07:24 [INFO] __main__ — L0_median                                  0.3569     0.6431   0.5143   0.0865
2026-03-07 19:07:24 [INFO] __main__ — L7_early_vs_late                           0.6419     0.3581   0.7494   0.3019
2026-03-07 19:07:24 [INFO] __main__ — L11_total_variation_norm                   0.3591     0.6409   0.5248   0.1019
2026-03-07 19:07:24 [INFO] __main__ — L23_delta_end                              0.6405     0.3595   0.6640   0.0673
2026-03-07 19:07:24 [INFO] __main__ — L15_trimmed_mean                           0.3595     0.6405   0.5040   0.0692
2026-03-07 19:07:24 [INFO] __main__ — L23_slope                                  0.6390     0.3610   0.7956   0.5962
2026-03-07 19:07:24 [INFO] __main__ — L3_std_acceleration                        0.3622     0.6378   0.5383   0.1173
2026-03-07 19:07:24 [INFO] __main__ — L3_peak_density                            0.3624     0.6376   0.5533   0.1346
2026-03-07 19:07:24 [INFO] __main__ — L7_early_third                             0.3628     0.6372   0.5162   0.0712
2026-03-07 19:07:24 [INFO] __main__ — L0_late_third                              0.3668     0.6332   0.5919   0.2538
2026-03-07 19:07:24 [INFO] __main__ — L27_mid_third                              0.3737     0.6263   0.5450   0.1077
2026-03-07 19:07:24 [INFO] __main__ — L23_ac1                                    0.3746     0.6254   0.5614   0.1635
2026-03-07 19:07:24 [INFO] __main__ — L0_total_variation_norm                    0.6232     0.3768   0.7747   0.4481
2026-03-07 19:07:24 [INFO] __main__ — depth_delta_end                            0.3785     0.6215   0.5110   0.0846
2026-03-07 19:07:24 [INFO] __main__ — L0_delta_end                               0.6205     0.3795   0.6560   0.0519
2026-03-07 19:07:24 [INFO] __main__ — L7_std_acceleration                        0.3797     0.6203   0.5369   0.0750
2026-03-07 19:07:24 [INFO] __main__ — L0_delta_seg                               0.6194     0.3806   0.6275   0.1635
2026-03-07 19:07:24 [INFO] __main__ — L7_slope                                   0.6189     0.3811   0.7844   0.5904
2026-03-07 19:07:24 [INFO] __main__ — L0_slope                                   0.6189     0.3811   0.7416   0.4327
2026-03-07 19:07:24 [INFO] __main__ — L23_early_vs_late                          0.6188     0.3812   0.7499   0.3750
2026-03-07 19:07:24 [INFO] __main__ — L0_mean                                    0.6187     0.3813   0.7672   0.3865
2026-03-07 19:07:24 [INFO] __main__ — L3_monotonicity_up                         0.6174     0.3826   0.6826   0.1423
2026-03-07 19:07:24 [INFO] __main__ — L7_first_mean                              0.3836     0.6164   0.5271   0.0712
2026-03-07 19:07:24 [INFO] __main__ — depth_spread_p90                           0.3838     0.6162   0.5205   0.0731
2026-03-07 19:07:24 [INFO] __main__ — L3_delta_seg                               0.6161     0.3839   0.6842   0.2519
2026-03-07 19:07:24 [INFO] __main__ — L11_ac1                                    0.3843     0.6157   0.5699   0.1712
2026-03-07 19:07:24 [INFO] __main__ — L15_frac_below_1std                        0.6144     0.3856   0.6365   0.1654
2026-03-07 19:07:24 [INFO] __main__ — L23_delta_seg                              0.6135     0.3865   0.7425   0.3231
2026-03-07 19:07:24 [INFO] __main__ — depth_frac_above_1std                      0.3868     0.6132   0.4634   0.0000
2026-03-07 19:07:24 [INFO] __main__ — L7_delta_seg                               0.6122     0.3878   0.7260   0.2808
2026-03-07 19:07:24 [INFO] __main__ — L3_total_variation_norm                    0.3879     0.6121   0.5565   0.1269
2026-03-07 19:07:24 [INFO] __main__ — L19_mid_third                              0.3893     0.6107   0.5694   0.1596
2026-03-07 19:07:24 [INFO] __main__ — L19_total_variation_norm                   0.3907     0.6093   0.5673   0.1269
2026-03-07 19:07:24 [INFO] __main__ — L19_std_acceleration                       0.3924     0.6076   0.5780   0.1769
2026-03-07 19:07:24 [INFO] __main__ — L23_frac_above_1std                        0.6069     0.3931   0.7313   0.3019
2026-03-07 19:07:24 [INFO] __main__ — L27_peak_density                           0.3939     0.6061   0.5591   0.1231
2026-03-07 19:07:24 [INFO] __main__ — L11_median                                 0.3945     0.6055   0.5106   0.0538
2026-03-07 19:07:24 [INFO] __main__ — L19_p10                                    0.3948     0.6052   0.5633   0.1154
2026-03-07 19:07:24 [INFO] __main__ — L23_p90                                    0.3948     0.6052   0.5526   0.1308
2026-03-07 19:07:24 [INFO] __main__ — depth_spread_std                           0.6042     0.3958   0.7177   0.2596
2026-03-07 19:07:24 [INFO] __main__ — L23_late_third                             0.6041     0.3959   0.7303   0.3346
2026-03-07 19:07:24 [INFO] __main__ — L3_median                                  0.3961     0.6039   0.5336   0.0827
2026-03-07 19:07:24 [INFO] __main__ — L27_slope                                  0.6034     0.3966   0.7711   0.5404
2026-03-07 19:07:24 [INFO] __main__ — L23_frac_below_1std                        0.6029     0.3971   0.6029   0.2077
2026-03-07 19:07:24 [INFO] __main__ — depth_spread_peak_pos                      0.6000     0.4000   0.6080   0.0000
2026-03-07 19:07:24 [INFO] __main__ — L0_peak_density                            0.5999     0.4001   0.7714   0.2942
2026-03-07 19:07:24 [INFO] __main__ — L11_trimmed_mean                           0.4036     0.5964   0.5349   0.0788
2026-03-07 19:07:24 [INFO] __main__ — L7_mean_peak_height                        0.4036     0.5964   0.5514   0.1096
2026-03-07 19:07:24 [INFO] __main__ — L27_total_variation_norm                   0.4047     0.5953   0.5440   0.1173
2026-03-07 19:07:24 [INFO] __main__ — L27_late_third                             0.4049     0.5951   0.5517   0.0942
2026-03-07 19:07:24 [INFO] __main__ — L0_std_acceleration                        0.5947     0.4053   0.7563   0.3981
2026-03-07 19:07:24 [INFO] __main__ — L3_peak_pos                                0.5944     0.4056   0.5852   0.0538
2026-03-07 19:07:24 [INFO] __main__ — L15_ac1                                    0.4061     0.5939   0.5777   0.1731
2026-03-07 19:07:24 [INFO] __main__ — depth_spread_first_mean                    0.4066     0.5934   0.5632   0.1058
2026-03-07 19:07:24 [INFO] __main__ — depth_spread_early_third                   0.4066     0.5934   0.5632   0.1058
2026-03-07 19:07:24 [INFO] __main__ — L19_std                                    0.4070     0.5930   0.5693   0.1423
2026-03-07 19:07:24 [INFO] __main__ — L23_mean_peak_height                       0.5930     0.4070   0.7160   0.2827
2026-03-07 19:07:24 [INFO] __main__ — L0_std                                     0.5923     0.4077   0.7454   0.2615
2026-03-07 19:07:24 [INFO] __main__ — L27_last_mean                              0.4080     0.5920   0.5636   0.1192
2026-03-07 19:07:24 [INFO] __main__ — L15_frac_above_1std                        0.4081     0.5919   0.5755   0.1308
2026-03-07 19:07:24 [INFO] __main__ — depth_spread_early_vs_late                 0.4084     0.5916   0.5774   0.1577
2026-03-07 19:07:24 [INFO] __main__ — depth_spread_slope                         0.4109     0.5891   0.5697   0.1231
2026-03-07 19:07:24 [INFO] __main__ — L27_mean                                   0.4117     0.5883   0.5349   0.0808
2026-03-07 19:07:24 [INFO] __main__ — depth_spread_frac_below_1std               0.5873     0.4127   0.5632   0.0462
2026-03-07 19:07:24 [INFO] __main__ — L11_mean_acceleration                      0.4128     0.5872   0.6302   0.3192
2026-03-07 19:07:24 [INFO] __main__ — L23_peak_pos                               0.5866     0.4134   0.6129   0.0904
2026-03-07 19:07:24 [INFO] __main__ — L15_mid_third                              0.4135     0.5865   0.5709   0.1442
2026-03-07 19:07:24 [INFO] __main__ — L7_peak_pos                                0.5864     0.4136   0.5926   0.0846
2026-03-07 19:07:24 [INFO] __main__ — L11_mid_vs_ends                            0.5863     0.4137   0.6966   0.1942
2026-03-07 19:07:24 [INFO] __main__ — depth_spread_frac_above_1std               0.5858     0.4142   0.5516   0.0192
2026-03-07 19:07:24 [INFO] __main__ — L3_mid_third                               0.4151     0.5849   0.5908   0.1923
2026-03-07 19:07:24 [INFO] __main__ — L23_last_mean                              0.5847     0.4153   0.7124   0.2846
2026-03-07 19:07:24 [INFO] __main__ — depth_slope                                0.4172     0.5828   0.5572   0.1154
2026-03-07 19:07:24 [INFO] __main__ — depth_spread_min                           0.4190     0.5810   0.5932   0.0962
2026-03-07 19:07:24 [INFO] __main__ — L7_peak_density                            0.4212     0.5788   0.5899   0.1788
2026-03-07 19:07:24 [INFO] __main__ — L15_mid_vs_ends                            0.5787     0.4213   0.6990   0.2462
2026-03-07 19:07:24 [INFO] __main__ — L27_frac_above_1std                        0.5782     0.4218   0.6787   0.1442
2026-03-07 19:07:24 [INFO] __main__ — L11_frac_above_1std                        0.5725     0.4275   0.7023   0.2500
2026-03-07 19:07:24 [INFO] __main__ — L3_late_third                              0.4278     0.5722   0.6030   0.1788
2026-03-07 19:07:24 [INFO] __main__ — depth_range                                0.4293     0.5707   0.5752   0.1077
2026-03-07 19:07:24 [INFO] __main__ — depth_spread_spearman_rho                  0.4306     0.5694   0.5329   0.0500
2026-03-07 19:07:24 [INFO] __main__ — L23_trimmed_mean                           0.5688     0.4312   0.6969   0.2750
2026-03-07 19:07:24 [INFO] __main__ — L7_frac_below_1std                         0.5684     0.4316   0.5691   0.1385
2026-03-07 19:07:24 [INFO] __main__ — depth_mid_vs_ends                          0.4320     0.5680   0.5690   0.1135
2026-03-07 19:07:24 [INFO] __main__ — L19_last_mean                              0.5679     0.4321   0.7028   0.2808
2026-03-07 19:07:24 [INFO] __main__ — L11_frac_below_1std                        0.5676     0.4324   0.5688   0.1327
2026-03-07 19:07:24 [INFO] __main__ — L0_mid_vs_ends                             0.5669     0.4331   0.6953   0.3615
2026-03-07 19:07:24 [INFO] __main__ — L27_median                                 0.5667     0.4333   0.6579   0.1712
2026-03-07 19:07:24 [INFO] __main__ — depth_spread_range                         0.5661     0.4339   0.6920   0.2615
2026-03-07 19:07:24 [INFO] __main__ — L19_delta_end                              0.5649     0.4351   0.6053   0.0615
2026-03-07 19:07:24 [INFO] __main__ — depth_spread_delta_seg                     0.4359     0.5641   0.5940   0.1615
2026-03-07 19:07:24 [INFO] __main__ — L7_mid_third                               0.4360     0.5640   0.5931   0.1596
2026-03-07 19:07:24 [INFO] __main__ — L0_monotonicity_up                         0.5636     0.4364   0.6890   0.1019
2026-03-07 19:07:24 [INFO] __main__ — L11_mid_third                              0.4373     0.5627   0.5843   0.1269
2026-03-07 19:07:24 [INFO] __main__ — L15_median                                 0.4373     0.5627   0.5750   0.1038
2026-03-07 19:07:24 [INFO] __main__ — L0_mid_third                               0.4375     0.5625   0.6525   0.3712
2026-03-07 19:07:24 [INFO] __main__ — L0_peak_pos                                0.5617     0.4383   0.5464   0.0519
2026-03-07 19:07:24 [INFO] __main__ — L23_mid_third                              0.4388     0.5612   0.6050   0.1923
2026-03-07 19:07:24 [INFO] __main__ — L23_early_third                            0.4404     0.5596   0.6248   0.1942
2026-03-07 19:07:24 [INFO] __main__ — L7_trimmed_mean                            0.5595     0.4405   0.6744   0.2288
2026-03-07 19:07:24 [INFO] __main__ — L11_delta_end                              0.4407     0.5593   0.4763   0.0115
2026-03-07 19:07:24 [INFO] __main__ — L7_mean                                    0.4409     0.5591   0.5847   0.1250
2026-03-07 19:07:24 [INFO] __main__ — depth_spread_mid_vs_ends                   0.4410     0.5590   0.5781   0.1269
2026-03-07 19:07:24 [INFO] __main__ — L19_late_third                             0.5589     0.4411   0.6948   0.2750
2026-03-07 19:07:24 [INFO] __main__ — L23_mid_vs_ends                            0.4416     0.5584   0.6133   0.2019
2026-03-07 19:07:24 [INFO] __main__ — depth_max                                  0.4434     0.5566   0.5804   0.1154
2026-03-07 19:07:24 [INFO] __main__ — L3_delta_end                               0.5562     0.4438   0.5904   0.0481
2026-03-07 19:07:24 [INFO] __main__ — L19_ac1                                    0.4441     0.5559   0.6070   0.1712
2026-03-07 19:07:24 [INFO] __main__ — depth_std                                  0.4454     0.5546   0.5711   0.0942
2026-03-07 19:07:24 [INFO] __main__ — L23_first_mean                             0.4461     0.5539   0.6213   0.1904
2026-03-07 19:07:24 [INFO] __main__ — L7_late_third                              0.5512     0.4488   0.6735   0.1808
2026-03-07 19:07:24 [INFO] __main__ — L27_peak_pos                               0.5492     0.4508   0.6359   0.2115
2026-03-07 19:07:24 [INFO] __main__ — L27_mean_acceleration                      0.5488     0.4512   0.7234   0.3654
2026-03-07 19:07:24 [INFO] __main__ — L3_mid_vs_ends                             0.5484     0.4516   0.6853   0.2846
2026-03-07 19:07:24 [INFO] __main__ — L19_mean_acceleration                      0.4532     0.5468   0.6585   0.3577
2026-03-07 19:07:24 [INFO] __main__ — L0_p90                                     0.4532     0.5468   0.6189   0.1635
2026-03-07 19:07:24 [INFO] __main__ — depth_first_mean                           0.4537     0.5463   0.5923   0.1231
2026-03-07 19:07:24 [INFO] __main__ — depth_early_third                          0.4537     0.5463   0.5923   0.1231
2026-03-07 19:07:24 [INFO] __main__ — depth_peak_density                         0.4570     0.5430   0.4824   0.0077
2026-03-07 19:07:24 [INFO] __main__ — L3_trimmed_mean                            0.4595     0.5405   0.6154   0.1596
2026-03-07 19:07:24 [INFO] __main__ — L19_frac_below_1std                        0.4602     0.5398   0.5777   0.1135
2026-03-07 19:07:24 [INFO] __main__ — L7_last_mean                               0.5388     0.4612   0.6687   0.2154
2026-03-07 19:07:24 [INFO] __main__ — L3_p10                                     0.5352     0.4648   0.6309   0.1635
2026-03-07 19:07:24 [INFO] __main__ — L27_mid_vs_ends                            0.4658     0.5342   0.5956   0.1346
2026-03-07 19:07:24 [INFO] __main__ — L27_spearman_rho                           0.5338     0.4662   0.6821   0.2962
2026-03-07 19:07:24 [INFO] __main__ — L23_p10                                    0.4670     0.5330   0.6290   0.1942
2026-03-07 19:07:24 [INFO] __main__ — L15_last_mean                              0.5329     0.4671   0.6628   0.1923
2026-03-07 19:07:24 [INFO] __main__ — L23_total_variation_norm                   0.5325     0.4675   0.6762   0.2442
2026-03-07 19:07:24 [INFO] __main__ — L7_mid_vs_ends                             0.4676     0.5324   0.6242   0.1923
2026-03-07 19:07:24 [INFO] __main__ — L15_late_third                             0.5324     0.4676   0.6594   0.1615
2026-03-07 19:07:24 [INFO] __main__ — depth_min                                  0.5318     0.4682   0.6936   0.2423
2026-03-07 19:07:24 [INFO] __main__ — depth_last_mean                            0.4685     0.5315   0.5987   0.1135
2026-03-07 19:07:24 [INFO] __main__ — L3_frac_above_1std                         0.5302     0.4698   0.6731   0.2423
2026-03-07 19:07:24 [INFO] __main__ — depth_mean_peak_height                     0.4704     0.5296   0.5844   0.1115
2026-03-07 19:07:24 [INFO] __main__ — L19_mean_peak_height                       0.4726     0.5274   0.6361   0.2096
2026-03-07 19:07:24 [INFO] __main__ — L15_p10                                    0.4732     0.5268   0.6120   0.1288
2026-03-07 19:07:24 [INFO] __main__ — depth_frac_below_1std                      0.4736     0.5264   0.5110   0.0788
2026-03-07 19:07:24 [INFO] __main__ — L15_delta_end                              0.4750     0.5250   0.4823   0.0058
2026-03-07 19:07:24 [INFO] __main__ — L15_mean_acceleration                      0.4752     0.5248   0.6698   0.3712
2026-03-07 19:07:24 [INFO] __main__ — L11_late_third                             0.5244     0.4756   0.6529   0.2000
2026-03-07 19:07:24 [INFO] __main__ — L23_median                                 0.4760     0.5240   0.6181   0.1731
2026-03-07 19:07:24 [INFO] __main__ — L19_mid_vs_ends                            0.5239     0.4761   0.6679   0.2423
2026-03-07 19:07:24 [INFO] __main__ — depth_spearman_rho                         0.5231     0.4769   0.6241   0.1000
2026-03-07 19:07:24 [INFO] __main__ — L23_std                                    0.4772     0.5228   0.6196   0.1673
2026-03-07 19:07:24 [INFO] __main__ — L7_total_variation_norm                    0.4804     0.5196   0.6291   0.1808
2026-03-07 19:07:24 [INFO] __main__ — L27_trimmed_mean                           0.5192     0.4808   0.6128   0.1135
2026-03-07 19:07:24 [INFO] __main__ — L27_delta_seg                              0.4813     0.5187   0.6073   0.1308
2026-03-07 19:07:24 [INFO] __main__ — L11_last_mean                              0.4822     0.5178   0.6313   0.2173
2026-03-07 19:07:24 [INFO] __main__ — L27_frac_below_1std                        0.5173     0.4827   0.5173   0.0346
2026-03-07 19:07:24 [INFO] __main__ — L7_p10                                     0.4832     0.5168   0.6254   0.2154
2026-03-07 19:07:24 [INFO] __main__ — L7_delta_end                               0.4848     0.5152   0.4944   0.0038
2026-03-07 19:07:24 [INFO] __main__ — L27_early_vs_late                          0.4867     0.5133   0.6094   0.1481
2026-03-07 19:07:24 [INFO] __main__ — L19_frac_above_1std                        0.5131     0.4869   0.6734   0.2808
2026-03-07 19:07:24 [INFO] __main__ — depth_delta_seg                            0.4884     0.5116   0.6247   0.1442
2026-03-07 19:07:24 [INFO] __main__ — depth_peak_pos                             0.5103     0.4897   0.5655   0.1615
2026-03-07 19:07:24 [INFO] __main__ — L23_mean                                   0.5092     0.4908   0.6524   0.2250
2026-03-07 19:07:24 [INFO] __main__ — L0_trimmed_mean                            0.5075     0.4925   0.6685   0.2981
2026-03-07 19:07:24 [INFO] __main__ — depth_spread_mean_acceleration             0.4929     0.5071   0.6212   0.1635
2026-03-07 19:07:24 [INFO] __main__ — L7_median                                  0.4952     0.5048   0.6292   0.1731
2026-03-07 19:07:24 [INFO] __main__ — depth_spread_max                           0.5039     0.4961   0.6261   0.1558
2026-03-07 19:07:24 [INFO] __main__ — L0_mean_peak_height                        0.5039     0.4961   0.6422   0.0423
2026-03-07 19:07:24 [INFO] __main__ — L11_p10                                    0.5037     0.4963   0.6438   0.2192
2026-03-07 19:07:24 [INFO] __main__ — depth_mean_acceleration                    0.5033     0.4967   0.6134   0.1308
2026-03-07 19:07:24 [INFO] __main__ — L23_std_acceleration                       0.4973     0.5027   0.6484   0.2058
2026-03-07 19:07:24 [INFO] __main__ — L0_min                                     0.5000     0.5000   0.5000   0.0000
2026-03-07 19:07:24 [INFO] __main__ — L0_frac_below_1std                         0.5000     0.5000   0.5000   0.0000
2026-03-07 19:07:24 [INFO] __main__ — L3_min                                     0.5000     0.5000   0.5000   0.0000
2026-03-07 19:07:24 [INFO] __main__ — L3_frac_below_1std                         0.5000     0.5000   0.5000   0.0000
2026-03-07 19:07:24 [INFO] __main__ — L7_min                                     0.5000     0.5000   0.5000   0.0000
2026-03-07 19:07:24 [INFO] __main__ — L11_min                                    0.5000     0.5000   0.5000   0.0000
2026-03-07 19:07:24 [INFO] __main__ — L15_min                                    0.5000     0.5000   0.5000   0.0000
2026-03-07 19:07:24 [INFO] __main__ — L19_min                                    0.5000     0.5000   0.5000   0.0000
2026-03-07 19:07:24 [INFO] __main__ — L23_min                                    0.5000     0.5000   0.5000   0.0000
2026-03-07 19:07:24 [INFO] __main__ — depth_frac_above_q                         0.5000     0.5000   0.5000   0.0000
2026-03-07 19:07:24 [INFO] __main__ — depth_spread_frac_above_q                  0.5000     0.5000   0.5000   0.0000
2026-03-07 19:07:24 [INFO] __main__ — ================================================================================
