2026-03-08 20:19:12 [INFO] __main__ — ================================================================================
2026-03-08 20:19:12 [INFO] __main__ — INTERMEDIATE LAYER ENTROPY METRICS
2026-03-08 20:19:12 [INFO] __main__ — ================================================================================
2026-03-08 20:19:12 [INFO] __main__ — Device          : cuda
2026-03-08 20:19:12 [INFO] __main__ — Model path      : google/gemma-7b
2026-03-08 20:19:12 [INFO] __main__ — N probe layers  : 8
2026-03-08 20:19:12 [INFO] __main__ — Score key(s)    : ALL
2026-03-08 20:19:12 [INFO] __main__ — ================================================================================
2026-03-08 20:19:12 [INFO] __main__ — [1/4] Loading test data...
2026-03-08 20:19:12 [INFO] __main__ — Loading all available prompts (n_test=max)
2026-03-08 20:19:12 [INFO] httpx — HTTP Request: HEAD https://huggingface.co/datasets/JailbreakBench/JBB-Behaviors/resolve/main/README.md "HTTP/1.1 307 Temporary Redirect"
2026-03-08 20:19:12 [INFO] httpx — HTTP Request: HEAD https://huggingface.co/api/resolve-cache/datasets/JailbreakBench/JBB-Behaviors/886acc352a31533ffbcf4ef22c744658688086fc/README.md "HTTP/1.1 200 OK"
2026-03-08 20:19:13 [INFO] httpx — HTTP Request: HEAD https://huggingface.co/datasets/JailbreakBench/JBB-Behaviors/resolve/886acc352a31533ffbcf4ef22c744658688086fc/JBB-Behaviors.py "HTTP/1.1 404 Not Found"
2026-03-08 20:19:13 [INFO] httpx — HTTP Request: HEAD https://s3.amazonaws.com/datasets.huggingface.co/datasets/datasets/JailbreakBench/JBB-Behaviors/JailbreakBench/JBB-Behaviors.py "HTTP/1.1 404 Not Found"
2026-03-08 20:19:13 [INFO] httpx — HTTP Request: GET https://huggingface.co/api/datasets/JailbreakBench/JBB-Behaviors/revision/886acc352a31533ffbcf4ef22c744658688086fc "HTTP/1.1 200 OK"
2026-03-08 20:19:13 [INFO] httpx — HTTP Request: HEAD https://huggingface.co/datasets/JailbreakBench/JBB-Behaviors/resolve/886acc352a31533ffbcf4ef22c744658688086fc/.huggingface.yaml "HTTP/1.1 404 Not Found"
2026-03-08 20:19:13 [INFO] httpx — HTTP Request: GET https://datasets-server.huggingface.co/info?dataset=JailbreakBench/JBB-Behaviors "HTTP/1.1 200 OK"
2026-03-08 20:19:14 [INFO] httpx — HTTP Request: GET https://huggingface.co/api/datasets/JailbreakBench/JBB-Behaviors/tree/886acc352a31533ffbcf4ef22c744658688086fc/data?recursive=false&expand=false "HTTP/1.1 200 OK"
2026-03-08 20:19:14 [INFO] httpx — HTTP Request: HEAD https://huggingface.co/datasets/JailbreakBench/JBB-Behaviors/resolve/886acc352a31533ffbcf4ef22c744658688086fc/dataset_infos.json "HTTP/1.1 404 Not Found"
2026-03-08 20:19:14 [INFO] httpx — HTTP Request: HEAD https://huggingface.co/datasets/walledai/AdvBench/resolve/main/README.md "HTTP/1.1 200 OK"
2026-03-08 20:19:14 [INFO] httpx — HTTP Request: HEAD https://huggingface.co/datasets/walledai/AdvBench/resolve/9d4730540082fa4017450b65ca1c0e1d8d30446e/AdvBench.py "HTTP/1.1 404 Not Found"
2026-03-08 20:19:14 [INFO] httpx — HTTP Request: HEAD https://s3.amazonaws.com/datasets.huggingface.co/datasets/datasets/walledai/AdvBench/walledai/AdvBench.py "HTTP/1.1 404 Not Found"
2026-03-08 20:19:14 [INFO] httpx — HTTP Request: GET https://huggingface.co/api/datasets/walledai/AdvBench/revision/9d4730540082fa4017450b65ca1c0e1d8d30446e "HTTP/1.1 200 OK"
2026-03-08 20:19:14 [INFO] httpx — HTTP Request: HEAD https://huggingface.co/datasets/walledai/AdvBench/resolve/9d4730540082fa4017450b65ca1c0e1d8d30446e/.huggingface.yaml "HTTP/1.1 404 Not Found"
2026-03-08 20:19:15 [INFO] httpx — HTTP Request: GET https://datasets-server.huggingface.co/info?dataset=walledai/AdvBench "HTTP/1.1 200 OK"
2026-03-08 20:19:15 [INFO] httpx — HTTP Request: GET https://huggingface.co/api/datasets/walledai/AdvBench/tree/9d4730540082fa4017450b65ca1c0e1d8d30446e/data?recursive=true&expand=false "HTTP/1.1 200 OK"
2026-03-08 20:19:15 [INFO] httpx — HTTP Request: GET https://huggingface.co/api/datasets/walledai/AdvBench/tree/9d4730540082fa4017450b65ca1c0e1d8d30446e?recursive=false&expand=false "HTTP/1.1 200 OK"
2026-03-08 20:19:15 [INFO] httpx — HTTP Request: HEAD https://huggingface.co/datasets/walledai/AdvBench/resolve/9d4730540082fa4017450b65ca1c0e1d8d30446e/dataset_infos.json "HTTP/1.1 404 Not Found"
2026-03-08 20:19:15 [INFO] __main__ —   Safe: 100  |  Harmful: 100
2026-03-08 20:19:15 [INFO] __main__ — [2/4] Loading model...
2026-03-08 20:19:15 [INFO] httpx — HTTP Request: HEAD https://huggingface.co/google/gemma-7b/resolve/main/config.json "HTTP/1.1 200 OK"
2026-03-08 20:19:15 [INFO] httpx — HTTP Request: HEAD https://huggingface.co/google/gemma-7b/resolve/main/tokenizer_config.json "HTTP/1.1 200 OK"
2026-03-08 20:19:15 [INFO] httpx — HTTP Request: GET https://huggingface.co/api/models/google/gemma-7b/tree/main/additional_chat_templates?recursive=false&expand=false "HTTP/1.1 404 Not Found"
2026-03-08 20:19:15 [INFO] httpx — HTTP Request: GET https://huggingface.co/api/models/google/gemma-7b/tree/main?recursive=true&expand=false "HTTP/1.1 200 OK"
2026-03-08 20:19:17 [INFO] httpx — HTTP Request: HEAD https://huggingface.co/google/gemma-7b/resolve/main/config.json "HTTP/1.1 200 OK"
2026-03-08 20:19:18 [INFO] httpx — HTTP Request: HEAD https://huggingface.co/google/gemma-7b/resolve/main/config.json "HTTP/1.1 200 OK"
2026-03-08 20:19:26 [INFO] httpx — HTTP Request: HEAD https://huggingface.co/google/gemma-7b/resolve/main/generation_config.json "HTTP/1.1 200 OK"
2026-03-08 20:19:26 [INFO] __main__ —   Running base model (no LoRA adapter)
2026-03-08 20:19:26 [INFO] __main__ —   n_layers        : 28
2026-03-08 20:19:26 [INFO] __main__ —   layers_to_probe : [0, 3, 7, 11, 15, 19, 23, 27]
2026-03-08 20:19:26 [INFO] __main__ —   Total features  : 310
2026-03-08 20:19:26 [INFO] __main__ — [3/4] Computing intermediate entropy features...
2026-03-08 20:19:26 [INFO] __main__ —   Processing SAFE prompts...
2026-03-08 20:19:36 [INFO] __main__ —   Processing HARMFUL prompts...
2026-03-08 20:19:44 [INFO] __main__ — [4/4] Evaluating detection metrics...
2026-03-08 20:19:46 [INFO] __main__ — Saved results to: results/intermediate_entropy/intermediate_entropy_all_keys_20260308_201946.json
2026-03-08 20:19:46 [INFO] __main__ — ================================================================================
2026-03-08 20:19:46 [INFO] __main__ — key                                         AUROC AUROC_flip       AP   TPR@1%
2026-03-08 20:19:46 [INFO] __main__ — --------------------------------------------------------------------------------
2026-03-08 20:19:46 [INFO] __main__ — L3_spearman_rho                            0.3475     0.6525   0.4018   0.0000
2026-03-08 20:19:46 [INFO] __main__ — L0_mid_third                               0.6514     0.3487   0.6328   0.0500
2026-03-08 20:19:46 [INFO] __main__ — L0_std_acceleration                        0.6497     0.3503   0.6570   0.0600
2026-03-08 20:19:46 [INFO] __main__ — L3_kendall_tau                             0.3509     0.6492   0.4033   0.0000
2026-03-08 20:19:46 [INFO] __main__ — L0_early_third                             0.6469     0.3531   0.6232   0.0000
2026-03-08 20:19:46 [INFO] __main__ — L0_first_mean                              0.6438     0.3563   0.6395   0.0300
2026-03-08 20:19:46 [INFO] __main__ — L0_std                                     0.6352     0.3648   0.6198   0.0300
2026-03-08 20:19:46 [INFO] __main__ — L0_mean                                    0.6331     0.3669   0.6340   0.0400
2026-03-08 20:19:46 [INFO] __main__ — L19_early_third                            0.6281     0.3719   0.5977   0.0100
2026-03-08 20:19:46 [INFO] __main__ — L0_trimmed_mean                            0.6268     0.3732   0.5894   0.0100
2026-03-08 20:19:46 [INFO] __main__ — L0_p90                                     0.6268     0.3733   0.6394   0.1000
2026-03-08 20:19:46 [INFO] __main__ — L19_first_mean                             0.6252     0.3748   0.6040   0.0200
2026-03-08 20:19:46 [INFO] __main__ — L19_delta_seg                              0.3752     0.6248   0.4162   0.0000
2026-03-08 20:19:46 [INFO] __main__ — depth_spread_delta_end                     0.3765     0.6235   0.4436   0.0200
2026-03-08 20:19:46 [INFO] __main__ — L19_early_vs_late                          0.3780     0.6220   0.4210   0.0000
2026-03-08 20:19:46 [INFO] __main__ — L0_max                                     0.6210     0.3790   0.5916   0.0100
2026-03-08 20:19:46 [INFO] __main__ — L0_range                                   0.6210     0.3790   0.5916   0.0100
2026-03-08 20:19:46 [INFO] __main__ — depth_spread_range                         0.3794     0.6206   0.4501   0.0200
2026-03-08 20:19:46 [INFO] __main__ — depth_delta_end                            0.3857     0.6143   0.4189   0.0000
2026-03-08 20:19:46 [INFO] __main__ — depth_spread_min                           0.6140     0.3860   0.6042   0.0200
2026-03-08 20:19:46 [INFO] __main__ — L15_first_mean                             0.6139     0.3861   0.5584   0.0000
2026-03-08 20:19:46 [INFO] __main__ — L3_median                                  0.6138     0.3861   0.5709   0.0000
2026-03-08 20:19:46 [INFO] __main__ — depth_min                                  0.6123     0.3877   0.6050   0.0500
2026-03-08 20:19:46 [INFO] __main__ — L19_kendall_tau                            0.3902     0.6098   0.4206   0.0000
2026-03-08 20:19:46 [INFO] __main__ — L27_p10                                    0.6098     0.3903   0.5683   0.0200
2026-03-08 20:19:46 [INFO] __main__ — L0_mean_peak_height                        0.6083     0.3917   0.5820   0.0300
2026-03-08 20:19:46 [INFO] __main__ — L19_slope                                  0.3934     0.6066   0.4322   0.0000
2026-03-08 20:19:46 [INFO] __main__ — depth_spread_slope                         0.3951     0.6049   0.4522   0.0300
2026-03-08 20:19:46 [INFO] __main__ — L19_spearman_rho                           0.3956     0.6045   0.4232   0.0000
2026-03-08 20:19:46 [INFO] __main__ — depth_spread_delta_seg                     0.3981     0.6019   0.4486   0.0200
2026-03-08 20:19:46 [INFO] __main__ — L7_spearman_rho                            0.3986     0.6015   0.4382   0.0000
2026-03-08 20:19:46 [INFO] __main__ — L15_early_third                            0.6002     0.3998   0.5637   0.0100
2026-03-08 20:19:46 [INFO] __main__ — depth_spread_std                           0.4003     0.5997   0.4652   0.0300
2026-03-08 20:19:46 [INFO] __main__ — depth_last_mean                            0.4016     0.5984   0.4313   0.0000
2026-03-08 20:19:46 [INFO] __main__ — L7_kendall_tau                             0.4027     0.5972   0.4413   0.0000
2026-03-08 20:19:46 [INFO] __main__ — L27_trimmed_mean                           0.4035     0.5965   0.4217   0.0000
2026-03-08 20:19:46 [INFO] __main__ — L19_peak_density                           0.5963     0.4037   0.5835   0.0300
2026-03-08 20:19:46 [INFO] __main__ — L3_first_mean                              0.5938     0.4062   0.5357   0.0100
2026-03-08 20:19:46 [INFO] __main__ — L0_peak_density                            0.5935     0.4065   0.6058   0.0800
2026-03-08 20:19:46 [INFO] __main__ — L27_mean_acceleration                      0.5933     0.4067   0.6007   0.0800
2026-03-08 20:19:46 [INFO] __main__ — depth_delta_seg                            0.4080     0.5920   0.4409   0.0000
2026-03-08 20:19:46 [INFO] __main__ — L3_early_third                             0.5918     0.4082   0.5265   0.0000
2026-03-08 20:19:46 [INFO] __main__ — L7_monotonicity_up                         0.4087     0.5913   0.4399   0.0000
2026-03-08 20:19:46 [INFO] __main__ — depth_spread_monotonicity_up               0.4091     0.5909   0.4496   0.0100
2026-03-08 20:19:46 [INFO] __main__ — depth_spread_last_mean                     0.4094     0.5906   0.4512   0.0200
2026-03-08 20:19:46 [INFO] __main__ — L27_p90                                    0.4096     0.5904   0.4406   0.0200
2026-03-08 20:19:46 [INFO] __main__ — L27_mean                                   0.4112     0.5888   0.4285   0.0000
2026-03-08 20:19:46 [INFO] __main__ — depth_monotonicity_up                      0.4131     0.5869   0.4439   0.0100
2026-03-08 20:19:46 [INFO] __main__ — L27_mean_peak_height                       0.4148     0.5852   0.4491   0.0000
2026-03-08 20:19:46 [INFO] __main__ — L3_p10                                     0.5846     0.4153   0.5763   0.0500
2026-03-08 20:19:46 [INFO] __main__ — depth_slope                                0.4154     0.5846   0.4482   0.0000
2026-03-08 20:19:46 [INFO] __main__ — L27_frac_above_1std                        0.4162     0.5838   0.4427   0.0000
2026-03-08 20:19:46 [INFO] __main__ — depth_spread_early_vs_late                 0.4176     0.5824   0.4687   0.0100
2026-03-08 20:19:46 [INFO] __main__ — L7_delta_end                               0.4179     0.5821   0.4689   0.0000
2026-03-08 20:19:46 [INFO] __main__ — L0_spearman_rho                            0.4199     0.5801   0.4374   0.0000
2026-03-08 20:19:46 [INFO] __main__ — L23_first_mean                             0.5796     0.4205   0.5915   0.0500
2026-03-08 20:19:46 [INFO] __main__ — L23_delta_seg                              0.4210     0.5790   0.4637   0.0300
2026-03-08 20:19:46 [INFO] __main__ — depth_range                                0.4229     0.5771   0.4712   0.0200
2026-03-08 20:19:46 [INFO] __main__ — L23_early_vs_late                          0.4230     0.5770   0.4517   0.0100
2026-03-08 20:19:46 [INFO] __main__ — L27_std_acceleration                       0.4235     0.5765   0.4522   0.0200
2026-03-08 20:19:46 [INFO] __main__ — L0_kendall_tau                             0.4244     0.5756   0.4403   0.0000
2026-03-08 20:19:46 [INFO] __main__ — L15_early_vs_late                          0.4245     0.5755   0.4419   0.0100
2026-03-08 20:19:46 [INFO] __main__ — L23_mid_third                              0.4249     0.5750   0.4894   0.0400
2026-03-08 20:19:46 [INFO] __main__ — L27_std                                    0.4258     0.5742   0.4686   0.0300
2026-03-08 20:19:46 [INFO] __main__ — L15_delta_seg                              0.4262     0.5738   0.4536   0.0200
2026-03-08 20:19:46 [INFO] __main__ — L23_p10                                    0.4272     0.5728   0.4673   0.0100
2026-03-08 20:19:46 [INFO] __main__ — L0_p10                                     0.5722     0.4278   0.5234   0.0000
2026-03-08 20:19:46 [INFO] __main__ — L19_last_mean                              0.4309     0.5691   0.4495   0.0000
2026-03-08 20:19:46 [INFO] __main__ — L3_peak_density                            0.4314     0.5686   0.4861   0.0400
2026-03-08 20:19:46 [INFO] __main__ — L23_mid_vs_ends                            0.4316     0.5684   0.4920   0.0200
2026-03-08 20:19:46 [INFO] __main__ — L27_peak_density                           0.4322     0.5678   0.4389   0.0000
2026-03-08 20:19:46 [INFO] __main__ — L3_mean_acceleration                       0.5670     0.4330   0.5684   0.0300
2026-03-08 20:19:46 [INFO] __main__ — L0_mid_vs_ends                             0.5656     0.4344   0.5901   0.0500
2026-03-08 20:19:46 [INFO] __main__ — depth_spread_peak_pos                      0.4347     0.5653   0.4659   0.0000
2026-03-08 20:19:46 [INFO] __main__ — depth_spread_kendall_tau                   0.4349     0.5652   0.4723   0.0200
2026-03-08 20:19:46 [INFO] __main__ — depth_kendall_tau                          0.4349     0.5651   0.4799   0.0200
2026-03-08 20:19:46 [INFO] __main__ — L3_p90                                     0.4361     0.5639   0.4862   0.0300
2026-03-08 20:19:46 [INFO] __main__ — L27_range                                  0.4378     0.5623   0.4804   0.0300
2026-03-08 20:19:46 [INFO] __main__ — L19_late_third                             0.4381     0.5619   0.4615   0.0000
2026-03-08 20:19:46 [INFO] __main__ — L0_ac1                                     0.4381     0.5619   0.4500   0.0000
2026-03-08 20:19:46 [INFO] __main__ — L27_max                                    0.4382     0.5618   0.4808   0.0300
2026-03-08 20:19:46 [INFO] __main__ — depth_peak_pos                             0.4383     0.5617   0.4628   0.0000
2026-03-08 20:19:46 [INFO] __main__ — L23_early_third                            0.5604     0.4396   0.5783   0.0500
2026-03-08 20:19:46 [INFO] __main__ — L11_mid_vs_ends                            0.5598     0.4402   0.5322   0.0000
2026-03-08 20:19:46 [INFO] __main__ — L3_trimmed_mean                            0.4406     0.5594   0.4623   0.0000
2026-03-08 20:19:46 [INFO] __main__ — depth_spread_spearman_rho                  0.4412     0.5588   0.4765   0.0200
2026-03-08 20:19:46 [INFO] __main__ — L0_delta_seg                               0.4415     0.5585   0.4724   0.0100
2026-03-08 20:19:46 [INFO] __main__ — L11_peak_pos                               0.5583     0.4417   0.5338   0.0000
2026-03-08 20:19:46 [INFO] __main__ — L27_mid_third                              0.4423     0.5578   0.4505   0.0000
2026-03-08 20:19:46 [INFO] __main__ — L11_p10                                    0.5577     0.4423   0.5453   0.0100
2026-03-08 20:19:46 [INFO] __main__ — L27_first_mean                             0.4426     0.5574   0.4702   0.0200
2026-03-08 20:19:46 [INFO] __main__ — depth_frac_below_1std                      0.5573     0.4427   0.5372   0.0000
2026-03-08 20:19:46 [INFO] __main__ — depth_max                                  0.4432     0.5568   0.4799   0.0100
2026-03-08 20:19:46 [INFO] __main__ — depth_spread_late_third                    0.4434     0.5566   0.4755   0.0400
2026-03-08 20:19:46 [INFO] __main__ — depth_spread_max                           0.4440     0.5560   0.4780   0.0300
2026-03-08 20:19:46 [INFO] __main__ — L7_delta_seg                               0.4450     0.5550   0.4613   0.0100
2026-03-08 20:19:46 [INFO] __main__ — L11_early_third                            0.4452     0.5548   0.4507   0.0100
2026-03-08 20:19:46 [INFO] __main__ — L11_max                                    0.4453     0.5546   0.4807   0.0300
2026-03-08 20:19:46 [INFO] __main__ — L11_range                                  0.4453     0.5546   0.4807   0.0300
2026-03-08 20:19:46 [INFO] __main__ — L19_mid_third                              0.5544     0.4456   0.5628   0.0400
2026-03-08 20:19:46 [INFO] __main__ — L23_std                                    0.4456     0.5544   0.4612   0.0100
2026-03-08 20:19:46 [INFO] __main__ — L27_late_third                             0.4456     0.5544   0.4612   0.0000
2026-03-08 20:19:46 [INFO] __main__ — L23_p90                                    0.4459     0.5542   0.4485   0.0000
2026-03-08 20:19:46 [INFO] __main__ — L7_early_vs_late                           0.4459     0.5541   0.4526   0.0100
2026-03-08 20:19:46 [INFO] __main__ — depth_spearman_rho                         0.4467     0.5534   0.4797   0.0200
2026-03-08 20:19:46 [INFO] __main__ — L15_spearman_rho                           0.4469     0.5531   0.4740   0.0300
2026-03-08 20:19:46 [INFO] __main__ — L27_early_third                            0.4471     0.5529   0.4843   0.0200
2026-03-08 20:19:46 [INFO] __main__ — depth_spread_std_acceleration              0.4475     0.5525   0.5018   0.0500
2026-03-08 20:19:46 [INFO] __main__ — L19_p10                                    0.5523     0.4477   0.5526   0.0200
2026-03-08 20:19:46 [INFO] __main__ — L15_kendall_tau                            0.4485     0.5515   0.4874   0.0400
2026-03-08 20:19:46 [INFO] __main__ — depth_std                                  0.4489     0.5511   0.4996   0.0500
2026-03-08 20:19:46 [INFO] __main__ — L15_slope                                  0.4491     0.5509   0.4614   0.0100
2026-03-08 20:19:46 [INFO] __main__ — L27_monotonicity_up                        0.5499     0.4501   0.5578   0.0200
2026-03-08 20:19:46 [INFO] __main__ — L11_median                                 0.4507     0.5494   0.4891   0.0400
2026-03-08 20:19:46 [INFO] __main__ — L23_slope                                  0.4510     0.5490   0.4635   0.0100
2026-03-08 20:19:46 [INFO] __main__ — L0_late_third                              0.5479     0.4521   0.5341   0.0000
2026-03-08 20:19:46 [INFO] __main__ — L3_mean                                    0.4522     0.5478   0.4807   0.0100
2026-03-08 20:19:46 [INFO] __main__ — depth_spread_first_mean                    0.5462     0.4538   0.5679   0.0600
2026-03-08 20:19:46 [INFO] __main__ — depth_spread_early_third                   0.5462     0.4538   0.5679   0.0600
2026-03-08 20:19:46 [INFO] __main__ — L27_delta_end                              0.5461     0.4540   0.5498   0.0400
2026-03-08 20:19:46 [INFO] __main__ — L27_min                                    0.5453     0.4547   0.5317   0.0300
2026-03-08 20:19:46 [INFO] __main__ — L19_mid_vs_ends                            0.5449     0.4551   0.5686   0.0400
2026-03-08 20:19:46 [INFO] __main__ — L23_mean_peak_height                       0.4558     0.5442   0.4596   0.0000
2026-03-08 20:19:46 [INFO] __main__ — depth_frac_above_1std                      0.5442     0.4558   0.5298   0.0000
2026-03-08 20:19:46 [INFO] __main__ — depth_std_acceleration                     0.4564     0.5436   0.4609   0.0000
2026-03-08 20:19:46 [INFO] __main__ — depth_spread_p90                           0.4566     0.5434   0.4910   0.0200
2026-03-08 20:19:46 [INFO] __main__ — L15_ac1                                    0.4568     0.5432   0.4953   0.0300
2026-03-08 20:19:46 [INFO] __main__ — L15_median                                 0.5432     0.4568   0.5781   0.0500
2026-03-08 20:19:46 [INFO] __main__ — L15_peak_density                           0.5430     0.4570   0.5503   0.0300
2026-03-08 20:19:46 [INFO] __main__ — L7_slope                                   0.4576     0.5424   0.4643   0.0000
2026-03-08 20:19:46 [INFO] __main__ — L15_frac_below_1std                        0.5420     0.4580   0.5493   0.0500
2026-03-08 20:19:46 [INFO] __main__ — L7_peak_density                            0.5410     0.4590   0.5129   0.0000
2026-03-08 20:19:46 [INFO] __main__ — L11_first_mean                             0.4594     0.5407   0.4559   0.0100
2026-03-08 20:19:46 [INFO] __main__ — L27_last_mean                              0.4596     0.5404   0.4760   0.0000
2026-03-08 20:19:46 [INFO] __main__ — L19_median                                 0.5397     0.4602   0.5358   0.0200
2026-03-08 20:19:46 [INFO] __main__ — L23_late_third                             0.4608     0.5392   0.4570   0.0100
2026-03-08 20:19:46 [INFO] __main__ — L15_mid_third                              0.5384     0.4616   0.5501   0.0300
2026-03-08 20:19:46 [INFO] __main__ — L11_frac_above_1std                        0.5378     0.4623   0.5213   0.0000
2026-03-08 20:19:46 [INFO] __main__ — L23_max                                    0.4624     0.5376   0.4851   0.0100
2026-03-08 20:19:46 [INFO] __main__ — L23_range                                  0.4624     0.5376   0.4851   0.0100
2026-03-08 20:19:46 [INFO] __main__ — L7_mid_third                               0.5373     0.4628   0.5313   0.0100
2026-03-08 20:19:46 [INFO] __main__ — L23_std_acceleration                       0.4629     0.5371   0.4618   0.0000
2026-03-08 20:19:46 [INFO] __main__ — L27_peak_pos                               0.5369     0.4632   0.5494   0.0000
2026-03-08 20:19:46 [INFO] __main__ — depth_spread_frac_above_1std               0.5368     0.4632   0.5238   0.0000
2026-03-08 20:19:46 [INFO] __main__ — L11_delta_end                              0.4637     0.5363   0.4791   0.0000
2026-03-08 20:19:46 [INFO] __main__ — depth_spread_p10                           0.5349     0.4651   0.5381   0.0100
2026-03-08 20:19:46 [INFO] __main__ — L23_peak_pos                               0.4654     0.5347   0.4845   0.0000
2026-03-08 20:19:46 [INFO] __main__ — depth_early_vs_late                        0.4654     0.5346   0.5096   0.0600
2026-03-08 20:19:46 [INFO] __main__ — L23_last_mean                              0.4660     0.5340   0.4754   0.0200
2026-03-08 20:19:46 [INFO] __main__ — L7_last_mean                               0.4661     0.5339   0.4781   0.0100
2026-03-08 20:19:46 [INFO] __main__ — L11_last_mean                              0.4661     0.5339   0.5111   0.0600
2026-03-08 20:19:46 [INFO] __main__ — L0_frac_above_q                            0.5337     0.4663   0.5148   0.0000
2026-03-08 20:19:46 [INFO] __main__ — L3_frac_above_q                            0.5337     0.4663   0.5148   0.0000
2026-03-08 20:19:46 [INFO] __main__ — L7_frac_above_q                            0.5337     0.4663   0.5148   0.0000
2026-03-08 20:19:46 [INFO] __main__ — L11_frac_above_q                           0.5337     0.4663   0.5148   0.0000
2026-03-08 20:19:46 [INFO] __main__ — L15_frac_above_q                           0.5337     0.4663   0.5148   0.0000
2026-03-08 20:19:46 [INFO] __main__ — L19_frac_above_q                           0.5337     0.4663   0.5148   0.0000
2026-03-08 20:19:46 [INFO] __main__ — L23_frac_above_q                           0.5337     0.4663   0.5148   0.0000
2026-03-08 20:19:46 [INFO] __main__ — L27_frac_above_q                           0.5337     0.4663   0.5148   0.0000
2026-03-08 20:19:46 [INFO] __main__ — L15_mean_acceleration                      0.5331     0.4669   0.5113   0.0000
2026-03-08 20:19:46 [INFO] __main__ — L27_median                                 0.4677     0.5323   0.4605   0.0000
2026-03-08 20:19:46 [INFO] __main__ — L3_peak_pos                                0.4679     0.5321   0.4933   0.0000
2026-03-08 20:19:46 [INFO] __main__ — depth_spread_frac_below_1std               0.5320     0.4681   0.5330   0.0700
2026-03-08 20:19:46 [INFO] __main__ — depth_mean                                 0.4681     0.5319   0.5118   0.0500
2026-03-08 20:19:46 [INFO] __main__ — depth_trimmed_mean                         0.4681     0.5319   0.5118   0.0500
2026-03-08 20:19:46 [INFO] __main__ — L11_mean_acceleration                      0.5318     0.4682   0.5307   0.0200
2026-03-08 20:19:46 [INFO] __main__ — L15_std_acceleration                       0.5315     0.4685   0.5164   0.0000
2026-03-08 20:19:46 [INFO] __main__ — L27_kendall_tau                            0.5314     0.4686   0.5349   0.0100
2026-03-08 20:19:46 [INFO] __main__ — L15_mean                                   0.5313     0.4687   0.5453   0.0400
2026-03-08 20:19:46 [INFO] __main__ — L11_mid_third                              0.5310     0.4691   0.5203   0.0100
2026-03-08 20:19:46 [INFO] __main__ — L7_mid_vs_ends                             0.5309     0.4691   0.5430   0.0000
2026-03-08 20:19:46 [INFO] __main__ — L27_mid_vs_ends                            0.4691     0.5309   0.4710   0.0100
2026-03-08 20:19:46 [INFO] __main__ — L7_late_third                              0.4692     0.5308   0.4693   0.0200
2026-03-08 20:19:46 [INFO] __main__ — L3_late_third                              0.4694     0.5306   0.5042   0.0400
2026-03-08 20:19:46 [INFO] __main__ — L3_delta_end                               0.4694     0.5306   0.5211   0.0500
2026-03-08 20:19:46 [INFO] __main__ — L3_frac_above_1std                         0.4695     0.5305   0.4979   0.0000
2026-03-08 20:19:46 [INFO] __main__ — L19_monotonicity_up                        0.4698     0.5302   0.4703   0.0100
2026-03-08 20:19:46 [INFO] __main__ — L23_frac_below_1std                        0.5301     0.4698   0.5338   0.0200
2026-03-08 20:19:46 [INFO] __main__ — L27_spearman_rho                           0.5299     0.4700   0.5347   0.0000
2026-03-08 20:19:46 [INFO] __main__ — L15_mid_vs_ends                            0.5299     0.4701   0.5238   0.0000
2026-03-08 20:19:46 [INFO] __main__ — L7_std_acceleration                        0.5297     0.4703   0.5296   0.0200
2026-03-08 20:19:46 [INFO] __main__ — L15_trimmed_mean                           0.5297     0.4703   0.5442   0.0400
2026-03-08 20:19:46 [INFO] __main__ — depth_p90                                  0.4705     0.5295   0.5160   0.0800
2026-03-08 20:19:46 [INFO] __main__ — L0_mean_acceleration                       0.4706     0.5294   0.5134   0.0100
2026-03-08 20:19:46 [INFO] __main__ — L11_mean                                   0.4707     0.5293   0.5054   0.0300
2026-03-08 20:19:46 [INFO] __main__ — L0_median                                  0.5292     0.4708   0.5027   0.0200
2026-03-08 20:19:46 [INFO] __main__ — depth_ac1                                  0.5290     0.4710   0.5215   0.0200
2026-03-08 20:19:46 [INFO] __main__ — L7_std                                     0.5289     0.4711   0.5616   0.0600
2026-03-08 20:19:46 [INFO] __main__ — L3_monotonicity_up                         0.4715     0.5285   0.5105   0.0200
2026-03-08 20:19:46 [INFO] __main__ — L19_delta_end                              0.4715     0.5285   0.4771   0.0100
2026-03-08 20:19:46 [INFO] __main__ — L19_ac1                                    0.4715     0.5285   0.4732   0.0000
2026-03-08 20:19:46 [INFO] __main__ — L7_p90                                     0.5282     0.4718   0.5462   0.0300
2026-03-08 20:19:46 [INFO] __main__ — L7_first_mean                              0.5281     0.4720   0.5716   0.0900
2026-03-08 20:19:46 [INFO] __main__ — L11_late_third                             0.4721     0.5279   0.5082   0.0300
2026-03-08 20:19:46 [INFO] __main__ — L11_trimmed_mean                           0.4727     0.5273   0.5081   0.0300
2026-03-08 20:19:46 [INFO] __main__ — L19_mean                                   0.5272     0.4728   0.5174   0.0100
2026-03-08 20:19:46 [INFO] __main__ — L23_mean                                   0.4730     0.5270   0.4759   0.0000
2026-03-08 20:19:46 [INFO] __main__ — L3_last_mean                               0.4731     0.5269   0.5079   0.0300
2026-03-08 20:19:46 [INFO] __main__ — L23_mean_acceleration                      0.4739     0.5261   0.4829   0.0200
2026-03-08 20:19:46 [INFO] __main__ — L11_early_vs_late                          0.5260     0.4740   0.5230   0.0400
2026-03-08 20:19:46 [INFO] __main__ — L11_monotonicity_up                        0.4741     0.5259   0.4855   0.0100
2026-03-08 20:19:46 [INFO] __main__ — L15_last_mean                              0.4742     0.5258   0.4819   0.0100
2026-03-08 20:19:46 [INFO] __main__ — L27_ac1                                    0.4742     0.5258   0.5008   0.0200
2026-03-08 20:19:46 [INFO] __main__ — L0_monotonicity_up                         0.5256     0.4744   0.5156   0.0000
2026-03-08 20:19:46 [INFO] __main__ — L23_kendall_tau                            0.4748     0.5252   0.4785   0.0000
2026-03-08 20:19:46 [INFO] __main__ — L7_early_third                             0.5251     0.4749   0.5684   0.0800
2026-03-08 20:19:46 [INFO] __main__ — depth_late_third                           0.4749     0.5251   0.5013   0.0300
2026-03-08 20:19:46 [INFO] __main__ — L15_p90                                    0.5251     0.4749   0.5113   0.0000
2026-03-08 20:19:46 [INFO] __main__ — depth_spread_mean_peak_height              0.4749     0.5251   0.4725   0.0000
2026-03-08 20:19:46 [INFO] __main__ — L3_ac1                                     0.4750     0.5250   0.4943   0.0100
2026-03-08 20:19:46 [INFO] __main__ — L23_trimmed_mean                           0.4754     0.5246   0.4765   0.0100
2026-03-08 20:19:46 [INFO] __main__ — L0_delta_end                               0.5243     0.4757   0.5320   0.0100
2026-03-08 20:19:46 [INFO] __main__ — L23_spearman_rho                           0.4758     0.5242   0.4845   0.0000
2026-03-08 20:19:46 [INFO] __main__ — L7_mean                                    0.5241     0.4759   0.5310   0.0200
2026-03-08 20:19:46 [INFO] __main__ — L19_peak_pos                               0.4759     0.5241   0.4841   0.0000
2026-03-08 20:19:46 [INFO] __main__ — L0_peak_pos                                0.4760     0.5240   0.4834   0.0000
2026-03-08 20:19:46 [INFO] __main__ — L11_std                                    0.4761     0.5239   0.5183   0.0300
2026-03-08 20:19:46 [INFO] __main__ — depth_spread_mean_acceleration             0.5238     0.4762   0.5314   0.0300
2026-03-08 20:19:46 [INFO] __main__ — L3_std                                     0.4768     0.5232   0.5045   0.0400
2026-03-08 20:19:46 [INFO] __main__ — L3_std_acceleration                        0.4768     0.5232   0.4892   0.0000
2026-03-08 20:19:46 [INFO] __main__ — L11_std_acceleration                       0.4773     0.5227   0.5101   0.0200
2026-03-08 20:19:46 [INFO] __main__ — L15_late_third                             0.4787     0.5213   0.4792   0.0000
2026-03-08 20:19:46 [INFO] __main__ — L11_ac1                                    0.4789     0.5211   0.5206   0.0500
2026-03-08 20:19:46 [INFO] __main__ — L3_slope                                   0.4794     0.5206   0.4978   0.0300
2026-03-08 20:19:46 [INFO] __main__ — L3_mid_vs_ends                             0.5192     0.4808   0.5137   0.0100
2026-03-08 20:19:46 [INFO] __main__ — L7_median                                  0.4813     0.5187   0.5000   0.0200
2026-03-08 20:19:46 [INFO] __main__ — L7_frac_above_1std                         0.5187     0.4813   0.5157   0.0200
2026-03-08 20:19:46 [INFO] __main__ — L7_trimmed_mean                            0.5184     0.4816   0.5248   0.0200
2026-03-08 20:19:46 [INFO] __main__ — L7_peak_pos                                0.4819     0.5181   0.4714   0.0000
2026-03-08 20:19:46 [INFO] __main__ — L11_peak_density                           0.4820     0.5180   0.5025   0.0200
2026-03-08 20:19:46 [INFO] __main__ — depth_spread_mean                          0.4821     0.5179   0.5022   0.0200
2026-03-08 20:19:46 [INFO] __main__ — depth_spread_trimmed_mean                  0.4821     0.5179   0.5022   0.0200
2026-03-08 20:19:46 [INFO] __main__ — depth_mean_acceleration                    0.4826     0.5174   0.4747   0.0100
2026-03-08 20:19:46 [INFO] __main__ — L19_mean_acceleration                      0.4844     0.5156   0.5101   0.0400
2026-03-08 20:19:46 [INFO] __main__ — depth_mean_peak_height                     0.4847     0.5153   0.4974   0.0100
2026-03-08 20:19:46 [INFO] __main__ — depth_spread_ac1                           0.4848     0.5152   0.5112   0.0200
2026-03-08 20:19:46 [INFO] __main__ — L11_kendall_tau                            0.4850     0.5151   0.4901   0.0100
2026-03-08 20:19:46 [INFO] __main__ — L19_trimmed_mean                           0.5149     0.4851   0.5083   0.0100
2026-03-08 20:19:46 [INFO] __main__ — L11_mean_peak_height                       0.4852     0.5148   0.5060   0.0000
2026-03-08 20:19:46 [INFO] __main__ — depth_mid_third                            0.4853     0.5147   0.5170   0.0300
2026-03-08 20:19:46 [INFO] __main__ — depth_median                               0.4855     0.5145   0.5233   0.0300
2026-03-08 20:19:46 [INFO] __main__ — L7_max                                     0.5141     0.4859   0.5110   0.0100
2026-03-08 20:19:46 [INFO] __main__ — L7_range                                   0.5141     0.4859   0.5110   0.0100
2026-03-08 20:19:46 [INFO] __main__ — L3_mean_peak_height                        0.4863     0.5137   0.5222   0.0300
2026-03-08 20:19:46 [INFO] __main__ — L0_last_mean                               0.5128     0.4872   0.5020   0.0100
2026-03-08 20:19:46 [INFO] __main__ — L7_p10                                     0.5127     0.4874   0.5029   0.0100
2026-03-08 20:19:46 [INFO] __main__ — L19_max                                    0.5123     0.4877   0.5385   0.0200
2026-03-08 20:19:46 [INFO] __main__ — L19_range                                  0.5123     0.4877   0.5385   0.0200
2026-03-08 20:19:46 [INFO] __main__ — L19_std_acceleration                       0.5118     0.4882   0.5099   0.0100
2026-03-08 20:19:46 [INFO] __main__ — L7_mean_peak_height                        0.5117     0.4883   0.5457   0.0500
2026-03-08 20:19:46 [INFO] __main__ — L3_delta_seg                               0.4886     0.5114   0.5108   0.0300
2026-03-08 20:19:46 [INFO] __main__ — L7_mean_acceleration                       0.4887     0.5113   0.4813   0.0000
2026-03-08 20:19:46 [INFO] __main__ — L15_max                                    0.4888     0.5112   0.4813   0.0000
2026-03-08 20:19:46 [INFO] __main__ — L15_range                                  0.4888     0.5112   0.4813   0.0000
2026-03-08 20:19:46 [INFO] __main__ — L27_slope                                  0.5111     0.4889   0.5158   0.0000
2026-03-08 20:19:46 [INFO] __main__ — L11_spearman_rho                           0.4890     0.5111   0.4954   0.0100
2026-03-08 20:19:46 [INFO] __main__ — L15_p10                                    0.4889     0.5111   0.4985   0.0200
2026-03-08 20:19:46 [INFO] __main__ — L23_monotonicity_up                        0.5106     0.4894   0.5114   0.0100
2026-03-08 20:19:46 [INFO] __main__ — L23_frac_above_1std                        0.4897     0.5104   0.5146   0.0200
2026-03-08 20:19:46 [INFO] __main__ — L23_delta_end                              0.5101     0.4899   0.5117   0.0200
2026-03-08 20:19:46 [INFO] __main__ — L15_frac_above_1std                        0.5100     0.4900   0.4914   0.0000
2026-03-08 20:19:46 [INFO] __main__ — L3_mid_third                               0.5100     0.4901   0.4923   0.0100
2026-03-08 20:19:46 [INFO] __main__ — L19_frac_above_1std                        0.5095     0.4905   0.5007   0.0000
2026-03-08 20:19:46 [INFO] __main__ — depth_spread_median                        0.4917     0.5083   0.5082   0.0200
2026-03-08 20:19:46 [INFO] __main__ — depth_spread_mid_vs_ends                   0.4919     0.5081   0.5433   0.0700
2026-03-08 20:19:46 [INFO] __main__ — L27_early_vs_late                          0.4921     0.5079   0.5078   0.0000
2026-03-08 20:19:46 [INFO] __main__ — L3_early_vs_late                           0.4924     0.5076   0.5033   0.0400
2026-03-08 20:19:46 [INFO] __main__ — depth_mid_vs_ends                          0.4926     0.5074   0.5145   0.0300
2026-03-08 20:19:46 [INFO] __main__ — L0_early_vs_late                           0.4928     0.5072   0.5097   0.0000
2026-03-08 20:19:46 [INFO] __main__ — depth_peak_density                         0.5065     0.4935   0.5051   0.0000
2026-03-08 20:19:46 [INFO] __main__ — L23_peak_density                           0.5064     0.4937   0.5176   0.0200
2026-03-08 20:19:46 [INFO] __main__ — depth_spread_peak_density                  0.5061     0.4939   0.5100   0.0200
2026-03-08 20:19:46 [INFO] __main__ — depth_p10                                  0.4944     0.5056   0.5031   0.0000
2026-03-08 20:19:46 [INFO] __main__ — L23_ac1                                    0.4946     0.5054   0.4945   0.0100
2026-03-08 20:19:46 [INFO] __main__ — L3_max                                     0.4946     0.5054   0.5158   0.0200
2026-03-08 20:19:46 [INFO] __main__ — L3_range                                   0.4946     0.5054   0.5158   0.0200
2026-03-08 20:19:46 [INFO] __main__ — L19_std                                    0.5054     0.4946   0.5024   0.0200
2026-03-08 20:19:46 [INFO] __main__ — L15_monotonicity_up                        0.4949     0.5051   0.4995   0.0100
2026-03-08 20:19:46 [INFO] __main__ — L19_frac_below_1std                        0.5050     0.4950   0.4995   0.0000
2026-03-08 20:19:46 [INFO] __main__ — L27_frac_below_1std                        0.5049     0.4951   0.5017   0.0200
2026-03-08 20:19:46 [INFO] __main__ — L11_frac_below_1std                        0.5045     0.4955   0.4974   0.0000
2026-03-08 20:19:46 [INFO] __main__ — L0_frac_above_1std                         0.5045     0.4955   0.5523   0.0300
2026-03-08 20:19:46 [INFO] __main__ — L15_std                                    0.4956     0.5044   0.4791   0.0000
2026-03-08 20:19:46 [INFO] __main__ — depth_spread_mid_third                     0.4956     0.5044   0.5329   0.0600
2026-03-08 20:19:46 [INFO] __main__ — depth_first_mean                           0.5040     0.4960   0.5322   0.0500
2026-03-08 20:19:46 [INFO] __main__ — depth_early_third                          0.5040     0.4960   0.5322   0.0500
2026-03-08 20:19:46 [INFO] __main__ — L15_mean_peak_height                       0.5033     0.4966   0.4983   0.0000
2026-03-08 20:19:46 [INFO] __main__ — L7_ac1                                     0.5031     0.4969   0.5015   0.0000
2026-03-08 20:19:46 [INFO] __main__ — L11_slope                                  0.5030     0.4970   0.5139   0.0400
2026-03-08 20:19:46 [INFO] __main__ — L11_p90                                    0.4971     0.5029   0.5267   0.0100
2026-03-08 20:19:46 [INFO] __main__ — L7_frac_below_1std                         0.4977     0.5023   0.5225   0.0400
2026-03-08 20:19:46 [INFO] __main__ — L0_slope                                   0.5023     0.4977   0.5083   0.0100
2026-03-08 20:19:46 [INFO] __main__ — L15_delta_end                              0.4979     0.5021   0.4893   0.0100
2026-03-08 20:19:46 [INFO] __main__ — L19_mean_peak_height                       0.4980     0.5020   0.4944   0.0100
2026-03-08 20:19:46 [INFO] __main__ — L15_peak_pos                               0.5019     0.4981   0.5084   0.0000
2026-03-08 20:19:46 [INFO] __main__ — L23_median                                 0.4986     0.5013   0.5173   0.0200
2026-03-08 20:19:46 [INFO] __main__ — L11_delta_seg                              0.4988     0.5012   0.5079   0.0200
2026-03-08 20:19:46 [INFO] __main__ — L27_delta_seg                              0.5010     0.4990   0.5099   0.0000
2026-03-08 20:19:46 [INFO] __main__ — L19_p90                                    0.5007     0.4993   0.4793   0.0000
2026-03-08 20:19:46 [INFO] __main__ — L0_min                                     0.5000     0.5000   0.5000   0.0000
2026-03-08 20:19:46 [INFO] __main__ — L0_frac_below_1std                         0.5000     0.5000   0.5000   0.0000
2026-03-08 20:19:46 [INFO] __main__ — L3_min                                     0.5000     0.5000   0.5000   0.0000
2026-03-08 20:19:46 [INFO] __main__ — L3_frac_below_1std                         0.5000     0.5000   0.5000   0.0000
2026-03-08 20:19:46 [INFO] __main__ — L7_min                                     0.5000     0.5000   0.5000   0.0000
2026-03-08 20:19:46 [INFO] __main__ — L11_min                                    0.5000     0.5000   0.5000   0.0000
2026-03-08 20:19:46 [INFO] __main__ — L15_min                                    0.5000     0.5000   0.5000   0.0000
2026-03-08 20:19:46 [INFO] __main__ — L19_min                                    0.5000     0.5000   0.5000   0.0000
2026-03-08 20:19:46 [INFO] __main__ — L23_min                                    0.5000     0.5000   0.5000   0.0000
2026-03-08 20:19:46 [INFO] __main__ — depth_frac_above_q                         0.5000     0.5000   0.5000   0.0000
2026-03-08 20:19:46 [INFO] __main__ — depth_spread_frac_above_q                  0.5000     0.5000   0.5000   0.0000
2026-03-08 20:19:46 [INFO] __main__ — ================================================================================
