2026-03-08 20:24:02 [INFO] __main__ — ================================================================================
2026-03-08 20:24:02 [INFO] __main__ — INTERMEDIATE LAYER ENTROPY METRICS
2026-03-08 20:24:02 [INFO] __main__ — ================================================================================
2026-03-08 20:24:02 [INFO] __main__ — Device          : cuda
2026-03-08 20:24:02 [INFO] __main__ — Model path      : google/gemma-7b
2026-03-08 20:24:02 [INFO] __main__ — N probe layers  : 8
2026-03-08 20:24:02 [INFO] __main__ — Score key(s)    : ALL
2026-03-08 20:24:02 [INFO] __main__ — ================================================================================
2026-03-08 20:24:02 [INFO] __main__ — [1/4] Loading test data...
2026-03-08 20:24:02 [INFO] __main__ — Loading all available prompts (n_test=max)
2026-03-08 20:24:02 [INFO] httpx — HTTP Request: HEAD https://huggingface.co/datasets/HuggingFaceH4/ultrachat_200k/resolve/main/README.md "HTTP/1.1 307 Temporary Redirect"
2026-03-08 20:24:02 [INFO] httpx — HTTP Request: HEAD https://huggingface.co/api/resolve-cache/datasets/HuggingFaceH4/ultrachat_200k/8049631c405ae6576f93f445c6b8166f76f5505a/README.md "HTTP/1.1 200 OK"
2026-03-08 20:24:02 [INFO] httpx — HTTP Request: HEAD https://huggingface.co/datasets/HuggingFaceH4/ultrachat_200k/resolve/8049631c405ae6576f93f445c6b8166f76f5505a/ultrachat_200k.py "HTTP/1.1 404 Not Found"
2026-03-08 20:24:02 [INFO] httpx — HTTP Request: HEAD https://s3.amazonaws.com/datasets.huggingface.co/datasets/datasets/HuggingFaceH4/ultrachat_200k/HuggingFaceH4/ultrachat_200k.py "HTTP/1.1 404 Not Found"
2026-03-08 20:24:03 [INFO] httpx — HTTP Request: GET https://huggingface.co/api/datasets/HuggingFaceH4/ultrachat_200k/revision/8049631c405ae6576f93f445c6b8166f76f5505a "HTTP/1.1 200 OK"
2026-03-08 20:24:03 [INFO] httpx — HTTP Request: HEAD https://huggingface.co/datasets/HuggingFaceH4/ultrachat_200k/resolve/8049631c405ae6576f93f445c6b8166f76f5505a/.huggingface.yaml "HTTP/1.1 404 Not Found"
2026-03-08 20:24:03 [INFO] httpx — HTTP Request: GET https://datasets-server.huggingface.co/info?dataset=HuggingFaceH4/ultrachat_200k "HTTP/1.1 200 OK"
2026-03-08 20:24:03 [INFO] httpx — HTTP Request: GET https://huggingface.co/api/datasets/HuggingFaceH4/ultrachat_200k/tree/8049631c405ae6576f93f445c6b8166f76f5505a/data?recursive=true&expand=false "HTTP/1.1 200 OK"
2026-03-08 20:24:03 [INFO] httpx — HTTP Request: GET https://huggingface.co/api/datasets/HuggingFaceH4/ultrachat_200k/tree/8049631c405ae6576f93f445c6b8166f76f5505a?recursive=false&expand=false "HTTP/1.1 200 OK"
2026-03-08 20:24:03 [INFO] httpx — HTTP Request: HEAD https://huggingface.co/datasets/HuggingFaceH4/ultrachat_200k/resolve/8049631c405ae6576f93f445c6b8166f76f5505a/dataset_infos.json "HTTP/1.1 404 Not Found"
2026-03-08 20:24:05 [INFO] httpx — HTTP Request: HEAD https://huggingface.co/datasets/walledai/StrongREJECT/resolve/main/README.md "HTTP/1.1 200 OK"
2026-03-08 20:24:05 [INFO] httpx — HTTP Request: HEAD https://huggingface.co/datasets/walledai/StrongREJECT/resolve/df54272b395ce9e584d2f8140519935425d8549f/StrongREJECT.py "HTTP/1.1 404 Not Found"
2026-03-08 20:24:05 [INFO] httpx — HTTP Request: HEAD https://s3.amazonaws.com/datasets.huggingface.co/datasets/datasets/walledai/StrongREJECT/walledai/StrongREJECT.py "HTTP/1.1 404 Not Found"
2026-03-08 20:24:05 [INFO] httpx — HTTP Request: GET https://huggingface.co/api/datasets/walledai/StrongREJECT/revision/df54272b395ce9e584d2f8140519935425d8549f "HTTP/1.1 200 OK"
2026-03-08 20:24:06 [INFO] httpx — HTTP Request: HEAD https://huggingface.co/datasets/walledai/StrongREJECT/resolve/df54272b395ce9e584d2f8140519935425d8549f/.huggingface.yaml "HTTP/1.1 404 Not Found"
2026-03-08 20:24:06 [INFO] httpx — HTTP Request: GET https://datasets-server.huggingface.co/info?dataset=walledai/StrongREJECT "HTTP/1.1 200 OK"
2026-03-08 20:24:06 [INFO] httpx — HTTP Request: GET https://huggingface.co/api/datasets/walledai/StrongREJECT/tree/df54272b395ce9e584d2f8140519935425d8549f/data?recursive=true&expand=false "HTTP/1.1 200 OK"
2026-03-08 20:24:06 [INFO] httpx — HTTP Request: GET https://huggingface.co/api/datasets/walledai/StrongREJECT/tree/df54272b395ce9e584d2f8140519935425d8549f?recursive=false&expand=false "HTTP/1.1 200 OK"
2026-03-08 20:24:06 [INFO] httpx — HTTP Request: HEAD https://huggingface.co/datasets/walledai/StrongREJECT/resolve/df54272b395ce9e584d2f8140519935425d8549f/dataset_infos.json "HTTP/1.1 404 Not Found"
2026-03-08 20:24:06 [INFO] __main__ —   Safe: 313  |  Harmful: 313
2026-03-08 20:24:06 [INFO] __main__ — [2/4] Loading model...
2026-03-08 20:24:06 [INFO] httpx — HTTP Request: HEAD https://huggingface.co/google/gemma-7b/resolve/main/config.json "HTTP/1.1 200 OK"
2026-03-08 20:24:06 [INFO] httpx — HTTP Request: HEAD https://huggingface.co/google/gemma-7b/resolve/main/tokenizer_config.json "HTTP/1.1 200 OK"
2026-03-08 20:24:07 [INFO] httpx — HTTP Request: GET https://huggingface.co/api/models/google/gemma-7b/tree/main/additional_chat_templates?recursive=false&expand=false "HTTP/1.1 404 Not Found"
2026-03-08 20:24:07 [INFO] httpx — HTTP Request: GET https://huggingface.co/api/models/google/gemma-7b/tree/main?recursive=true&expand=false "HTTP/1.1 200 OK"
2026-03-08 20:24:09 [INFO] httpx — HTTP Request: HEAD https://huggingface.co/google/gemma-7b/resolve/main/config.json "HTTP/1.1 200 OK"
2026-03-08 20:24:09 [INFO] httpx — HTTP Request: HEAD https://huggingface.co/google/gemma-7b/resolve/main/config.json "HTTP/1.1 200 OK"
2026-03-08 20:24:17 [INFO] httpx — HTTP Request: HEAD https://huggingface.co/google/gemma-7b/resolve/main/generation_config.json "HTTP/1.1 200 OK"
2026-03-08 20:24:17 [INFO] __main__ —   Running base model (no LoRA adapter)
2026-03-08 20:24:17 [INFO] __main__ —   n_layers        : 28
2026-03-08 20:24:17 [INFO] __main__ —   layers_to_probe : [0, 3, 7, 11, 15, 19, 23, 27]
2026-03-08 20:24:17 [INFO] __main__ —   Total features  : 310
2026-03-08 20:24:17 [INFO] __main__ — [3/4] Computing intermediate entropy features...
2026-03-08 20:24:17 [INFO] __main__ —   Processing SAFE prompts...
2026-03-08 20:25:58 [INFO] __main__ —   Processing HARMFUL prompts...
2026-03-08 20:26:35 [INFO] __main__ — [4/4] Evaluating detection metrics...
2026-03-08 20:26:37 [INFO] __main__ — Saved results to: results/intermediate_entropy/intermediate_entropy_all_keys_20260308_202637.json
2026-03-08 20:26:37 [INFO] __main__ — ================================================================================
2026-03-08 20:26:37 [INFO] __main__ — key                                         AUROC AUROC_flip       AP   TPR@1%
2026-03-08 20:26:37 [INFO] __main__ — --------------------------------------------------------------------------------
2026-03-08 20:26:37 [INFO] __main__ — L27_p90                                    0.2155     0.7845   0.3528   0.0064
2026-03-08 20:26:37 [INFO] __main__ — depth_delta_end                            0.2221     0.7779   0.3539   0.0032
2026-03-08 20:26:37 [INFO] __main__ — L27_mean                                   0.2366     0.7634   0.3588   0.0032
2026-03-08 20:26:37 [INFO] __main__ — L3_mean_acceleration                       0.2395     0.7605   0.3881   0.0256
2026-03-08 20:26:37 [INFO] __main__ — depth_spread_monotonicity_up               0.2398     0.7602   0.3693   0.0096
2026-03-08 20:26:37 [INFO] __main__ — depth_monotonicity_up                      0.2421     0.7579   0.3583   0.0000
2026-03-08 20:26:37 [INFO] __main__ — L0_frac_above_q                            0.7569     0.2431   0.6940   0.0128
2026-03-08 20:26:37 [INFO] __main__ — L3_frac_above_q                            0.7569     0.2431   0.6940   0.0128
2026-03-08 20:26:37 [INFO] __main__ — L7_frac_above_q                            0.7569     0.2431   0.6940   0.0128
2026-03-08 20:26:37 [INFO] __main__ — L11_frac_above_q                           0.7569     0.2431   0.6940   0.0128
2026-03-08 20:26:37 [INFO] __main__ — L15_frac_above_q                           0.7569     0.2431   0.6940   0.0128
2026-03-08 20:26:37 [INFO] __main__ — L19_frac_above_q                           0.7569     0.2431   0.6940   0.0128
2026-03-08 20:26:37 [INFO] __main__ — L23_frac_above_q                           0.7569     0.2431   0.6940   0.0128
2026-03-08 20:26:37 [INFO] __main__ — L27_frac_above_q                           0.7569     0.2431   0.6940   0.0128
2026-03-08 20:26:37 [INFO] __main__ — L27_max                                    0.2497     0.7503   0.3734   0.0032
2026-03-08 20:26:37 [INFO] __main__ — L27_range                                  0.2497     0.7503   0.3734   0.0032
2026-03-08 20:26:37 [INFO] __main__ — L15_max                                    0.2544     0.7456   0.3626   0.0032
2026-03-08 20:26:37 [INFO] __main__ — L15_range                                  0.2544     0.7456   0.3626   0.0032
2026-03-08 20:26:37 [INFO] __main__ — depth_delta_seg                            0.2560     0.7440   0.3674   0.0064
2026-03-08 20:26:37 [INFO] __main__ — L11_max                                    0.2574     0.7426   0.3600   0.0000
2026-03-08 20:26:37 [INFO] __main__ — L11_range                                  0.2574     0.7426   0.3600   0.0000
2026-03-08 20:26:37 [INFO] __main__ — depth_slope                                0.2587     0.7413   0.3703   0.0032
2026-03-08 20:26:37 [INFO] __main__ — L7_max                                     0.2590     0.7410   0.3617   0.0000
2026-03-08 20:26:37 [INFO] __main__ — L7_range                                   0.2590     0.7410   0.3617   0.0000
2026-03-08 20:26:37 [INFO] __main__ — depth_last_mean                            0.2599     0.7401   0.3698   0.0032
2026-03-08 20:26:37 [INFO] __main__ — L27_trimmed_mean                           0.2606     0.7394   0.3649   0.0032
2026-03-08 20:26:37 [INFO] __main__ — depth_ac1                                  0.2639     0.7361   0.3631   0.0000
2026-03-08 20:26:37 [INFO] __main__ — L23_max                                    0.2641     0.7359   0.3625   0.0000
2026-03-08 20:26:37 [INFO] __main__ — L23_range                                  0.2641     0.7359   0.3625   0.0000
2026-03-08 20:26:37 [INFO] __main__ — L27_std                                    0.2651     0.7349   0.4088   0.0447
2026-03-08 20:26:37 [INFO] __main__ — depth_spread_delta_end                     0.2667     0.7333   0.4030   0.0192
2026-03-08 20:26:37 [INFO] __main__ — L27_peak_density                           0.2674     0.7326   0.3829   0.0096
2026-03-08 20:26:37 [INFO] __main__ — depth_spread_last_mean                     0.2688     0.7312   0.3969   0.0224
2026-03-08 20:26:37 [INFO] __main__ — L0_ac1                                     0.2712     0.7288   0.3975   0.0096
2026-03-08 20:26:37 [INFO] __main__ — L19_max                                    0.2770     0.7230   0.3726   0.0032
2026-03-08 20:26:37 [INFO] __main__ — L19_range                                  0.2770     0.7230   0.3726   0.0032
2026-03-08 20:26:37 [INFO] __main__ — L27_mid_third                              0.2782     0.7218   0.3780   0.0064
2026-03-08 20:26:37 [INFO] __main__ — L3_max                                     0.2801     0.7199   0.3721   0.0064
2026-03-08 20:26:37 [INFO] __main__ — L3_range                                   0.2801     0.7199   0.3721   0.0064
2026-03-08 20:26:37 [INFO] __main__ — L15_monotonicity_up                        0.7141     0.2859   0.6706   0.0064
2026-03-08 20:26:37 [INFO] __main__ — L15_first_mean                             0.2860     0.7140   0.3755   0.0064
2026-03-08 20:26:37 [INFO] __main__ — L27_std_acceleration                       0.2871     0.7129   0.4187   0.0256
2026-03-08 20:26:37 [INFO] __main__ — L15_early_third                            0.2891     0.7109   0.3757   0.0000
2026-03-08 20:26:37 [INFO] __main__ — depth_spread_ac1                           0.2895     0.7105   0.3765   0.0032
2026-03-08 20:26:37 [INFO] __main__ — L19_monotonicity_up                        0.7044     0.2956   0.6577   0.0032
2026-03-08 20:26:37 [INFO] __main__ — depth_spread_late_third                    0.2981     0.7019   0.4011   0.0160
2026-03-08 20:26:37 [INFO] __main__ — L0_frac_above_1std                         0.7012     0.2988   0.7208   0.0543
2026-03-08 20:26:37 [INFO] __main__ — depth_spread_slope                         0.2994     0.7006   0.4235   0.0256
2026-03-08 20:26:37 [INFO] __main__ — depth_spread_delta_seg                     0.2999     0.7001   0.4060   0.0128
2026-03-08 20:26:37 [INFO] __main__ — depth_early_vs_late                        0.2999     0.7001   0.3889   0.0032
2026-03-08 20:26:37 [INFO] __main__ — depth_late_third                           0.3071     0.6929   0.3970   0.0064
2026-03-08 20:26:37 [INFO] __main__ — L27_p10                                    0.6915     0.3085   0.6792   0.0383
2026-03-08 20:26:37 [INFO] __main__ — L27_first_mean                             0.3104     0.6896   0.4184   0.0256
2026-03-08 20:26:37 [INFO] __main__ — L27_early_third                            0.3124     0.6876   0.4102   0.0192
2026-03-08 20:26:37 [INFO] __main__ — L27_late_third                             0.3126     0.6874   0.3916   0.0032
2026-03-08 20:26:37 [INFO] __main__ — L0_slope                                   0.3158     0.6842   0.4399   0.0096
2026-03-08 20:26:37 [INFO] __main__ — depth_spread_median                        0.3160     0.6840   0.3924   0.0000
2026-03-08 20:26:37 [INFO] __main__ — L15_kendall_tau                            0.6818     0.3182   0.6240   0.0160
2026-03-08 20:26:37 [INFO] __main__ — L15_spearman_rho                           0.6803     0.3197   0.6197   0.0160
2026-03-08 20:26:37 [INFO] __main__ — L27_mean_peak_height                       0.3199     0.6801   0.4434   0.0160
2026-03-08 20:26:37 [INFO] __main__ — depth_spread_kendall_tau                   0.3235     0.6765   0.4148   0.0064
2026-03-08 20:26:37 [INFO] __main__ — depth_spread_mean                          0.3257     0.6743   0.4028   0.0032
2026-03-08 20:26:37 [INFO] __main__ — depth_spread_trimmed_mean                  0.3257     0.6743   0.4028   0.0032
2026-03-08 20:26:37 [INFO] __main__ — L27_last_mean                              0.3264     0.6736   0.4055   0.0064
2026-03-08 20:26:37 [INFO] __main__ — L19_first_mean                             0.3265     0.6735   0.3990   0.0000
2026-03-08 20:26:37 [INFO] __main__ — L0_mean_acceleration                       0.3293     0.6707   0.4162   0.0096
2026-03-08 20:26:37 [INFO] __main__ — depth_spread_spearman_rho                  0.3295     0.6705   0.4150   0.0128
2026-03-08 20:26:37 [INFO] __main__ — L15_p10                                    0.3302     0.6698   0.4158   0.0128
2026-03-08 20:26:37 [INFO] __main__ — L0_peak_density                            0.6675     0.3325   0.7291   0.0831
2026-03-08 20:26:37 [INFO] __main__ — L11_monotonicity_up                        0.6672     0.3328   0.6543   0.0319
2026-03-08 20:26:37 [INFO] __main__ — depth_mean_acceleration                    0.3329     0.6671   0.4018   0.0064
2026-03-08 20:26:37 [INFO] __main__ — L0_max                                     0.3398     0.6602   0.3891   0.0000
2026-03-08 20:26:37 [INFO] __main__ — L0_range                                   0.3398     0.6602   0.3891   0.0000
2026-03-08 20:26:37 [INFO] __main__ — L11_early_third                            0.3403     0.6597   0.4124   0.0064
2026-03-08 20:26:37 [INFO] __main__ — depth_mean                                 0.3455     0.6545   0.4220   0.0160
2026-03-08 20:26:37 [INFO] __main__ — depth_trimmed_mean                         0.3455     0.6545   0.4220   0.0160
2026-03-08 20:26:37 [INFO] __main__ — depth_kendall_tau                          0.3465     0.6535   0.4247   0.0064
2026-03-08 20:26:37 [INFO] __main__ — L23_mean_acceleration                      0.3476     0.6524   0.4365   0.0032
2026-03-08 20:26:37 [INFO] __main__ — depth_spearman_rho                         0.3479     0.6521   0.4237   0.0064
2026-03-08 20:26:37 [INFO] __main__ — L0_early_vs_late                           0.3485     0.6515   0.4418   0.0128
2026-03-08 20:26:37 [INFO] __main__ — L19_early_third                            0.3489     0.6511   0.4081   0.0000
2026-03-08 20:26:37 [INFO] __main__ — L27_min                                    0.6502     0.3498   0.6568   0.0990
2026-03-08 20:26:37 [INFO] __main__ — L27_frac_above_1std                        0.3512     0.6488   0.4148   0.0064
2026-03-08 20:26:37 [INFO] __main__ — depth_median                               0.3514     0.6486   0.4193   0.0064
2026-03-08 20:26:37 [INFO] __main__ — L15_slope                                  0.6469     0.3531   0.6254   0.0096
2026-03-08 20:26:37 [INFO] __main__ — L15_peak_density                           0.3535     0.6465   0.4415   0.0064
2026-03-08 20:26:37 [INFO] __main__ — L0_delta_seg                               0.3564     0.6436   0.4486   0.0192
2026-03-08 20:26:37 [INFO] __main__ — L19_spearman_rho                           0.6432     0.3568   0.6162   0.0128
2026-03-08 20:26:37 [INFO] __main__ — L0_trimmed_mean                            0.6428     0.3572   0.7045   0.1565
2026-03-08 20:26:37 [INFO] __main__ — L19_kendall_tau                            0.6427     0.3573   0.6200   0.0128
2026-03-08 20:26:37 [INFO] __main__ — L11_median                                 0.3577     0.6423   0.4619   0.0447
2026-03-08 20:26:37 [INFO] __main__ — depth_spread_early_vs_late                 0.3580     0.6420   0.4360   0.0128
2026-03-08 20:26:37 [INFO] __main__ — L19_peak_density                           0.3606     0.6394   0.4488   0.0032
2026-03-08 20:26:37 [INFO] __main__ — L15_median                                 0.3627     0.6373   0.4547   0.0256
2026-03-08 20:26:37 [INFO] __main__ — L3_slope                                   0.3631     0.6369   0.4819   0.0096
2026-03-08 20:26:37 [INFO] __main__ — L11_first_mean                             0.3638     0.6362   0.4177   0.0000
2026-03-08 20:26:37 [INFO] __main__ — L3_ac1                                     0.3650     0.6350   0.4587   0.0288
2026-03-08 20:26:37 [INFO] __main__ — L15_delta_seg                              0.6337     0.3663   0.6091   0.0160
2026-03-08 20:26:37 [INFO] __main__ — L0_mean                                    0.6321     0.3679   0.6700   0.0990
2026-03-08 20:26:37 [INFO] __main__ — L15_early_vs_late                          0.6313     0.3687   0.6089   0.0224
2026-03-08 20:26:37 [INFO] __main__ — depth_spread_peak_density                  0.6306     0.3694   0.5849   0.0032
2026-03-08 20:26:37 [INFO] __main__ — L0_early_third                             0.6287     0.3713   0.7286   0.2684
2026-03-08 20:26:37 [INFO] __main__ — L7_monotonicity_up                         0.6287     0.3713   0.6359   0.0256
2026-03-08 20:26:37 [INFO] __main__ — L0_late_third                              0.3740     0.6260   0.4741   0.0160
2026-03-08 20:26:37 [INFO] __main__ — L15_p90                                    0.3766     0.6234   0.4274   0.0096
2026-03-08 20:26:37 [INFO] __main__ — L15_mean                                   0.3772     0.6228   0.4359   0.0160
2026-03-08 20:26:37 [INFO] __main__ — depth_spread_mean_acceleration             0.3793     0.6207   0.4714   0.0288
2026-03-08 20:26:37 [INFO] __main__ — depth_spread_mean_peak_height              0.6200     0.3800   0.5724   0.0160
2026-03-08 20:26:37 [INFO] __main__ — L0_first_mean                              0.6198     0.3802   0.7304   0.2524
2026-03-08 20:26:37 [INFO] __main__ — L0_last_mean                               0.3805     0.6195   0.4877   0.0256
2026-03-08 20:26:37 [INFO] __main__ — L27_monotonicity_up                        0.3810     0.6190   0.5268   0.0288
2026-03-08 20:26:37 [INFO] __main__ — L19_slope                                  0.6185     0.3815   0.6374   0.0319
2026-03-08 20:26:37 [INFO] __main__ — L19_early_vs_late                          0.6142     0.3858   0.6298   0.0319
2026-03-08 20:26:37 [INFO] __main__ — L3_delta_seg                               0.3859     0.6141   0.4852   0.0224
2026-03-08 20:26:37 [INFO] __main__ — L19_delta_seg                              0.6140     0.3860   0.6261   0.0351
2026-03-08 20:26:37 [INFO] __main__ — L19_mid_vs_ends                            0.6118     0.3882   0.6525   0.0639
2026-03-08 20:26:37 [INFO] __main__ — L27_median                                 0.3883     0.6117   0.4165   0.0032
2026-03-08 20:26:37 [INFO] __main__ — L15_mean_acceleration                      0.6114     0.3886   0.6582   0.0256
2026-03-08 20:26:37 [INFO] __main__ — L11_p90                                    0.3891     0.6109   0.4330   0.0032
2026-03-08 20:26:37 [INFO] __main__ — L27_ac1                                    0.3892     0.6108   0.4746   0.0160
2026-03-08 20:26:37 [INFO] __main__ — L0_p10                                     0.3936     0.6064   0.4546   0.0224
2026-03-08 20:26:37 [INFO] __main__ — L15_trimmed_mean                           0.3940     0.6060   0.4517   0.0160
2026-03-08 20:26:37 [INFO] __main__ — L3_last_mean                               0.3940     0.6060   0.5000   0.0415
2026-03-08 20:26:37 [INFO] __main__ — L0_mid_vs_ends                             0.3953     0.6047   0.5002   0.0096
2026-03-08 20:26:37 [INFO] __main__ — depth_spread_frac_above_1std               0.6045     0.3955   0.5651   0.0160
2026-03-08 20:26:37 [INFO] __main__ — L23_early_third                            0.3966     0.6034   0.4692   0.0032
2026-03-08 20:26:37 [INFO] __main__ — L23_first_mean                             0.3966     0.6034   0.4579   0.0096
2026-03-08 20:26:37 [INFO] __main__ — depth_min                                  0.6030     0.3970   0.6341   0.0607
2026-03-08 20:26:37 [INFO] __main__ — depth_spread_std_acceleration              0.6028     0.3972   0.5954   0.0064
2026-03-08 20:26:37 [INFO] __main__ — L11_mean                                   0.3976     0.6024   0.4631   0.0192
2026-03-08 20:26:37 [INFO] __main__ — L11_spearman_rho                           0.6020     0.3980   0.5855   0.0256
2026-03-08 20:26:37 [INFO] __main__ — L3_early_vs_late                           0.3986     0.6014   0.4916   0.0288
2026-03-08 20:26:37 [INFO] __main__ — L11_p10                                    0.3991     0.6009   0.4713   0.0256
2026-03-08 20:26:37 [INFO] __main__ — L11_peak_density                           0.3993     0.6007   0.4835   0.0096
2026-03-08 20:26:37 [INFO] __main__ — L15_peak_pos                               0.5996     0.4004   0.5871   0.0000
2026-03-08 20:26:37 [INFO] __main__ — L3_late_third                              0.4022     0.5978   0.5122   0.0607
2026-03-08 20:26:37 [INFO] __main__ — L23_last_mean                              0.4044     0.5956   0.4797   0.0096
2026-03-08 20:26:37 [INFO] __main__ — L11_slope                                  0.5943     0.4057   0.6058   0.0096
2026-03-08 20:26:37 [INFO] __main__ — L11_kendall_tau                            0.5939     0.4061   0.5785   0.0128
2026-03-08 20:26:37 [INFO] __main__ — L0_p90                                     0.5929     0.4071   0.6711   0.0735
2026-03-08 20:26:37 [INFO] __main__ — depth_p90                                  0.4082     0.5918   0.4643   0.0128
2026-03-08 20:26:37 [INFO] __main__ — L23_mid_vs_ends                            0.5912     0.4088   0.6337   0.0735
2026-03-08 20:26:37 [INFO] __main__ — L23_p90                                    0.4102     0.5898   0.4715   0.0096
2026-03-08 20:26:37 [INFO] __main__ — L7_mean_acceleration                       0.4106     0.5894   0.5154   0.0192
2026-03-08 20:26:37 [INFO] __main__ — L0_std_acceleration                        0.5888     0.4112   0.6148   0.0288
2026-03-08 20:26:37 [INFO] __main__ — depth_spread_mid_third                     0.4160     0.5840   0.4559   0.0096
2026-03-08 20:26:37 [INFO] __main__ — L11_early_vs_late                          0.5837     0.4163   0.5990   0.0224
2026-03-08 20:26:37 [INFO] __main__ — depth_mid_third                            0.4166     0.5834   0.4897   0.0319
2026-03-08 20:26:37 [INFO] __main__ — L23_late_third                             0.4167     0.5833   0.4933   0.0128
2026-03-08 20:26:37 [INFO] __main__ — depth_peak_density                         0.5815     0.4185   0.5456   0.0128
2026-03-08 20:26:37 [INFO] __main__ — depth_spread_p10                           0.4194     0.5806   0.4807   0.0192
2026-03-08 20:26:37 [INFO] __main__ — L11_ac1                                    0.4200     0.5800   0.5248   0.0479
2026-03-08 20:26:37 [INFO] __main__ — L19_p10                                    0.4202     0.5798   0.4864   0.0447
2026-03-08 20:26:37 [INFO] __main__ — L23_peak_pos                               0.5791     0.4209   0.5312   0.0000
2026-03-08 20:26:37 [INFO] __main__ — L0_peak_pos                                0.4211     0.5789   0.4548   0.0064
2026-03-08 20:26:37 [INFO] __main__ — L7_late_third                              0.4223     0.5777   0.5028   0.0288
2026-03-08 20:26:37 [INFO] __main__ — L11_trimmed_mean                           0.4237     0.5763   0.4873   0.0319
2026-03-08 20:26:37 [INFO] __main__ — depth_std_acceleration                     0.5759     0.4241   0.5761   0.0160
2026-03-08 20:26:37 [INFO] __main__ — L27_slope                                  0.5750     0.4250   0.5932   0.0064
2026-03-08 20:26:37 [INFO] __main__ — L7_delta_seg                               0.4253     0.5747   0.5064   0.0383
2026-03-08 20:26:37 [INFO] __main__ — L7_early_vs_late                           0.4255     0.5745   0.5051   0.0064
2026-03-08 20:26:37 [INFO] __main__ — L11_std                                    0.4263     0.5737   0.4660   0.0128
2026-03-08 20:26:37 [INFO] __main__ — L19_delta_end                              0.5733     0.4267   0.5866   0.0479
2026-03-08 20:26:37 [INFO] __main__ — L3_kendall_tau                             0.4270     0.5730   0.5007   0.0160
2026-03-08 20:26:37 [INFO] __main__ — L19_std_acceleration                       0.4282     0.5718   0.4896   0.0128
2026-03-08 20:26:37 [INFO] __main__ — L23_p10                                    0.5716     0.4284   0.5992   0.0415
2026-03-08 20:26:37 [INFO] __main__ — L7_std_acceleration                        0.4296     0.5704   0.4824   0.0096
2026-03-08 20:26:37 [INFO] __main__ — L0_mean_peak_height                        0.4297     0.5703   0.4776   0.0096
2026-03-08 20:26:37 [INFO] __main__ — L15_std                                    0.4311     0.5689   0.4705   0.0224
2026-03-08 20:26:37 [INFO] __main__ — L0_mid_third                               0.4312     0.5688   0.5261   0.0128
2026-03-08 20:26:37 [INFO] __main__ — L23_std                                    0.4316     0.5684   0.4815   0.0160
2026-03-08 20:26:37 [INFO] __main__ — L19_mid_third                              0.5682     0.4318   0.6056   0.0319
2026-03-08 20:26:37 [INFO] __main__ — L11_peak_pos                               0.5680     0.4320   0.5610   0.0000
2026-03-08 20:26:37 [INFO] __main__ — L19_median                                 0.4327     0.5673   0.5095   0.0415
2026-03-08 20:26:37 [INFO] __main__ — L3_trimmed_mean                            0.5670     0.4330   0.5900   0.0256
2026-03-08 20:26:37 [INFO] __main__ — L27_peak_pos                               0.5665     0.4335   0.5619   0.0256
2026-03-08 20:26:37 [INFO] __main__ — L11_delta_seg                              0.5664     0.4336   0.5743   0.0160
2026-03-08 20:26:37 [INFO] __main__ — L27_spearman_rho                           0.4339     0.5661   0.4833   0.0032
2026-03-08 20:26:37 [INFO] __main__ — L7_last_mean                               0.4359     0.5641   0.5214   0.0447
2026-03-08 20:26:37 [INFO] __main__ — L3_spearman_rho                            0.4362     0.5638   0.5016   0.0128
2026-03-08 20:26:37 [INFO] __main__ — L7_slope                                   0.4365     0.5635   0.5406   0.0256
2026-03-08 20:26:37 [INFO] __main__ — L15_mid_vs_ends                            0.5629     0.4371   0.6159   0.0479
2026-03-08 20:26:37 [INFO] __main__ — L27_kendall_tau                            0.4377     0.5623   0.4891   0.0064
2026-03-08 20:26:37 [INFO] __main__ — L11_mean_acceleration                      0.5610     0.4390   0.6240   0.0351
2026-03-08 20:26:37 [INFO] __main__ — L3_monotonicity_up                         0.5610     0.4390   0.5636   0.0415
2026-03-08 20:26:37 [INFO] __main__ — depth_std                                  0.4393     0.5607   0.4973   0.0351
2026-03-08 20:26:37 [INFO] __main__ — L7_std                                     0.4397     0.5603   0.4862   0.0160
2026-03-08 20:26:37 [INFO] __main__ — L7_first_mean                              0.5595     0.4405   0.5953   0.0224
2026-03-08 20:26:37 [INFO] __main__ — depth_range                                0.4409     0.5591   0.4899   0.0319
2026-03-08 20:26:37 [INFO] __main__ — L0_std                                     0.5586     0.4414   0.5903   0.0319
2026-03-08 20:26:37 [INFO] __main__ — depth_frac_below_1std                      0.4428     0.5572   0.4844   0.0447
2026-03-08 20:26:37 [INFO] __main__ — depth_first_mean                           0.5558     0.4442   0.6017   0.0351
2026-03-08 20:26:37 [INFO] __main__ — depth_early_third                          0.5558     0.4442   0.6017   0.0351
2026-03-08 20:26:37 [INFO] __main__ — L23_mean                                   0.4457     0.5543   0.4971   0.0160
2026-03-08 20:26:37 [INFO] __main__ — L3_mean_peak_height                        0.4465     0.5535   0.5238   0.0288
2026-03-08 20:26:37 [INFO] __main__ — L11_mid_vs_ends                            0.5529     0.4471   0.6029   0.0607
2026-03-08 20:26:37 [INFO] __main__ — L15_delta_end                              0.5524     0.4476   0.5364   0.0032
2026-03-08 20:26:37 [INFO] __main__ — L3_first_mean                              0.5523     0.4477   0.5909   0.0479
2026-03-08 20:26:37 [INFO] __main__ — depth_spread_p90                           0.4484     0.5516   0.4851   0.0160
2026-03-08 20:26:37 [INFO] __main__ — L27_early_vs_late                          0.4487     0.5513   0.4651   0.0160
2026-03-08 20:26:37 [INFO] __main__ — L7_p90                                     0.4488     0.5512   0.4906   0.0192
2026-03-08 20:26:37 [INFO] __main__ — L11_last_mean                              0.4493     0.5507   0.5082   0.0256
2026-03-08 20:26:37 [INFO] __main__ — L27_mid_vs_ends                            0.4494     0.5506   0.4745   0.0000
2026-03-08 20:26:37 [INFO] __main__ — L15_std_acceleration                       0.4496     0.5504   0.5009   0.0128
2026-03-08 20:26:37 [INFO] __main__ — L7_frac_above_1std                         0.5495     0.4505   0.5781   0.0160
2026-03-08 20:26:37 [INFO] __main__ — L0_median                                  0.4505     0.5495   0.5103   0.0351
2026-03-08 20:26:37 [INFO] __main__ — L19_ac1                                    0.5492     0.4508   0.6191   0.0831
2026-03-08 20:26:37 [INFO] __main__ — L3_peak_pos                                0.4517     0.5483   0.4655   0.0064
2026-03-08 20:26:37 [INFO] __main__ — L19_frac_above_1std                        0.5475     0.4525   0.5832   0.0128
2026-03-08 20:26:37 [INFO] __main__ — L19_p90                                    0.4526     0.5474   0.5144   0.0479
2026-03-08 20:26:37 [INFO] __main__ — L23_mean_peak_height                       0.4528     0.5472   0.4990   0.0192
2026-03-08 20:26:37 [INFO] __main__ — L3_mid_third                               0.4533     0.5467   0.5364   0.0447
2026-03-08 20:26:37 [INFO] __main__ — L7_peak_density                            0.4534     0.5466   0.5110   0.0000
2026-03-08 20:26:37 [INFO] __main__ — L11_late_third                             0.4537     0.5463   0.5138   0.0096
2026-03-08 20:26:37 [INFO] __main__ — L11_mean_peak_height                       0.4543     0.5457   0.4996   0.0192
2026-03-08 20:26:37 [INFO] __main__ — L11_frac_above_1std                        0.5454     0.4546   0.5693   0.0224
2026-03-08 20:26:37 [INFO] __main__ — L23_median                                 0.4553     0.5447   0.5207   0.0192
2026-03-08 20:26:37 [INFO] __main__ — L23_monotonicity_up                        0.5447     0.4553   0.5510   0.0032
2026-03-08 20:26:37 [INFO] __main__ — L7_delta_end                               0.5437     0.4563   0.5549   0.0415
2026-03-08 20:26:37 [INFO] __main__ — L7_early_third                             0.5435     0.4565   0.5666   0.0128
2026-03-08 20:26:37 [INFO] __main__ — L19_peak_pos                               0.5430     0.4570   0.5121   0.0000
2026-03-08 20:26:37 [INFO] __main__ — L27_delta_seg                              0.4571     0.5429   0.4745   0.0160
2026-03-08 20:26:37 [INFO] __main__ — depth_max                                  0.4580     0.5420   0.5033   0.0351
2026-03-08 20:26:37 [INFO] __main__ — L15_ac1                                    0.4583     0.5417   0.5309   0.0511
2026-03-08 20:26:37 [INFO] __main__ — L7_kendall_tau                             0.4587     0.5413   0.5150   0.0032
2026-03-08 20:26:37 [INFO] __main__ — L23_frac_below_1std                        0.5409     0.4591   0.5229   0.0064
2026-03-08 20:26:37 [INFO] __main__ — L11_std_acceleration                       0.4601     0.5399   0.5161   0.0447
2026-03-08 20:26:37 [INFO] __main__ — L3_std                                     0.4602     0.5398   0.5563   0.0767
2026-03-08 20:26:37 [INFO] __main__ — L3_early_third                             0.5395     0.4605   0.5887   0.0479
2026-03-08 20:26:37 [INFO] __main__ — L0_delta_end                               0.5392     0.4608   0.5315   0.0128
2026-03-08 20:26:37 [INFO] __main__ — L23_slope                                  0.4614     0.5386   0.5549   0.0160
2026-03-08 20:26:37 [INFO] __main__ — L19_mean                                   0.4626     0.5374   0.5170   0.0224
2026-03-08 20:26:37 [INFO] __main__ — L15_late_third                             0.4632     0.5368   0.5140   0.0192
2026-03-08 20:26:37 [INFO] __main__ — L3_p90                                     0.4634     0.5366   0.5409   0.0575
2026-03-08 20:26:37 [INFO] __main__ — L11_delta_end                              0.5365     0.4635   0.5399   0.0319
2026-03-08 20:26:37 [INFO] __main__ — L23_mid_third                              0.5365     0.4635   0.5908   0.0447
2026-03-08 20:26:37 [INFO] __main__ — L3_median                                  0.5360     0.4640   0.5678   0.0160
2026-03-08 20:26:37 [INFO] __main__ — L7_trimmed_mean                            0.5355     0.4645   0.5753   0.0447
2026-03-08 20:26:37 [INFO] __main__ — L23_std_acceleration                       0.4661     0.5339   0.5092   0.0192
2026-03-08 20:26:37 [INFO] __main__ — L7_spearman_rho                            0.4667     0.5333   0.5220   0.0096
2026-03-08 20:26:37 [INFO] __main__ — L23_delta_end                              0.4668     0.5332   0.4717   0.0064
2026-03-08 20:26:37 [INFO] __main__ — L23_frac_above_1std                        0.5322     0.4678   0.5632   0.0032
2026-03-08 20:26:37 [INFO] __main__ — L15_mean_peak_height                       0.4681     0.5319   0.5044   0.0096
2026-03-08 20:26:37 [INFO] __main__ — depth_mean_peak_height                     0.5312     0.4688   0.5207   0.0319
2026-03-08 20:26:37 [INFO] __main__ — L23_ac1                                    0.4691     0.5309   0.5432   0.0447
2026-03-08 20:26:37 [INFO] __main__ — depth_peak_pos                             0.5303     0.4697   0.5201   0.0000
2026-03-08 20:26:37 [INFO] __main__ — L15_mid_third                              0.4702     0.5298   0.5263   0.0319
2026-03-08 20:26:37 [INFO] __main__ — L3_mid_vs_ends                             0.4704     0.5296   0.5379   0.0415
2026-03-08 20:26:37 [INFO] __main__ — L7_mid_vs_ends                             0.5289     0.4711   0.5853   0.0415
2026-03-08 20:26:37 [INFO] __main__ — L3_peak_density                            0.5277     0.4723   0.5613   0.0032
2026-03-08 20:26:37 [INFO] __main__ — L3_delta_end                               0.5275     0.4725   0.5209   0.0160
2026-03-08 20:26:37 [INFO] __main__ — L15_last_mean                              0.4742     0.5258   0.5278   0.0256
2026-03-08 20:26:37 [INFO] __main__ — L7_mean_peak_height                        0.4754     0.5246   0.5243   0.0224
2026-03-08 20:26:37 [INFO] __main__ — L0_kendall_tau                             0.4756     0.5244   0.5196   0.0128
2026-03-08 20:26:37 [INFO] __main__ — L11_mid_third                              0.4770     0.5230   0.5367   0.0543
2026-03-08 20:26:37 [INFO] __main__ — L0_spearman_rho                            0.4770     0.5230   0.5161   0.0160
2026-03-08 20:26:37 [INFO] __main__ — L3_frac_above_1std                         0.5217     0.4783   0.5526   0.0032
2026-03-08 20:26:37 [INFO] __main__ — L15_frac_below_1std                        0.4794     0.5206   0.5172   0.0064
2026-03-08 20:26:37 [INFO] __main__ — L3_std_acceleration                        0.4794     0.5206   0.5650   0.0575
2026-03-08 20:26:37 [INFO] __main__ — L11_frac_below_1std                        0.5193     0.4807   0.5320   0.0575
2026-03-08 20:26:37 [INFO] __main__ — L23_trimmed_mean                           0.4823     0.5177   0.5297   0.0224
2026-03-08 20:26:37 [INFO] __main__ — L7_frac_below_1std                         0.5176     0.4824   0.5179   0.0256
2026-03-08 20:26:37 [INFO] __main__ — L23_early_vs_late                          0.5174     0.4826   0.5735   0.0064
2026-03-08 20:26:37 [INFO] __main__ — L27_mean_acceleration                      0.4829     0.5171   0.5598   0.0639
2026-03-08 20:26:37 [INFO] __main__ — depth_mid_vs_ends                          0.4830     0.5170   0.5436   0.0224
2026-03-08 20:26:37 [INFO] __main__ — L7_mid_third                               0.5161     0.4839   0.5798   0.0479
2026-03-08 20:26:37 [INFO] __main__ — depth_frac_above_1std                      0.4846     0.5154   0.4967   0.0000
2026-03-08 20:26:37 [INFO] __main__ — L3_p10                                     0.4856     0.5144   0.5225   0.0096
2026-03-08 20:26:37 [INFO] __main__ — L3_mean                                    0.4875     0.5125   0.5615   0.0543
2026-03-08 20:26:37 [INFO] __main__ — depth_spread_std                           0.5121     0.4879   0.5424   0.0128
2026-03-08 20:26:37 [INFO] __main__ — L7_mean                                    0.4882     0.5118   0.5474   0.0415
2026-03-08 20:26:37 [INFO] __main__ — depth_spread_frac_below_1std               0.5106     0.4894   0.5103   0.0256
2026-03-08 20:26:37 [INFO] __main__ — depth_spread_max                           0.4899     0.5101   0.5423   0.0351
2026-03-08 20:26:37 [INFO] __main__ — L19_trimmed_mean                           0.4901     0.5099   0.5330   0.0256
2026-03-08 20:26:37 [INFO] __main__ — L15_frac_above_1std                        0.4913     0.5087   0.5306   0.0096
2026-03-08 20:26:37 [INFO] __main__ — L0_monotonicity_up                         0.5083     0.4917   0.5297   0.0096
2026-03-08 20:26:37 [INFO] __main__ — L27_delta_end                              0.5067     0.4933   0.5320   0.0288
2026-03-08 20:26:37 [INFO] __main__ — L19_last_mean                              0.4934     0.5066   0.5612   0.0511
2026-03-08 20:26:37 [INFO] __main__ — depth_spread_first_mean                    0.4936     0.5064   0.5531   0.0351
2026-03-08 20:26:37 [INFO] __main__ — depth_spread_early_third                   0.4936     0.5064   0.5531   0.0351
2026-03-08 20:26:37 [INFO] __main__ — L7_median                                  0.5063     0.4937   0.5551   0.0543
2026-03-08 20:26:37 [INFO] __main__ — L23_delta_seg                              0.5063     0.4937   0.5566   0.0192
2026-03-08 20:26:37 [INFO] __main__ — L19_std                                    0.4938     0.5062   0.5344   0.0192
2026-03-08 20:26:37 [INFO] __main__ — L23_peak_density                           0.4942     0.5058   0.5486   0.0096
2026-03-08 20:26:37 [INFO] __main__ — L19_late_third                             0.5057     0.4943   0.5716   0.0607
2026-03-08 20:26:37 [INFO] __main__ — depth_spread_min                           0.4943     0.5057   0.5206   0.0224
2026-03-08 20:26:37 [INFO] __main__ — depth_spread_peak_pos                      0.4945     0.5055   0.4926   0.0000
2026-03-08 20:26:37 [INFO] __main__ — L19_frac_below_1std                        0.4949     0.5051   0.5305   0.0128
2026-03-08 20:26:37 [INFO] __main__ — depth_spread_mid_vs_ends                   0.5042     0.4958   0.5228   0.0192
2026-03-08 20:26:37 [INFO] __main__ — L19_mean_acceleration                      0.5041     0.4959   0.5877   0.0383
2026-03-08 20:26:37 [INFO] __main__ — L7_peak_pos                                0.5038     0.4962   0.5348   0.0000
2026-03-08 20:26:37 [INFO] __main__ — L23_spearman_rho                           0.5036     0.4964   0.5524   0.0288
2026-03-08 20:26:37 [INFO] __main__ — L7_p10                                     0.5029     0.4971   0.5516   0.0192
2026-03-08 20:26:37 [INFO] __main__ — L19_mean_peak_height                       0.4977     0.5023   0.5407   0.0064
2026-03-08 20:26:37 [INFO] __main__ — L23_kendall_tau                            0.4978     0.5022   0.5467   0.0192
2026-03-08 20:26:37 [INFO] __main__ — L7_ac1                                     0.4982     0.5018   0.5692   0.0256
2026-03-08 20:26:37 [INFO] __main__ — L27_frac_below_1std                        0.5016     0.4984   0.5016   0.0032
2026-03-08 20:26:37 [INFO] __main__ — depth_spread_range                         0.4994     0.5006   0.5385   0.0224
2026-03-08 20:26:37 [INFO] __main__ — depth_p10                                  0.4996     0.5004   0.5575   0.0511
2026-03-08 20:26:37 [INFO] __main__ — L0_min                                     0.5000     0.5000   0.5000   0.0000
2026-03-08 20:26:37 [INFO] __main__ — L0_frac_below_1std                         0.5000     0.5000   0.5000   0.0000
2026-03-08 20:26:37 [INFO] __main__ — L3_min                                     0.5000     0.5000   0.5000   0.0000
2026-03-08 20:26:37 [INFO] __main__ — L3_frac_below_1std                         0.5000     0.5000   0.5000   0.0000
2026-03-08 20:26:37 [INFO] __main__ — L7_min                                     0.5000     0.5000   0.5000   0.0000
2026-03-08 20:26:37 [INFO] __main__ — L11_min                                    0.5000     0.5000   0.5000   0.0000
2026-03-08 20:26:37 [INFO] __main__ — L15_min                                    0.5000     0.5000   0.5000   0.0000
2026-03-08 20:26:37 [INFO] __main__ — L19_min                                    0.5000     0.5000   0.5000   0.0000
2026-03-08 20:26:37 [INFO] __main__ — L23_min                                    0.5000     0.5000   0.5000   0.0000
2026-03-08 20:26:37 [INFO] __main__ — depth_frac_above_q                         0.5000     0.5000   0.5000   0.0000
2026-03-08 20:26:37 [INFO] __main__ — depth_spread_frac_above_q                  0.5000     0.5000   0.5000   0.0000
2026-03-08 20:26:37 [INFO] __main__ — ================================================================================
