2026-03-08 20:30:22 [INFO] __main__ — ================================================================================
2026-03-08 20:30:22 [INFO] __main__ — INTERMEDIATE LAYER ENTROPY METRICS
2026-03-08 20:30:22 [INFO] __main__ — ================================================================================
2026-03-08 20:30:22 [INFO] __main__ — Device          : cuda
2026-03-08 20:30:22 [INFO] __main__ — Model path      : google/gemma-7b
2026-03-08 20:30:22 [INFO] __main__ — N probe layers  : 8
2026-03-08 20:30:22 [INFO] __main__ — Score key(s)    : ALL
2026-03-08 20:30:22 [INFO] __main__ — ================================================================================
2026-03-08 20:30:22 [INFO] __main__ — [1/4] Loading test data...
2026-03-08 20:30:22 [INFO] __main__ — Loading all available prompts (n_test=max)
2026-03-08 20:30:22 [INFO] httpx — HTTP Request: HEAD https://huggingface.co/datasets/HuggingFaceH4/ultrachat_200k/resolve/main/README.md "HTTP/1.1 307 Temporary Redirect"
2026-03-08 20:30:22 [INFO] httpx — HTTP Request: HEAD https://huggingface.co/api/resolve-cache/datasets/HuggingFaceH4/ultrachat_200k/8049631c405ae6576f93f445c6b8166f76f5505a/README.md "HTTP/1.1 200 OK"
2026-03-08 20:30:22 [INFO] httpx — HTTP Request: HEAD https://huggingface.co/datasets/HuggingFaceH4/ultrachat_200k/resolve/8049631c405ae6576f93f445c6b8166f76f5505a/ultrachat_200k.py "HTTP/1.1 404 Not Found"
2026-03-08 20:30:22 [INFO] httpx — HTTP Request: HEAD https://s3.amazonaws.com/datasets.huggingface.co/datasets/datasets/HuggingFaceH4/ultrachat_200k/HuggingFaceH4/ultrachat_200k.py "HTTP/1.1 404 Not Found"
2026-03-08 20:30:23 [INFO] httpx — HTTP Request: GET https://huggingface.co/api/datasets/HuggingFaceH4/ultrachat_200k/revision/8049631c405ae6576f93f445c6b8166f76f5505a "HTTP/1.1 200 OK"
2026-03-08 20:30:23 [INFO] httpx — HTTP Request: HEAD https://huggingface.co/datasets/HuggingFaceH4/ultrachat_200k/resolve/8049631c405ae6576f93f445c6b8166f76f5505a/.huggingface.yaml "HTTP/1.1 404 Not Found"
2026-03-08 20:30:23 [INFO] httpx — HTTP Request: GET https://datasets-server.huggingface.co/info?dataset=HuggingFaceH4/ultrachat_200k "HTTP/1.1 200 OK"
2026-03-08 20:30:23 [INFO] httpx — HTTP Request: GET https://huggingface.co/api/datasets/HuggingFaceH4/ultrachat_200k/tree/8049631c405ae6576f93f445c6b8166f76f5505a/data?recursive=true&expand=false "HTTP/1.1 200 OK"
2026-03-08 20:30:23 [INFO] httpx — HTTP Request: GET https://huggingface.co/api/datasets/HuggingFaceH4/ultrachat_200k/tree/8049631c405ae6576f93f445c6b8166f76f5505a?recursive=false&expand=false "HTTP/1.1 200 OK"
2026-03-08 20:30:23 [INFO] httpx — HTTP Request: HEAD https://huggingface.co/datasets/HuggingFaceH4/ultrachat_200k/resolve/8049631c405ae6576f93f445c6b8166f76f5505a/dataset_infos.json "HTTP/1.1 404 Not Found"
2026-03-08 20:30:25 [INFO] httpx — HTTP Request: HEAD https://huggingface.co/datasets/walledai/HarmBench/resolve/main/README.md "HTTP/1.1 200 OK"
2026-03-08 20:30:25 [INFO] httpx — HTTP Request: HEAD https://huggingface.co/datasets/walledai/HarmBench/resolve/fb6c2afd5a2a943d701d6db3efab87d077e81be5/HarmBench.py "HTTP/1.1 404 Not Found"
2026-03-08 20:30:25 [INFO] httpx — HTTP Request: HEAD https://s3.amazonaws.com/datasets.huggingface.co/datasets/datasets/walledai/HarmBench/walledai/HarmBench.py "HTTP/1.1 404 Not Found"
2026-03-08 20:30:25 [INFO] httpx — HTTP Request: GET https://huggingface.co/api/datasets/walledai/HarmBench/revision/fb6c2afd5a2a943d701d6db3efab87d077e81be5 "HTTP/1.1 200 OK"
2026-03-08 20:30:26 [INFO] httpx — HTTP Request: HEAD https://huggingface.co/datasets/walledai/HarmBench/resolve/fb6c2afd5a2a943d701d6db3efab87d077e81be5/.huggingface.yaml "HTTP/1.1 404 Not Found"
2026-03-08 20:30:26 [INFO] httpx — HTTP Request: GET https://datasets-server.huggingface.co/info?dataset=walledai/HarmBench "HTTP/1.1 200 OK"
2026-03-08 20:30:26 [INFO] httpx — HTTP Request: GET https://huggingface.co/api/datasets/walledai/HarmBench/tree/fb6c2afd5a2a943d701d6db3efab87d077e81be5/contextual?recursive=true&expand=false "HTTP/1.1 200 OK"
2026-03-08 20:30:26 [INFO] httpx — HTTP Request: GET https://huggingface.co/api/datasets/walledai/HarmBench/tree/fb6c2afd5a2a943d701d6db3efab87d077e81be5?recursive=false&expand=false "HTTP/1.1 200 OK"
2026-03-08 20:30:26 [INFO] httpx — HTTP Request: HEAD https://huggingface.co/datasets/walledai/HarmBench/resolve/fb6c2afd5a2a943d701d6db3efab87d077e81be5/dataset_infos.json "HTTP/1.1 404 Not Found"
2026-03-08 20:30:26 [INFO] httpx — HTTP Request: GET https://huggingface.co/api/datasets/walledai/HarmBench/tree/fb6c2afd5a2a943d701d6db3efab87d077e81be5/standard?recursive=true&expand=false "HTTP/1.1 200 OK"
2026-03-08 20:30:26 [INFO] __main__ —   Safe: 200  |  Harmful: 200
2026-03-08 20:30:26 [INFO] __main__ — [2/4] Loading model...
2026-03-08 20:30:26 [INFO] httpx — HTTP Request: HEAD https://huggingface.co/google/gemma-7b/resolve/main/config.json "HTTP/1.1 200 OK"
2026-03-08 20:30:27 [INFO] httpx — HTTP Request: HEAD https://huggingface.co/google/gemma-7b/resolve/main/tokenizer_config.json "HTTP/1.1 200 OK"
2026-03-08 20:30:27 [INFO] httpx — HTTP Request: GET https://huggingface.co/api/models/google/gemma-7b/tree/main/additional_chat_templates?recursive=false&expand=false "HTTP/1.1 404 Not Found"
2026-03-08 20:30:27 [INFO] httpx — HTTP Request: GET https://huggingface.co/api/models/google/gemma-7b/tree/main?recursive=true&expand=false "HTTP/1.1 200 OK"
2026-03-08 20:30:29 [INFO] httpx — HTTP Request: HEAD https://huggingface.co/google/gemma-7b/resolve/main/config.json "HTTP/1.1 200 OK"
2026-03-08 20:30:29 [INFO] httpx — HTTP Request: HEAD https://huggingface.co/google/gemma-7b/resolve/main/config.json "HTTP/1.1 200 OK"
2026-03-08 20:30:37 [INFO] httpx — HTTP Request: HEAD https://huggingface.co/google/gemma-7b/resolve/main/generation_config.json "HTTP/1.1 200 OK"
2026-03-08 20:30:37 [INFO] __main__ —   Running base model (no LoRA adapter)
2026-03-08 20:30:37 [INFO] __main__ —   n_layers        : 28
2026-03-08 20:30:37 [INFO] __main__ —   layers_to_probe : [0, 3, 7, 11, 15, 19, 23, 27]
2026-03-08 20:30:37 [INFO] __main__ —   Total features  : 310
2026-03-08 20:30:37 [INFO] __main__ — [3/4] Computing intermediate entropy features...
2026-03-08 20:30:37 [INFO] __main__ —   Processing SAFE prompts...
2026-03-08 20:31:43 [INFO] __main__ —   Processing HARMFUL prompts...
2026-03-08 20:32:01 [INFO] __main__ — [4/4] Evaluating detection metrics...
2026-03-08 20:32:03 [INFO] __main__ — Saved results to: results/intermediate_entropy/intermediate_entropy_all_keys_20260308_203203.json
2026-03-08 20:32:03 [INFO] __main__ — ================================================================================
2026-03-08 20:32:03 [INFO] __main__ — key                                         AUROC AUROC_flip       AP   TPR@1%
2026-03-08 20:32:03 [INFO] __main__ — --------------------------------------------------------------------------------
2026-03-08 20:32:03 [INFO] __main__ — L19_early_third                            0.1243     0.8757   0.3273   0.0000
2026-03-08 20:32:03 [INFO] __main__ — L19_first_mean                             0.1268     0.8732   0.3277   0.0000
2026-03-08 20:32:03 [INFO] __main__ — L15_early_third                            0.1273     0.8727   0.3283   0.0000
2026-03-08 20:32:03 [INFO] __main__ — L15_first_mean                             0.1455     0.8545   0.3324   0.0000
2026-03-08 20:32:03 [INFO] __main__ — L3_first_mean                              0.1550     0.8450   0.3654   0.0000
2026-03-08 20:32:03 [INFO] __main__ — L0_frac_above_q                            0.8402     0.1598   0.8209   0.0550
2026-03-08 20:32:03 [INFO] __main__ — L3_frac_above_q                            0.8402     0.1598   0.8209   0.0550
2026-03-08 20:32:03 [INFO] __main__ — L7_frac_above_q                            0.8402     0.1598   0.8209   0.0550
2026-03-08 20:32:03 [INFO] __main__ — L11_frac_above_q                           0.8402     0.1598   0.8209   0.0550
2026-03-08 20:32:03 [INFO] __main__ — L15_frac_above_q                           0.8402     0.1598   0.8209   0.0550
2026-03-08 20:32:03 [INFO] __main__ — L19_frac_above_q                           0.8402     0.1598   0.8209   0.0550
2026-03-08 20:32:03 [INFO] __main__ — L23_frac_above_q                           0.8402     0.1598   0.8209   0.0550
2026-03-08 20:32:03 [INFO] __main__ — L27_frac_above_q                           0.8402     0.1598   0.8209   0.0550
2026-03-08 20:32:03 [INFO] __main__ — L11_max                                    0.1636     0.8365   0.3375   0.0050
2026-03-08 20:32:03 [INFO] __main__ — L11_range                                  0.1636     0.8365   0.3375   0.0050
2026-03-08 20:32:03 [INFO] __main__ — L19_max                                    0.1637     0.8363   0.3363   0.0000
2026-03-08 20:32:03 [INFO] __main__ — L19_range                                  0.1637     0.8363   0.3363   0.0000
2026-03-08 20:32:03 [INFO] __main__ — L11_early_third                            0.1641     0.8359   0.3380   0.0000
2026-03-08 20:32:03 [INFO] __main__ — L27_range                                  0.1665     0.8335   0.3454   0.0100
2026-03-08 20:32:03 [INFO] __main__ — L27_max                                    0.1665     0.8335   0.3458   0.0100
2026-03-08 20:32:03 [INFO] __main__ — L15_max                                    0.1692     0.8308   0.3389   0.0000
2026-03-08 20:32:03 [INFO] __main__ — L15_range                                  0.1692     0.8308   0.3389   0.0000
2026-03-08 20:32:03 [INFO] __main__ — L11_first_mean                             0.1753     0.8248   0.3435   0.0000
2026-03-08 20:32:03 [INFO] __main__ — L15_kendall_tau                            0.8229     0.1771   0.7804   0.0800
2026-03-08 20:32:03 [INFO] __main__ — L7_max                                     0.1777     0.8223   0.3431   0.0050
2026-03-08 20:32:03 [INFO] __main__ — L7_range                                   0.1777     0.8223   0.3431   0.0050
2026-03-08 20:32:03 [INFO] __main__ — L0_ac1                                     0.1792     0.8208   0.3718   0.0350
2026-03-08 20:32:03 [INFO] __main__ — L15_spearman_rho                           0.8183     0.1817   0.7754   0.0750
2026-03-08 20:32:03 [INFO] __main__ — L15_slope                                  0.8164     0.1836   0.7950   0.0400
2026-03-08 20:32:03 [INFO] __main__ — depth_spread_ac1                           0.1870     0.8130   0.3433   0.0000
2026-03-08 20:32:03 [INFO] __main__ — L15_early_vs_late                          0.8056     0.1944   0.7670   0.0900
2026-03-08 20:32:03 [INFO] __main__ — L3_early_third                             0.1957     0.8043   0.3936   0.0250
2026-03-08 20:32:03 [INFO] __main__ — L3_max                                     0.1997     0.8003   0.3498   0.0050
2026-03-08 20:32:03 [INFO] __main__ — L3_range                                   0.1997     0.8003   0.3498   0.0050
2026-03-08 20:32:03 [INFO] __main__ — L19_early_vs_late                          0.7991     0.2009   0.7914   0.0850
2026-03-08 20:32:03 [INFO] __main__ — L11_kendall_tau                            0.7979     0.2021   0.8002   0.1150
2026-03-08 20:32:03 [INFO] __main__ — L11_spearman_rho                           0.7978     0.2022   0.8023   0.1350
2026-03-08 20:32:03 [INFO] __main__ — L19_kendall_tau                            0.7976     0.2024   0.7926   0.0600
2026-03-08 20:32:03 [INFO] __main__ — L19_spearman_rho                           0.7968     0.2032   0.7805   0.0700
2026-03-08 20:32:03 [INFO] __main__ — L19_slope                                  0.7948     0.2052   0.8042   0.0700
2026-03-08 20:32:03 [INFO] __main__ — L23_spearman_rho                           0.7779     0.2221   0.8036   0.1800
2026-03-08 20:32:03 [INFO] __main__ — L7_spearman_rho                            0.7762     0.2238   0.7962   0.1450
2026-03-08 20:32:03 [INFO] __main__ — L23_kendall_tau                            0.7745     0.2255   0.7957   0.2000
2026-03-08 20:32:03 [INFO] __main__ — L0_frac_above_1std                         0.7718     0.2282   0.7626   0.0800
2026-03-08 20:32:03 [INFO] __main__ — L7_kendall_tau                             0.7684     0.2316   0.7931   0.1450
2026-03-08 20:32:03 [INFO] __main__ — L0_first_mean                              0.2328     0.7672   0.4345   0.0850
2026-03-08 20:32:03 [INFO] __main__ — L19_delta_seg                              0.7617     0.2383   0.7573   0.0750
2026-03-08 20:32:03 [INFO] __main__ — L15_delta_seg                              0.7585     0.2415   0.7412   0.0750
2026-03-08 20:32:03 [INFO] __main__ — depth_spread_monotonicity_up               0.2420     0.7580   0.3787   0.0050
2026-03-08 20:32:03 [INFO] __main__ — L23_monotonicity_up                        0.7577     0.2423   0.7954   0.1700
2026-03-08 20:32:03 [INFO] __main__ — L19_peak_density                           0.2470     0.7530   0.4185   0.0100
2026-03-08 20:32:03 [INFO] __main__ — depth_ac1                                  0.2475     0.7525   0.3880   0.0200
2026-03-08 20:32:03 [INFO] __main__ — depth_spread_std_acceleration              0.7501     0.2499   0.7347   0.0400
2026-03-08 20:32:03 [INFO] __main__ — L15_peak_density                           0.2506     0.7494   0.4079   0.0200
2026-03-08 20:32:03 [INFO] __main__ — L11_slope                                  0.7492     0.2508   0.7787   0.1000
2026-03-08 20:32:03 [INFO] __main__ — depth_spread_median                        0.2556     0.7444   0.3777   0.0050
2026-03-08 20:32:03 [INFO] __main__ — L27_min                                    0.7389     0.2611   0.7416   0.1550
2026-03-08 20:32:03 [INFO] __main__ — L0_early_third                             0.2651     0.7349   0.4645   0.1050
2026-03-08 20:32:03 [INFO] __main__ — L11_early_vs_late                          0.7338     0.2662   0.7586   0.1400
2026-03-08 20:32:03 [INFO] __main__ — depth_spread_mean                          0.2707     0.7293   0.3935   0.0200
2026-03-08 20:32:03 [INFO] __main__ — depth_spread_trimmed_mean                  0.2707     0.7293   0.3935   0.0200
2026-03-08 20:32:03 [INFO] __main__ — L0_max                                     0.2716     0.7284   0.3692   0.0000
2026-03-08 20:32:03 [INFO] __main__ — L0_range                                   0.2716     0.7284   0.3692   0.0000
2026-03-08 20:32:03 [INFO] __main__ — L23_delta_seg                              0.7268     0.2732   0.7817   0.2550
2026-03-08 20:32:03 [INFO] __main__ — L19_monotonicity_up                        0.7253     0.2747   0.7636   0.1500
2026-03-08 20:32:03 [INFO] __main__ — L23_max                                    0.2783     0.7217   0.3728   0.0050
2026-03-08 20:32:03 [INFO] __main__ — L23_range                                  0.2783     0.7217   0.3728   0.0050
2026-03-08 20:32:03 [INFO] __main__ — L0_median                                  0.2787     0.7214   0.4091   0.0150
2026-03-08 20:32:03 [INFO] __main__ — L23_early_vs_late                          0.7177     0.2823   0.7736   0.1150
2026-03-08 20:32:03 [INFO] __main__ — L7_p90                                     0.2825     0.7175   0.4030   0.0200
2026-03-08 20:32:03 [INFO] __main__ — L23_slope                                  0.7157     0.2843   0.7956   0.2200
2026-03-08 20:32:03 [INFO] __main__ — L15_p90                                    0.2871     0.7129   0.3980   0.0050
2026-03-08 20:32:03 [INFO] __main__ — L7_slope                                   0.7122     0.2878   0.7640   0.0750
2026-03-08 20:32:03 [INFO] __main__ — depth_spread_late_third                    0.2912     0.7088   0.4299   0.0400
2026-03-08 20:32:03 [INFO] __main__ — L0_last_mean                               0.2919     0.7081   0.4685   0.0850
2026-03-08 20:32:03 [INFO] __main__ — L0_spearman_rho                            0.7074     0.2926   0.7457   0.0950
2026-03-08 20:32:03 [INFO] __main__ — L11_delta_seg                              0.7047     0.2953   0.7320   0.1100
2026-03-08 20:32:03 [INFO] __main__ — L27_ac1                                    0.2977     0.7023   0.4422   0.0300
2026-03-08 20:32:03 [INFO] __main__ — L11_peak_density                           0.2982     0.7019   0.4434   0.0100
2026-03-08 20:32:03 [INFO] __main__ — L7_early_third                             0.2989     0.7011   0.3973   0.0000
2026-03-08 20:32:03 [INFO] __main__ — L19_mean                                   0.3016     0.6984   0.4281   0.0200
2026-03-08 20:32:03 [INFO] __main__ — L3_p90                                     0.3021     0.6979   0.4272   0.0150
2026-03-08 20:32:03 [INFO] __main__ — L27_delta_end                              0.6973     0.3027   0.7584   0.2050
2026-03-08 20:32:03 [INFO] __main__ — L19_median                                 0.3043     0.6957   0.4158   0.0050
2026-03-08 20:32:03 [INFO] __main__ — L3_ac1                                     0.3061     0.6939   0.4020   0.0150
2026-03-08 20:32:03 [INFO] __main__ — L7_early_vs_late                           0.6912     0.3088   0.7047   0.0450
2026-03-08 20:32:03 [INFO] __main__ — depth_spread_mid_third                     0.3092     0.6908   0.4246   0.0300
2026-03-08 20:32:03 [INFO] __main__ — L0_kendall_tau                             0.6905     0.3095   0.7349   0.1000
2026-03-08 20:32:03 [INFO] __main__ — L27_p10                                    0.6894     0.3106   0.7347   0.1300
2026-03-08 20:32:03 [INFO] __main__ — L3_spearman_rho                            0.6891     0.3109   0.7454   0.1000
2026-03-08 20:32:03 [INFO] __main__ — L11_p90                                    0.3120     0.6880   0.4018   0.0050
2026-03-08 20:32:03 [INFO] __main__ — L19_p10                                    0.3139     0.6861   0.4319   0.0300
2026-03-08 20:32:03 [INFO] __main__ — L7_first_mean                              0.3143     0.6857   0.4069   0.0000
2026-03-08 20:32:03 [INFO] __main__ — depth_mean                                 0.3149     0.6851   0.4156   0.0100
2026-03-08 20:32:03 [INFO] __main__ — depth_trimmed_mean                         0.3149     0.6851   0.4156   0.0100
2026-03-08 20:32:03 [INFO] __main__ — L19_std_acceleration                       0.3155     0.6845   0.4263   0.0150
2026-03-08 20:32:03 [INFO] __main__ — L27_std                                    0.3163     0.6838   0.4500   0.0450
2026-03-08 20:32:03 [INFO] __main__ — L27_mean_peak_height                       0.3171     0.6829   0.4558   0.0550
2026-03-08 20:32:03 [INFO] __main__ — L11_std_acceleration                       0.3181     0.6820   0.4479   0.0500
2026-03-08 20:32:03 [INFO] __main__ — L19_p90                                    0.3184     0.6816   0.4572   0.0400
2026-03-08 20:32:03 [INFO] __main__ — L3_median                                  0.3205     0.6795   0.4407   0.0250
2026-03-08 20:32:03 [INFO] __main__ — L23_first_mean                             0.3221     0.6779   0.4489   0.0150
2026-03-08 20:32:03 [INFO] __main__ — L7_std                                     0.3227     0.6773   0.4517   0.0350
2026-03-08 20:32:03 [INFO] __main__ — L7_delta_seg                               0.6746     0.3254   0.7023   0.0300
2026-03-08 20:32:03 [INFO] __main__ — L3_kendall_tau                             0.6742     0.3258   0.7424   0.1300
2026-03-08 20:32:03 [INFO] __main__ — L27_p90                                    0.3274     0.6726   0.4465   0.0550
2026-03-08 20:32:03 [INFO] __main__ — L15_std_acceleration                       0.3310     0.6690   0.4485   0.0100
2026-03-08 20:32:03 [INFO] __main__ — depth_spread_p10                           0.3310     0.6690   0.4363   0.0350
2026-03-08 20:32:03 [INFO] __main__ — L7_monotonicity_up                         0.6663     0.3337   0.6984   0.0350
2026-03-08 20:32:03 [INFO] __main__ — L19_trimmed_mean                           0.3341     0.6659   0.4430   0.0150
2026-03-08 20:32:03 [INFO] __main__ — L15_mean                                   0.3347     0.6653   0.4254   0.0150
2026-03-08 20:32:03 [INFO] __main__ — depth_spread_delta_end                     0.3367     0.6633   0.4652   0.0650
2026-03-08 20:32:03 [INFO] __main__ — L15_peak_pos                               0.6625     0.3374   0.6357   0.0000
2026-03-08 20:32:03 [INFO] __main__ — L7_peak_pos                                0.6620     0.3380   0.6541   0.0000
2026-03-08 20:32:03 [INFO] __main__ — L15_monotonicity_up                        0.6613     0.3387   0.7026   0.0450
2026-03-08 20:32:03 [INFO] __main__ — depth_late_third                           0.3387     0.6613   0.4314   0.0100
2026-03-08 20:32:03 [INFO] __main__ — depth_mid_third                            0.3389     0.6611   0.4406   0.0200
2026-03-08 20:32:03 [INFO] __main__ — L23_delta_end                              0.6608     0.3392   0.6784   0.0600
2026-03-08 20:32:03 [INFO] __main__ — L23_early_third                            0.3406     0.6594   0.4837   0.0200
2026-03-08 20:32:03 [INFO] __main__ — L0_p10                                     0.3410     0.6590   0.4386   0.0200
2026-03-08 20:32:03 [INFO] __main__ — L11_median                                 0.3411     0.6589   0.4418   0.0250
2026-03-08 20:32:03 [INFO] __main__ — L15_std                                    0.3436     0.6564   0.4354   0.0000
2026-03-08 20:32:03 [INFO] __main__ — L27_monotonicity_up                        0.6561     0.3439   0.7599   0.1150
2026-03-08 20:32:03 [INFO] __main__ — L23_late_third                             0.6561     0.3440   0.7333   0.1150
2026-03-08 20:32:03 [INFO] __main__ — L0_late_third                              0.3440     0.6560   0.5087   0.0850
2026-03-08 20:32:03 [INFO] __main__ — L3_slope                                   0.6514     0.3486   0.7327   0.1150
2026-03-08 20:32:03 [INFO] __main__ — L7_std_acceleration                        0.3498     0.6502   0.4680   0.0300
2026-03-08 20:32:03 [INFO] __main__ — depth_p90                                  0.3509     0.6491   0.4389   0.0150
2026-03-08 20:32:03 [INFO] __main__ — L11_mean                                   0.3523     0.6477   0.4282   0.0050
2026-03-08 20:32:03 [INFO] __main__ — L27_std_acceleration                       0.3526     0.6474   0.4713   0.0450
2026-03-08 20:32:03 [INFO] __main__ — L3_p10                                     0.3538     0.6462   0.4802   0.0300
2026-03-08 20:32:03 [INFO] __main__ — L3_early_vs_late                           0.6452     0.3548   0.6807   0.0600
2026-03-08 20:32:03 [INFO] __main__ — L23_trimmed_mean                           0.6444     0.3556   0.7184   0.1500
2026-03-08 20:32:03 [INFO] __main__ — depth_monotonicity_up                      0.3561     0.6439   0.4516   0.0350
2026-03-08 20:32:03 [INFO] __main__ — depth_early_vs_late                        0.3577     0.6423   0.4487   0.0000
2026-03-08 20:32:03 [INFO] __main__ — depth_median                               0.3589     0.6411   0.4576   0.0100
2026-03-08 20:32:03 [INFO] __main__ — L3_delta_seg                               0.6407     0.3593   0.6782   0.1100
2026-03-08 20:32:03 [INFO] __main__ — L23_peak_pos                               0.6406     0.3594   0.6247   0.0000
2026-03-08 20:32:03 [INFO] __main__ — L27_last_mean                              0.3613     0.6387   0.4615   0.0600
2026-03-08 20:32:03 [INFO] __main__ — L27_late_third                             0.3634     0.6366   0.4523   0.0250
2026-03-08 20:32:03 [INFO] __main__ — depth_spread_last_mean                     0.3637     0.6363   0.4938   0.0550
2026-03-08 20:32:03 [INFO] __main__ — depth_spread_peak_density                  0.6335     0.3665   0.5868   0.0150
2026-03-08 20:32:03 [INFO] __main__ — L23_last_mean                              0.6328     0.3672   0.7228   0.1500
2026-03-08 20:32:03 [INFO] __main__ — L11_monotonicity_up                        0.6324     0.3676   0.6778   0.1000
2026-03-08 20:32:03 [INFO] __main__ — L23_mid_third                              0.6318     0.3682   0.7067   0.1300
2026-03-08 20:32:03 [INFO] __main__ — L19_mean_peak_height                       0.3691     0.6309   0.4767   0.0200
2026-03-08 20:32:03 [INFO] __main__ — L7_p10                                     0.3691     0.6309   0.4674   0.0200
2026-03-08 20:32:03 [INFO] __main__ — depth_delta_end                            0.3698     0.6302   0.4534   0.0250
2026-03-08 20:32:03 [INFO] __main__ — L11_std                                    0.3702     0.6298   0.4548   0.0150
2026-03-08 20:32:03 [INFO] __main__ — L11_peak_pos                               0.6293     0.3707   0.6042   0.0000
2026-03-08 20:32:03 [INFO] __main__ — L15_mid_vs_ends                            0.6284     0.3716   0.6653   0.0650
2026-03-08 20:32:03 [INFO] __main__ — L11_mid_vs_ends                            0.6282     0.3718   0.6974   0.1200
2026-03-08 20:32:03 [INFO] __main__ — depth_spread_mean_peak_height              0.6229     0.3770   0.5847   0.0150
2026-03-08 20:32:03 [INFO] __main__ — L11_p10                                    0.3775     0.6225   0.4881   0.0350
2026-03-08 20:32:03 [INFO] __main__ — depth_std_acceleration                     0.6220     0.3780   0.6545   0.0500
2026-03-08 20:32:03 [INFO] __main__ — L19_peak_pos                               0.6219     0.3781   0.5984   0.0000
2026-03-08 20:32:03 [INFO] __main__ — L15_trimmed_mean                           0.3790     0.6210   0.4495   0.0150
2026-03-08 20:32:03 [INFO] __main__ — L27_spearman_rho                           0.3797     0.6203   0.4563   0.0100
2026-03-08 20:32:03 [INFO] __main__ — L23_p10                                    0.6197     0.3803   0.6843   0.0900
2026-03-08 20:32:03 [INFO] __main__ — depth_spread_min                           0.3817     0.6183   0.5131   0.0400
2026-03-08 20:32:03 [INFO] __main__ — L23_median                                 0.6163     0.3837   0.6776   0.1300
2026-03-08 20:32:03 [INFO] __main__ — L27_mean                                   0.3840     0.6160   0.4612   0.0150
2026-03-08 20:32:03 [INFO] __main__ — L15_mean_peak_height                       0.3842     0.6158   0.4645   0.0100
2026-03-08 20:32:03 [INFO] __main__ — L7_mean_peak_height                        0.3843     0.6157   0.4834   0.0400
2026-03-08 20:32:03 [INFO] __main__ — depth_mean_acceleration                    0.3857     0.6143   0.4989   0.0550
2026-03-08 20:32:03 [INFO] __main__ — L7_peak_density                            0.3858     0.6142   0.4858   0.0100
2026-03-08 20:32:03 [INFO] __main__ — L27_kendall_tau                            0.3859     0.6141   0.4661   0.0100
2026-03-08 20:32:03 [INFO] __main__ — L7_mean                                    0.3867     0.6133   0.5045   0.0450
2026-03-08 20:32:03 [INFO] __main__ — L3_peak_pos                                0.6089     0.3911   0.5804   0.0300
2026-03-08 20:32:03 [INFO] __main__ — L3_mean                                    0.3912     0.6088   0.4940   0.0300
2026-03-08 20:32:03 [INFO] __main__ — L19_std                                    0.3917     0.6084   0.5024   0.0350
2026-03-08 20:32:03 [INFO] __main__ — L23_frac_below_1std                        0.6023     0.3977   0.5839   0.0900
2026-03-08 20:32:03 [INFO] __main__ — L23_mean                                   0.6022     0.3978   0.6926   0.1750
2026-03-08 20:32:03 [INFO] __main__ — depth_mid_vs_ends                          0.3995     0.6005   0.5019   0.0350
2026-03-08 20:32:03 [INFO] __main__ — L3_last_mean                               0.4002     0.5998   0.5439   0.0650
2026-03-08 20:32:03 [INFO] __main__ — L23_mid_vs_ends                            0.5994     0.4006   0.6762   0.1050
2026-03-08 20:32:03 [INFO] __main__ — depth_spread_frac_above_1std               0.5986     0.4014   0.5644   0.0200
2026-03-08 20:32:03 [INFO] __main__ — L11_trimmed_mean                           0.4015     0.5985   0.4638   0.0050
2026-03-08 20:32:03 [INFO] __main__ — L0_mid_third                               0.4015     0.5985   0.5620   0.1800
2026-03-08 20:32:03 [INFO] __main__ — depth_spread_first_mean                    0.4044     0.5956   0.5220   0.0800
2026-03-08 20:32:03 [INFO] __main__ — depth_spread_early_third                   0.4044     0.5956   0.5220   0.0800
2026-03-08 20:32:03 [INFO] __main__ — L27_delta_seg                              0.4068     0.5932   0.4848   0.0450
2026-03-08 20:32:03 [INFO] __main__ — L19_mid_vs_ends                            0.5920     0.4080   0.6464   0.0600
2026-03-08 20:32:03 [INFO] __main__ — L0_mean_peak_height                        0.4081     0.5919   0.5320   0.0150
2026-03-08 20:32:03 [INFO] __main__ — L27_mid_third                              0.4082     0.5918   0.4875   0.0400
2026-03-08 20:32:03 [INFO] __main__ — L23_mean_peak_height                       0.5908     0.4092   0.6640   0.0800
2026-03-08 20:32:03 [INFO] __main__ — L19_mid_third                              0.4096     0.5905   0.5207   0.0250
2026-03-08 20:32:03 [INFO] __main__ — L3_std                                     0.4095     0.5904   0.5535   0.0850
2026-03-08 20:32:03 [INFO] __main__ — L3_peak_density                            0.4096     0.5904   0.4979   0.0050
2026-03-08 20:32:03 [INFO] __main__ — depth_p10                                  0.4097     0.5903   0.4949   0.0250
2026-03-08 20:32:03 [INFO] __main__ — depth_spread_slope                         0.4099     0.5901   0.5204   0.0700
2026-03-08 20:32:03 [INFO] __main__ — depth_spread_mean_acceleration             0.4115     0.5885   0.5381   0.1050
2026-03-08 20:32:03 [INFO] __main__ — L7_mean_acceleration                       0.4127     0.5873   0.5554   0.0500
2026-03-08 20:32:03 [INFO] __main__ — depth_spread_early_vs_late                 0.4137     0.5863   0.5172   0.0350
2026-03-08 20:32:03 [INFO] __main__ — L19_frac_below_1std                        0.4176     0.5824   0.5082   0.0200
2026-03-08 20:32:03 [INFO] __main__ — depth_range                                0.4178     0.5822   0.4939   0.0300
2026-03-08 20:32:03 [INFO] __main__ — depth_spread_range                         0.5821     0.4179   0.6304   0.0600
2026-03-08 20:32:03 [INFO] __main__ — depth_spread_p90                           0.4189     0.5811   0.4969   0.0250
2026-03-08 20:32:03 [INFO] __main__ — L0_p90                                     0.4196     0.5804   0.5486   0.0750
2026-03-08 20:32:03 [INFO] __main__ — depth_max                                  0.4203     0.5797   0.4865   0.0250
2026-03-08 20:32:03 [INFO] __main__ — depth_slope                                0.4214     0.5786   0.4965   0.0350
2026-03-08 20:32:03 [INFO] __main__ — L23_mean_acceleration                      0.4216     0.5784   0.5855   0.2350
2026-03-08 20:32:03 [INFO] __main__ — L3_mean_peak_height                        0.4217     0.5783   0.5489   0.0500
2026-03-08 20:32:03 [INFO] __main__ — L27_early_third                            0.4223     0.5777   0.5158   0.0400
2026-03-08 20:32:03 [INFO] __main__ — L23_ac1                                    0.4244     0.5756   0.5637   0.1150
2026-03-08 20:32:03 [INFO] __main__ — L3_monotonicity_up                         0.5746     0.4254   0.6498   0.1150
2026-03-08 20:32:03 [INFO] __main__ — L0_delta_end                               0.5741     0.4259   0.6071   0.0250
2026-03-08 20:32:03 [INFO] __main__ — L27_early_vs_late                          0.4264     0.5736   0.4808   0.0250
2026-03-08 20:32:03 [INFO] __main__ — L15_median                                 0.4275     0.5725   0.4900   0.0150
2026-03-08 20:32:03 [INFO] __main__ — depth_std                                  0.4280     0.5720   0.4955   0.0250
2026-03-08 20:32:03 [INFO] __main__ — L27_first_mean                             0.4283     0.5717   0.5202   0.0950
2026-03-08 20:32:03 [INFO] __main__ — depth_spread_mid_vs_ends                   0.4294     0.5706   0.5309   0.0750
2026-03-08 20:32:03 [INFO] __main__ — depth_min                                  0.4301     0.5699   0.5580   0.0950
2026-03-08 20:32:03 [INFO] __main__ — depth_spread_kendall_tau                   0.4301     0.5699   0.4702   0.0000
2026-03-08 20:32:03 [INFO] __main__ — L7_frac_above_1std                         0.5687     0.4313   0.6233   0.0250
2026-03-08 20:32:03 [INFO] __main__ — L23_peak_density                           0.4319     0.5681   0.5358   0.0100
2026-03-08 20:32:03 [INFO] __main__ — L3_std_acceleration                        0.4322     0.5678   0.5652   0.0400
2026-03-08 20:32:03 [INFO] __main__ — L11_mean_peak_height                       0.4329     0.5672   0.5149   0.0300
2026-03-08 20:32:03 [INFO] __main__ — L0_delta_seg                               0.5665     0.4335   0.5768   0.0750
2026-03-08 20:32:03 [INFO] __main__ — L3_mean_acceleration                       0.4345     0.5655   0.5367   0.0750
2026-03-08 20:32:03 [INFO] __main__ — L11_delta_end                              0.4377     0.5623   0.4654   0.0100
2026-03-08 20:32:03 [INFO] __main__ — depth_spread_std                           0.5618     0.4382   0.6139   0.0500
2026-03-08 20:32:03 [INFO] __main__ — depth_frac_above_1std                      0.4385     0.5616   0.4737   0.0000
2026-03-08 20:32:03 [INFO] __main__ — L0_peak_pos                                0.5614     0.4386   0.5556   0.0000
2026-03-08 20:32:03 [INFO] __main__ — depth_first_mean                           0.4396     0.5604   0.5215   0.0100
2026-03-08 20:32:03 [INFO] __main__ — depth_early_third                          0.4396     0.5604   0.5215   0.0100
2026-03-08 20:32:03 [INFO] __main__ — L3_late_third                              0.4414     0.5586   0.5555   0.0600
2026-03-08 20:32:03 [INFO] __main__ — L0_early_vs_late                           0.5583     0.4417   0.5906   0.0650
2026-03-08 20:32:03 [INFO] __main__ — L11_mean_acceleration                      0.4425     0.5575   0.5833   0.0800
2026-03-08 20:32:03 [INFO] __main__ — L7_ac1                                     0.4436     0.5564   0.5411   0.0350
2026-03-08 20:32:03 [INFO] __main__ — L3_mid_vs_ends                             0.5562     0.4438   0.6295   0.1050
2026-03-08 20:32:03 [INFO] __main__ — L23_std                                    0.5560     0.4440   0.6400   0.0850
2026-03-08 20:32:03 [INFO] __main__ — depth_spearman_rho                         0.5540     0.4461   0.5894   0.0450
2026-03-08 20:32:03 [INFO] __main__ — L7_median                                  0.4466     0.5534   0.5548   0.1050
2026-03-08 20:32:03 [INFO] __main__ — L15_frac_above_1std                        0.4466     0.5534   0.5231   0.0150
2026-03-08 20:32:03 [INFO] __main__ — L3_mid_third                               0.4471     0.5529   0.5658   0.0850
2026-03-08 20:32:03 [INFO] __main__ — L19_mean_acceleration                      0.4472     0.5528   0.6080   0.1150
2026-03-08 20:32:03 [INFO] __main__ — depth_spread_spearman_rho                  0.4479     0.5521   0.4914   0.0100
2026-03-08 20:32:03 [INFO] __main__ — depth_frac_below_1std                      0.4487     0.5513   0.4830   0.0400
2026-03-08 20:32:03 [INFO] __main__ — L0_monotonicity_up                         0.5512     0.4488   0.6455   0.0550
2026-03-08 20:32:03 [INFO] __main__ — L0_slope                                   0.5511     0.4489   0.6433   0.1050
2026-03-08 20:32:03 [INFO] __main__ — L0_mid_vs_ends                             0.5493     0.4507   0.6167   0.1300
2026-03-08 20:32:03 [INFO] __main__ — L19_frac_above_1std                        0.5481     0.4519   0.6131   0.0000
2026-03-08 20:32:03 [INFO] __main__ — L3_trimmed_mean                            0.4526     0.5474   0.5261   0.0150
2026-03-08 20:32:03 [INFO] __main__ — depth_spread_delta_seg                     0.4545     0.5455   0.5535   0.0550
2026-03-08 20:32:03 [INFO] __main__ — L15_delta_end                              0.4550     0.5450   0.4857   0.0000
2026-03-08 20:32:03 [INFO] __main__ — L19_delta_end                              0.5447     0.4553   0.6079   0.0900
2026-03-08 20:32:03 [INFO] __main__ — L7_mid_third                               0.4589     0.5411   0.5708   0.1000
2026-03-08 20:32:03 [INFO] __main__ — L27_frac_above_1std                        0.5401     0.4599   0.5877   0.0650
2026-03-08 20:32:03 [INFO] __main__ — L7_mid_vs_ends                             0.5399     0.4601   0.6475   0.1350
2026-03-08 20:32:03 [INFO] __main__ — L15_frac_below_1std                        0.5392     0.4608   0.5499   0.0050
2026-03-08 20:32:03 [INFO] __main__ — L27_slope                                  0.5391     0.4609   0.6404   0.0350
2026-03-08 20:32:03 [INFO] __main__ — L19_ac1                                    0.5387     0.4613   0.6512   0.1500
2026-03-08 20:32:03 [INFO] __main__ — L15_late_third                             0.5372     0.4628   0.6113   0.0600
2026-03-08 20:32:03 [INFO] __main__ — L23_std_acceleration                       0.5366     0.4634   0.6524   0.0750
2026-03-08 20:32:03 [INFO] __main__ — L27_peak_pos                               0.5365     0.4635   0.5927   0.1400
2026-03-08 20:32:03 [INFO] __main__ — L19_last_mean                              0.4640     0.5360   0.5821   0.0850
2026-03-08 20:32:03 [INFO] __main__ — L3_delta_end                               0.5342     0.4658   0.5759   0.0500
2026-03-08 20:32:03 [INFO] __main__ — L27_peak_density                           0.4660     0.5340   0.5697   0.0800
2026-03-08 20:32:03 [INFO] __main__ — depth_mean_peak_height                     0.4661     0.5340   0.4915   0.0200
2026-03-08 20:32:03 [INFO] __main__ — L23_frac_above_1std                        0.5333     0.4667   0.6038   0.0400
2026-03-08 20:32:03 [INFO] __main__ — L7_trimmed_mean                            0.4693     0.5307   0.5574   0.0650
2026-03-08 20:32:03 [INFO] __main__ — L15_mid_third                              0.4707     0.5293   0.5331   0.0350
2026-03-08 20:32:03 [INFO] __main__ — L27_trimmed_mean                           0.4716     0.5284   0.5138   0.0200
2026-03-08 20:32:03 [INFO] __main__ — L11_frac_above_1std                        0.4721     0.5279   0.5669   0.0200
2026-03-08 20:32:03 [INFO] __main__ — L7_frac_below_1std                         0.5275     0.4725   0.5251   0.0300
2026-03-08 20:32:03 [INFO] __main__ — L3_frac_above_1std                         0.4726     0.5274   0.5460   0.0400
2026-03-08 20:32:03 [INFO] __main__ — L0_std                                     0.4728     0.5272   0.6099   0.0450
2026-03-08 20:32:03 [INFO] __main__ — L15_last_mean                              0.5265     0.4735   0.6103   0.0600
2026-03-08 20:32:03 [INFO] __main__ — L15_ac1                                    0.5257     0.4743   0.6022   0.1150
2026-03-08 20:32:03 [INFO] __main__ — L7_delta_end                               0.5257     0.4743   0.5357   0.0200
2026-03-08 20:32:03 [INFO] __main__ — L0_std_acceleration                        0.4794     0.5206   0.6212   0.0950
2026-03-08 20:32:03 [INFO] __main__ — depth_peak_pos                             0.5202     0.4798   0.5556   0.0000
2026-03-08 20:32:03 [INFO] __main__ — depth_kendall_tau                          0.5194     0.4806   0.5512   0.0250
2026-03-08 20:32:03 [INFO] __main__ — depth_spread_max                           0.5184     0.4816   0.5795   0.0500
2026-03-08 20:32:03 [INFO] __main__ — L11_ac1                                    0.5174     0.4826   0.6278   0.1200
2026-03-08 20:32:03 [INFO] __main__ — depth_spread_frac_below_1std               0.5160     0.4840   0.5084   0.0050
2026-03-08 20:32:03 [INFO] __main__ — L11_frac_below_1std                        0.5158     0.4842   0.5216   0.0300
2026-03-08 20:32:03 [INFO] __main__ — L7_last_mean                               0.5148     0.4853   0.6200   0.0850
2026-03-08 20:32:03 [INFO] __main__ — L11_mid_third                              0.4857     0.5143   0.5590   0.0950
2026-03-08 20:32:03 [INFO] __main__ — L11_late_third                             0.4860     0.5140   0.5881   0.1100
2026-03-08 20:32:03 [INFO] __main__ — L27_mean_acceleration                      0.4866     0.5134   0.6368   0.1400
2026-03-08 20:32:03 [INFO] __main__ — depth_peak_density                         0.5128     0.4872   0.5097   0.0200
2026-03-08 20:32:03 [INFO] __main__ — depth_spread_peak_pos                      0.5124     0.4877   0.5135   0.0000
2026-03-08 20:32:03 [INFO] __main__ — depth_delta_seg                            0.5116     0.4884   0.5707   0.0600
2026-03-08 20:32:03 [INFO] __main__ — L27_mid_vs_ends                            0.4886     0.5114   0.5625   0.0550
2026-03-08 20:32:03 [INFO] __main__ — L0_peak_density                            0.4892     0.5108   0.6330   0.0450
2026-03-08 20:32:03 [INFO] __main__ — L11_last_mean                              0.4910     0.5090   0.5875   0.0600
2026-03-08 20:32:03 [INFO] __main__ — L0_trimmed_mean                            0.4911     0.5089   0.5938   0.1050
2026-03-08 20:32:03 [INFO] __main__ — L0_mean_acceleration                       0.5085     0.4915   0.5682   0.0450
2026-03-08 20:32:03 [INFO] __main__ — L15_mean_acceleration                      0.5073     0.4926   0.6229   0.0350
2026-03-08 20:32:03 [INFO] __main__ — L7_late_third                              0.5072     0.4928   0.6040   0.0850
2026-03-08 20:32:03 [INFO] __main__ — L0_mean                                    0.4942     0.5058   0.6237   0.1750
2026-03-08 20:32:03 [INFO] __main__ — L23_p90                                    0.5049     0.4951   0.6027   0.0600
2026-03-08 20:32:03 [INFO] __main__ — L19_late_third                             0.4958     0.5042   0.6040   0.1000
2026-03-08 20:32:03 [INFO] __main__ — L15_p10                                    0.4963     0.5038   0.5563   0.0500
2026-03-08 20:32:03 [INFO] __main__ — L27_frac_below_1std                        0.5025     0.4975   0.5025   0.0050
2026-03-08 20:32:03 [INFO] __main__ — depth_last_mean                            0.4983     0.5017   0.5693   0.0800
2026-03-08 20:32:03 [INFO] __main__ — L27_median                                 0.5003     0.4997   0.5527   0.0350
2026-03-08 20:32:03 [INFO] __main__ — L0_min                                     0.5000     0.5000   0.5000   0.0000
2026-03-08 20:32:03 [INFO] __main__ — L0_frac_below_1std                         0.5000     0.5000   0.5000   0.0000
2026-03-08 20:32:03 [INFO] __main__ — L3_min                                     0.5000     0.5000   0.5000   0.0000
2026-03-08 20:32:03 [INFO] __main__ — L3_frac_below_1std                         0.5000     0.5000   0.5000   0.0000
2026-03-08 20:32:03 [INFO] __main__ — L7_min                                     0.5000     0.5000   0.5000   0.0000
2026-03-08 20:32:03 [INFO] __main__ — L11_min                                    0.5000     0.5000   0.5000   0.0000
2026-03-08 20:32:03 [INFO] __main__ — L15_min                                    0.5000     0.5000   0.5000   0.0000
2026-03-08 20:32:03 [INFO] __main__ — L19_min                                    0.5000     0.5000   0.5000   0.0000
2026-03-08 20:32:03 [INFO] __main__ — L23_min                                    0.5000     0.5000   0.5000   0.0000
2026-03-08 20:32:03 [INFO] __main__ — depth_frac_above_q                         0.5000     0.5000   0.5000   0.0000
2026-03-08 20:32:03 [INFO] __main__ — depth_spread_frac_above_q                  0.5000     0.5000   0.5000   0.0000
2026-03-08 20:32:03 [INFO] __main__ — ================================================================================
