2026-03-08 20:32:10 [INFO] __main__ — ================================================================================
2026-03-08 20:32:10 [INFO] __main__ — INTERMEDIATE LAYER ENTROPY METRICS
2026-03-08 20:32:10 [INFO] __main__ — ================================================================================
2026-03-08 20:32:10 [INFO] __main__ — Device          : cuda
2026-03-08 20:32:10 [INFO] __main__ — Model path      : google/gemma-7b
2026-03-08 20:32:10 [INFO] __main__ — N probe layers  : 8
2026-03-08 20:32:10 [INFO] __main__ — Score key(s)    : ALL
2026-03-08 20:32:10 [INFO] __main__ — ================================================================================
2026-03-08 20:32:10 [INFO] __main__ — [1/4] Loading test data...
2026-03-08 20:32:10 [INFO] __main__ — Loading all available prompts (n_test=max)
2026-03-08 20:32:10 [INFO] httpx — HTTP Request: HEAD https://huggingface.co/datasets/JailbreakBench/JBB-Behaviors/resolve/main/README.md "HTTP/1.1 307 Temporary Redirect"
2026-03-08 20:32:10 [INFO] httpx — HTTP Request: HEAD https://huggingface.co/api/resolve-cache/datasets/JailbreakBench/JBB-Behaviors/886acc352a31533ffbcf4ef22c744658688086fc/README.md "HTTP/1.1 200 OK"
2026-03-08 20:32:11 [INFO] httpx — HTTP Request: HEAD https://huggingface.co/datasets/JailbreakBench/JBB-Behaviors/resolve/886acc352a31533ffbcf4ef22c744658688086fc/JBB-Behaviors.py "HTTP/1.1 404 Not Found"
2026-03-08 20:32:11 [INFO] httpx — HTTP Request: HEAD https://s3.amazonaws.com/datasets.huggingface.co/datasets/datasets/JailbreakBench/JBB-Behaviors/JailbreakBench/JBB-Behaviors.py "HTTP/1.1 404 Not Found"
2026-03-08 20:32:11 [INFO] httpx — HTTP Request: GET https://huggingface.co/api/datasets/JailbreakBench/JBB-Behaviors/revision/886acc352a31533ffbcf4ef22c744658688086fc "HTTP/1.1 200 OK"
2026-03-08 20:32:11 [INFO] httpx — HTTP Request: HEAD https://huggingface.co/datasets/JailbreakBench/JBB-Behaviors/resolve/886acc352a31533ffbcf4ef22c744658688086fc/.huggingface.yaml "HTTP/1.1 404 Not Found"
2026-03-08 20:32:11 [INFO] httpx — HTTP Request: GET https://datasets-server.huggingface.co/info?dataset=JailbreakBench/JBB-Behaviors "HTTP/1.1 200 OK"
2026-03-08 20:32:11 [INFO] httpx — HTTP Request: GET https://huggingface.co/api/datasets/JailbreakBench/JBB-Behaviors/tree/886acc352a31533ffbcf4ef22c744658688086fc/data?recursive=false&expand=false "HTTP/1.1 200 OK"
2026-03-08 20:32:12 [INFO] httpx — HTTP Request: HEAD https://huggingface.co/datasets/JailbreakBench/JBB-Behaviors/resolve/886acc352a31533ffbcf4ef22c744658688086fc/dataset_infos.json "HTTP/1.1 404 Not Found"
2026-03-08 20:32:12 [INFO] httpx — HTTP Request: HEAD https://huggingface.co/datasets/walledai/HarmBench/resolve/main/README.md "HTTP/1.1 200 OK"
2026-03-08 20:32:12 [INFO] httpx — HTTP Request: HEAD https://huggingface.co/datasets/walledai/HarmBench/resolve/fb6c2afd5a2a943d701d6db3efab87d077e81be5/HarmBench.py "HTTP/1.1 404 Not Found"
2026-03-08 20:32:12 [INFO] httpx — HTTP Request: HEAD https://s3.amazonaws.com/datasets.huggingface.co/datasets/datasets/walledai/HarmBench/walledai/HarmBench.py "HTTP/1.1 404 Not Found"
2026-03-08 20:32:12 [INFO] httpx — HTTP Request: GET https://huggingface.co/api/datasets/walledai/HarmBench/revision/fb6c2afd5a2a943d701d6db3efab87d077e81be5 "HTTP/1.1 200 OK"
2026-03-08 20:32:12 [INFO] httpx — HTTP Request: HEAD https://huggingface.co/datasets/walledai/HarmBench/resolve/fb6c2afd5a2a943d701d6db3efab87d077e81be5/.huggingface.yaml "HTTP/1.1 404 Not Found"
2026-03-08 20:32:12 [INFO] httpx — HTTP Request: GET https://datasets-server.huggingface.co/info?dataset=walledai/HarmBench "HTTP/1.1 200 OK"
2026-03-08 20:32:12 [INFO] httpx — HTTP Request: GET https://huggingface.co/api/datasets/walledai/HarmBench/tree/fb6c2afd5a2a943d701d6db3efab87d077e81be5/contextual?recursive=true&expand=false "HTTP/1.1 200 OK"
2026-03-08 20:32:13 [INFO] httpx — HTTP Request: GET https://huggingface.co/api/datasets/walledai/HarmBench/tree/fb6c2afd5a2a943d701d6db3efab87d077e81be5?recursive=false&expand=false "HTTP/1.1 200 OK"
2026-03-08 20:32:13 [INFO] httpx — HTTP Request: HEAD https://huggingface.co/datasets/walledai/HarmBench/resolve/fb6c2afd5a2a943d701d6db3efab87d077e81be5/dataset_infos.json "HTTP/1.1 404 Not Found"
2026-03-08 20:32:13 [INFO] httpx — HTTP Request: GET https://huggingface.co/api/datasets/walledai/HarmBench/tree/fb6c2afd5a2a943d701d6db3efab87d077e81be5/standard?recursive=true&expand=false "HTTP/1.1 200 OK"
2026-03-08 20:32:13 [INFO] __main__ —   Safe: 100  |  Harmful: 100
2026-03-08 20:32:13 [INFO] __main__ — [2/4] Loading model...
2026-03-08 20:32:13 [INFO] httpx — HTTP Request: HEAD https://huggingface.co/google/gemma-7b/resolve/main/config.json "HTTP/1.1 200 OK"
2026-03-08 20:32:13 [INFO] httpx — HTTP Request: HEAD https://huggingface.co/google/gemma-7b/resolve/main/tokenizer_config.json "HTTP/1.1 200 OK"
2026-03-08 20:32:13 [INFO] httpx — HTTP Request: GET https://huggingface.co/api/models/google/gemma-7b/tree/main/additional_chat_templates?recursive=false&expand=false "HTTP/1.1 404 Not Found"
2026-03-08 20:32:13 [INFO] httpx — HTTP Request: GET https://huggingface.co/api/models/google/gemma-7b/tree/main?recursive=true&expand=false "HTTP/1.1 200 OK"
2026-03-08 20:32:15 [INFO] httpx — HTTP Request: HEAD https://huggingface.co/google/gemma-7b/resolve/main/config.json "HTTP/1.1 200 OK"
2026-03-08 20:32:16 [INFO] httpx — HTTP Request: HEAD https://huggingface.co/google/gemma-7b/resolve/main/config.json "HTTP/1.1 200 OK"
2026-03-08 20:32:24 [INFO] httpx — HTTP Request: HEAD https://huggingface.co/google/gemma-7b/resolve/main/generation_config.json "HTTP/1.1 200 OK"
2026-03-08 20:32:24 [INFO] __main__ —   Running base model (no LoRA adapter)
2026-03-08 20:32:24 [INFO] __main__ —   n_layers        : 28
2026-03-08 20:32:24 [INFO] __main__ —   layers_to_probe : [0, 3, 7, 11, 15, 19, 23, 27]
2026-03-08 20:32:24 [INFO] __main__ —   Total features  : 310
2026-03-08 20:32:24 [INFO] __main__ — [3/4] Computing intermediate entropy features...
2026-03-08 20:32:24 [INFO] __main__ —   Processing SAFE prompts...
2026-03-08 20:32:33 [INFO] __main__ —   Processing HARMFUL prompts...
2026-03-08 20:32:42 [INFO] __main__ — [4/4] Evaluating detection metrics...
2026-03-08 20:32:44 [INFO] __main__ — Saved results to: results/intermediate_entropy/intermediate_entropy_all_keys_20260308_203244.json
2026-03-08 20:32:44 [INFO] __main__ — ================================================================================
2026-03-08 20:32:44 [INFO] __main__ — key                                         AUROC AUROC_flip       AP   TPR@1%
2026-03-08 20:32:44 [INFO] __main__ — --------------------------------------------------------------------------------
2026-03-08 20:32:44 [INFO] __main__ — L0_first_mean                              0.7470     0.2530   0.7569   0.1000
2026-03-08 20:32:44 [INFO] __main__ — L0_early_third                             0.7360     0.2640   0.7083   0.0200
2026-03-08 20:32:44 [INFO] __main__ — L0_kendall_tau                             0.3049     0.6950   0.3782   0.0000
2026-03-08 20:32:44 [INFO] __main__ — L0_spearman_rho                            0.3113     0.6887   0.3804   0.0000
2026-03-08 20:32:44 [INFO] __main__ — L3_kendall_tau                             0.3140     0.6861   0.3826   0.0000
2026-03-08 20:32:44 [INFO] __main__ — L3_spearman_rho                            0.3162     0.6838   0.3835   0.0000
2026-03-08 20:32:44 [INFO] __main__ — L19_slope                                  0.3517     0.6483   0.4075   0.0000
2026-03-08 20:32:44 [INFO] __main__ — L19_kendall_tau                            0.3686     0.6314   0.4137   0.0000
2026-03-08 20:32:44 [INFO] __main__ — L19_spearman_rho                           0.3691     0.6309   0.4166   0.0000
2026-03-08 20:32:44 [INFO] __main__ — L19_mid_vs_ends                            0.6290     0.3710   0.6275   0.0400
2026-03-08 20:32:44 [INFO] __main__ — L19_early_vs_late                          0.3785     0.6215   0.4214   0.0000
2026-03-08 20:32:44 [INFO] __main__ — L15_mid_third                              0.6165     0.3835   0.5968   0.0300
2026-03-08 20:32:44 [INFO] __main__ — L19_delta_seg                              0.3846     0.6154   0.4285   0.0000
2026-03-08 20:32:44 [INFO] __main__ — L19_mid_third                              0.6152     0.3848   0.5911   0.0200
2026-03-08 20:32:44 [INFO] __main__ — L3_early_third                             0.6103     0.3896   0.5486   0.0000
2026-03-08 20:32:44 [INFO] __main__ — L15_mid_vs_ends                            0.6091     0.3909   0.5693   0.0000
2026-03-08 20:32:44 [INFO] __main__ — L0_delta_seg                               0.3918     0.6082   0.4596   0.0100
2026-03-08 20:32:44 [INFO] __main__ — L19_last_mean                              0.3960     0.6040   0.4400   0.0100
2026-03-08 20:32:44 [INFO] __main__ — L3_first_mean                              0.6038     0.3962   0.5444   0.0000
2026-03-08 20:32:44 [INFO] __main__ — L23_median                                 0.6003     0.3997   0.5969   0.0500
2026-03-08 20:32:44 [INFO] __main__ — L11_ac1                                    0.5996     0.4004   0.6089   0.0400
2026-03-08 20:32:44 [INFO] __main__ — L15_p10                                    0.5992     0.4008   0.5753   0.0200
2026-03-08 20:32:44 [INFO] __main__ — L0_peak_pos                                0.4023     0.5977   0.4386   0.0000
2026-03-08 20:32:44 [INFO] __main__ — L19_late_third                             0.4048     0.5952   0.4380   0.0000
2026-03-08 20:32:44 [INFO] __main__ — L7_mean_acceleration                       0.5949     0.4051   0.5683   0.0000
2026-03-08 20:32:44 [INFO] __main__ — L11_mid_vs_ends                            0.5909     0.4091   0.5644   0.0200
2026-03-08 20:32:44 [INFO] __main__ — L0_early_vs_late                           0.4112     0.5888   0.4586   0.0000
2026-03-08 20:32:44 [INFO] __main__ — L0_trimmed_mean                            0.5863     0.4137   0.5724   0.0200
2026-03-08 20:32:44 [INFO] __main__ — L7_first_mean                              0.4140     0.5860   0.4498   0.0100
2026-03-08 20:32:44 [INFO] __main__ — L0_mean_acceleration                       0.4145     0.5856   0.4537   0.0000
2026-03-08 20:32:44 [INFO] __main__ — L11_peak_density                           0.4159     0.5841   0.4632   0.0100
2026-03-08 20:32:44 [INFO] __main__ — L11_mid_third                              0.5830     0.4170   0.5662   0.0500
2026-03-08 20:32:44 [INFO] __main__ — L15_median                                 0.5817     0.4183   0.5918   0.0500
2026-03-08 20:32:44 [INFO] __main__ — L0_p90                                     0.5796     0.4205   0.5943   0.0600
2026-03-08 20:32:44 [INFO] __main__ — L15_p90                                    0.5793     0.4207   0.5619   0.0000
2026-03-08 20:32:44 [INFO] __main__ — L0_max                                     0.5792     0.4208   0.5739   0.0300
2026-03-08 20:32:44 [INFO] __main__ — L0_range                                   0.5792     0.4208   0.5739   0.0300
2026-03-08 20:32:44 [INFO] __main__ — L19_early_third                            0.5788     0.4212   0.5455   0.0000
2026-03-08 20:32:44 [INFO] __main__ — L15_slope                                  0.4224     0.5776   0.4511   0.0100
2026-03-08 20:32:44 [INFO] __main__ — L0_std_acceleration                        0.5771     0.4229   0.5915   0.0600
2026-03-08 20:32:44 [INFO] __main__ — L7_mid_vs_ends                             0.5759     0.4241   0.6073   0.0300
2026-03-08 20:32:44 [INFO] __main__ — L7_early_third                             0.4255     0.5745   0.4593   0.0100
2026-03-08 20:32:44 [INFO] __main__ — L15_trimmed_mean                           0.5738     0.4262   0.5755   0.0300
2026-03-08 20:32:44 [INFO] __main__ — L0_mid_third                               0.5737     0.4263   0.5539   0.0200
2026-03-08 20:32:44 [INFO] __main__ — L15_first_mean                             0.5724     0.4276   0.5410   0.0000
2026-03-08 20:32:44 [INFO] __main__ — L15_kendall_tau                            0.4292     0.5708   0.4844   0.0400
2026-03-08 20:32:44 [INFO] __main__ — L7_peak_pos                                0.5706     0.4294   0.5498   0.0000
2026-03-08 20:32:44 [INFO] __main__ — L23_mean_acceleration                      0.5694     0.4306   0.5490   0.0600
2026-03-08 20:32:44 [INFO] __main__ — depth_spread_std                           0.4310     0.5690   0.4669   0.0200
2026-03-08 20:32:44 [INFO] __main__ — L15_spearman_rho                           0.4312     0.5688   0.4830   0.0400
2026-03-08 20:32:44 [INFO] __main__ — L0_std                                     0.5680     0.4320   0.5753   0.0500
2026-03-08 20:32:44 [INFO] __main__ — L15_mean                                   0.5677     0.4323   0.5736   0.0300
2026-03-08 20:32:44 [INFO] __main__ — L19_mean_peak_height                       0.4329     0.5671   0.4459   0.0000
2026-03-08 20:32:44 [INFO] __main__ — L15_delta_seg                              0.4330     0.5670   0.4644   0.0100
2026-03-08 20:32:44 [INFO] __main__ — L3_slope                                   0.4336     0.5664   0.4368   0.0000
2026-03-08 20:32:44 [INFO] __main__ — L0_frac_above_q                            0.4345     0.5655   0.4551   0.0100
2026-03-08 20:32:44 [INFO] __main__ — L3_frac_above_q                            0.4345     0.5655   0.4551   0.0100
2026-03-08 20:32:44 [INFO] __main__ — L7_frac_above_q                            0.4345     0.5655   0.4551   0.0100
2026-03-08 20:32:44 [INFO] __main__ — L11_frac_above_q                           0.4345     0.5655   0.4551   0.0100
2026-03-08 20:32:44 [INFO] __main__ — L15_frac_above_q                           0.4345     0.5655   0.4551   0.0100
2026-03-08 20:32:44 [INFO] __main__ — L19_frac_above_q                           0.4345     0.5655   0.4551   0.0100
2026-03-08 20:32:44 [INFO] __main__ — L23_frac_above_q                           0.4345     0.5655   0.4551   0.0100
2026-03-08 20:32:44 [INFO] __main__ — L27_frac_above_q                           0.4345     0.5655   0.4551   0.0100
2026-03-08 20:32:44 [INFO] __main__ — L23_frac_below_1std                        0.5653     0.4347   0.5417   0.0200
2026-03-08 20:32:44 [INFO] __main__ — L15_early_third                            0.5638     0.4362   0.5423   0.0000
2026-03-08 20:32:44 [INFO] __main__ — L0_mean                                    0.5635     0.4365   0.5722   0.0300
2026-03-08 20:32:44 [INFO] __main__ — L19_first_mean                             0.5613     0.4387   0.5460   0.0100
2026-03-08 20:32:44 [INFO] __main__ — L11_early_third                            0.4389     0.5611   0.4610   0.0100
2026-03-08 20:32:44 [INFO] __main__ — L19_peak_density                           0.5605     0.4395   0.5438   0.0100
2026-03-08 20:32:44 [INFO] __main__ — L19_std_acceleration                       0.4399     0.5601   0.4399   0.0000
2026-03-08 20:32:44 [INFO] __main__ — L27_peak_pos                               0.5583     0.4417   0.5347   0.0000
2026-03-08 20:32:44 [INFO] __main__ — depth_spread_peak_pos                      0.4424     0.5576   0.4764   0.0000
2026-03-08 20:32:44 [INFO] __main__ — L0_frac_above_1std                         0.4425     0.5575   0.5033   0.0300
2026-03-08 20:32:44 [INFO] __main__ — L11_first_mean                             0.4426     0.5574   0.4716   0.0000
2026-03-08 20:32:44 [INFO] __main__ — depth_spread_p10                           0.5569     0.4431   0.5364   0.0100
2026-03-08 20:32:44 [INFO] __main__ — depth_spread_min                           0.5568     0.4432   0.5419   0.0000
2026-03-08 20:32:44 [INFO] __main__ — L23_delta_end                              0.5558     0.4442   0.5373   0.0100
2026-03-08 20:32:44 [INFO] __main__ — depth_spread_slope                         0.4444     0.5556   0.4546   0.0000
2026-03-08 20:32:44 [INFO] __main__ — depth_spread_range                         0.4448     0.5552   0.4685   0.0100
2026-03-08 20:32:44 [INFO] __main__ — depth_ac1                                  0.5548     0.4452   0.5447   0.0100
2026-03-08 20:32:44 [INFO] __main__ — L0_mean_peak_height                        0.5544     0.4456   0.5504   0.0300
2026-03-08 20:32:44 [INFO] __main__ — L15_frac_above_1std                        0.5544     0.4456   0.5174   0.0000
2026-03-08 20:32:44 [INFO] __main__ — L15_ac1                                    0.5539     0.4461   0.5588   0.0400
2026-03-08 20:32:44 [INFO] __main__ — L0_slope                                   0.4462     0.5538   0.4764   0.0100
2026-03-08 20:32:44 [INFO] __main__ — L19_monotonicity_up                        0.4466     0.5534   0.4555   0.0100
2026-03-08 20:32:44 [INFO] __main__ — L23_mean_peak_height                       0.4471     0.5529   0.4663   0.0000
2026-03-08 20:32:44 [INFO] __main__ — L7_delta_seg                               0.5525     0.4475   0.5382   0.0200
2026-03-08 20:32:44 [INFO] __main__ — L7_mid_third                               0.5513     0.4487   0.5880   0.0600
2026-03-08 20:32:44 [INFO] __main__ — L0_p10                                     0.4487     0.5513   0.4509   0.0000
2026-03-08 20:32:44 [INFO] __main__ — L7_max                                     0.5507     0.4492   0.5678   0.0700
2026-03-08 20:32:44 [INFO] __main__ — L7_range                                   0.5507     0.4492   0.5678   0.0700
2026-03-08 20:32:44 [INFO] __main__ — L11_mean_peak_height                       0.5505     0.4495   0.5618   0.0200
2026-03-08 20:32:44 [INFO] __main__ — L7_p90                                     0.5502     0.4499   0.5515   0.0300
2026-03-08 20:32:44 [INFO] __main__ — L7_slope                                   0.5500     0.4500   0.5248   0.0200
2026-03-08 20:32:44 [INFO] __main__ — L27_mean_acceleration                      0.5500     0.4500   0.5405   0.0300
2026-03-08 20:32:44 [INFO] __main__ — L3_trimmed_mean                            0.4502     0.5498   0.4430   0.0000
2026-03-08 20:32:44 [INFO] __main__ — L23_first_mean                             0.5496     0.4504   0.5250   0.0300
2026-03-08 20:32:44 [INFO] __main__ — L23_spearman_rho                           0.4528     0.5472   0.4859   0.0100
2026-03-08 20:32:44 [INFO] __main__ — L15_mean_peak_height                       0.5468     0.4532   0.5280   0.0000
2026-03-08 20:32:44 [INFO] __main__ — L3_late_third                              0.4535     0.5465   0.4482   0.0000
2026-03-08 20:32:44 [INFO] __main__ — depth_spread_delta_end                     0.4536     0.5464   0.4700   0.0100
2026-03-08 20:32:44 [INFO] __main__ — L7_ac1                                     0.5462     0.4538   0.5269   0.0100
2026-03-08 20:32:44 [INFO] __main__ — L19_peak_pos                               0.4546     0.5454   0.4696   0.0000
2026-03-08 20:32:44 [INFO] __main__ — depth_min                                  0.5454     0.4547   0.5362   0.0200
2026-03-08 20:32:44 [INFO] __main__ — L0_mid_vs_ends                             0.5451     0.4549   0.5342   0.0100
2026-03-08 20:32:44 [INFO] __main__ — L7_early_vs_late                           0.5437     0.4563   0.5269   0.0200
2026-03-08 20:32:44 [INFO] __main__ — L0_peak_density                            0.5433     0.4567   0.5735   0.0700
2026-03-08 20:32:44 [INFO] __main__ — L23_mid_vs_ends                            0.5431     0.4569   0.5570   0.0200
2026-03-08 20:32:44 [INFO] __main__ — L23_kendall_tau                            0.4571     0.5429   0.4879   0.0100
2026-03-08 20:32:44 [INFO] __main__ — L23_mid_third                              0.5427     0.4573   0.5804   0.0800
2026-03-08 20:32:44 [INFO] __main__ — L3_frac_above_1std                         0.4573     0.5426   0.4679   0.0000
2026-03-08 20:32:44 [INFO] __main__ — L3_mean                                    0.4576     0.5424   0.4539   0.0000
2026-03-08 20:32:44 [INFO] __main__ — L23_std                                    0.4576     0.5424   0.4941   0.0300
2026-03-08 20:32:44 [INFO] __main__ — L15_max                                    0.5422     0.4578   0.5430   0.0100
2026-03-08 20:32:44 [INFO] __main__ — L15_range                                  0.5422     0.4578   0.5430   0.0100
2026-03-08 20:32:44 [INFO] __main__ — L11_max                                    0.5422     0.4578   0.5493   0.0200
2026-03-08 20:32:44 [INFO] __main__ — L11_range                                  0.5422     0.4578   0.5493   0.0200
2026-03-08 20:32:44 [INFO] __main__ — L15_monotonicity_up                        0.4582     0.5418   0.4799   0.0200
2026-03-08 20:32:44 [INFO] __main__ — L27_ac1                                    0.4584     0.5416   0.4787   0.0000
2026-03-08 20:32:44 [INFO] __main__ — L27_mid_third                              0.5416     0.4584   0.4968   0.0100
2026-03-08 20:32:44 [INFO] __main__ — L3_delta_seg                               0.4585     0.5415   0.4651   0.0000
2026-03-08 20:32:44 [INFO] __main__ — L3_last_mean                               0.4589     0.5411   0.4657   0.0000
2026-03-08 20:32:44 [INFO] __main__ — depth_spread_mean_acceleration             0.5408     0.4592   0.5329   0.0100
2026-03-08 20:32:44 [INFO] __main__ — depth_spread_delta_seg                     0.4595     0.5405   0.4642   0.0000
2026-03-08 20:32:44 [INFO] __main__ — L23_monotonicity_up                        0.5404     0.4596   0.5341   0.0100
2026-03-08 20:32:44 [INFO] __main__ — L3_early_vs_late                           0.4597     0.5403   0.4528   0.0000
2026-03-08 20:32:44 [INFO] __main__ — depth_early_vs_late                        0.5400     0.4600   0.5663   0.0800
2026-03-08 20:32:44 [INFO] __main__ — L15_last_mean                              0.4601     0.5399   0.4839   0.0100
2026-03-08 20:32:44 [INFO] __main__ — depth_frac_above_1std                      0.5397     0.4603   0.5253   0.0000
2026-03-08 20:32:44 [INFO] __main__ — L3_monotonicity_up                         0.4608     0.5392   0.4850   0.0100
2026-03-08 20:32:44 [INFO] __main__ — L27_kendall_tau                            0.5392     0.4608   0.5042   0.0100
2026-03-08 20:32:44 [INFO] __main__ — L23_trimmed_mean                           0.5390     0.4610   0.5507   0.0800
2026-03-08 20:32:44 [INFO] __main__ — L15_peak_pos                               0.4613     0.5387   0.4745   0.0000
2026-03-08 20:32:44 [INFO] __main__ — L11_std_acceleration                       0.4614     0.5386   0.4755   0.0100
2026-03-08 20:32:44 [INFO] __main__ — L11_peak_pos                               0.5384     0.4615   0.5054   0.0000
2026-03-08 20:32:44 [INFO] __main__ — L19_median                                 0.5384     0.4616   0.5099   0.0000
2026-03-08 20:32:44 [INFO] __main__ — depth_peak_pos                             0.4622     0.5377   0.4753   0.0000
2026-03-08 20:32:44 [INFO] __main__ — L15_frac_below_1std                        0.5375     0.4625   0.5288   0.0200
2026-03-08 20:32:44 [INFO] __main__ — L11_p90                                    0.5369     0.4631   0.5566   0.0100
2026-03-08 20:32:44 [INFO] __main__ — L11_mean_acceleration                      0.5365     0.4635   0.5210   0.0300
2026-03-08 20:32:44 [INFO] __main__ — depth_spread_mid_third                     0.5363     0.4637   0.5480   0.0400
2026-03-08 20:32:44 [INFO] __main__ — L27_frac_above_1std                        0.5362     0.4638   0.5343   0.0200
2026-03-08 20:32:44 [INFO] __main__ — L19_ac1                                    0.5360     0.4640   0.5113   0.0000
2026-03-08 20:32:44 [INFO] __main__ — L11_monotonicity_up                        0.4641     0.5359   0.4985   0.0300
2026-03-08 20:32:44 [INFO] __main__ — L23_peak_pos                               0.5353     0.4647   0.5279   0.0000
2026-03-08 20:32:44 [INFO] __main__ — depth_late_third                           0.5352     0.4648   0.5684   0.0600
2026-03-08 20:32:44 [INFO] __main__ — L15_mean_acceleration                      0.5351     0.4649   0.5020   0.0100
2026-03-08 20:32:44 [INFO] __main__ — L27_spearman_rho                           0.5350     0.4650   0.4985   0.0100
2026-03-08 20:32:44 [INFO] __main__ — L15_early_vs_late                          0.4654     0.5346   0.4793   0.0000
2026-03-08 20:32:44 [INFO] __main__ — depth_spread_early_vs_late                 0.4656     0.5344   0.4721   0.0000
2026-03-08 20:32:44 [INFO] __main__ — L7_std                                     0.5339     0.4661   0.5551   0.0600
2026-03-08 20:32:44 [INFO] __main__ — L3_mid_vs_ends                             0.5336     0.4664   0.5193   0.0200
2026-03-08 20:32:44 [INFO] __main__ — L15_std                                    0.5335     0.4665   0.5208   0.0000
2026-03-08 20:32:44 [INFO] __main__ — L0_median                                  0.4668     0.5332   0.4724   0.0100
2026-03-08 20:32:44 [INFO] __main__ — depth_spread_mean                          0.5331     0.4669   0.5100   0.0000
2026-03-08 20:32:44 [INFO] __main__ — depth_spread_trimmed_mean                  0.5331     0.4669   0.5100   0.0000
2026-03-08 20:32:44 [INFO] __main__ — depth_median                               0.5330     0.4670   0.5671   0.0200
2026-03-08 20:32:44 [INFO] __main__ — L11_kendall_tau                            0.5329     0.4671   0.5571   0.0400
2026-03-08 20:32:44 [INFO] __main__ — L11_spearman_rho                           0.5321     0.4679   0.5636   0.0400
2026-03-08 20:32:44 [INFO] __main__ — L23_early_third                            0.5320     0.4680   0.5174   0.0200
2026-03-08 20:32:44 [INFO] __main__ — L7_spearman_rho                            0.5318     0.4682   0.5260   0.0000
2026-03-08 20:32:44 [INFO] __main__ — L3_p90                                     0.4687     0.5313   0.4721   0.0100
2026-03-08 20:32:44 [INFO] __main__ — depth_spread_monotonicity_up               0.4688     0.5312   0.4608   0.0000
2026-03-08 20:32:44 [INFO] __main__ — L23_std_acceleration                       0.4694     0.5306   0.4947   0.0100
2026-03-08 20:32:44 [INFO] __main__ — L7_kendall_tau                             0.5305     0.4695   0.5235   0.0000
2026-03-08 20:32:44 [INFO] __main__ — L3_ac1                                     0.5303     0.4697   0.5271   0.0100
2026-03-08 20:32:44 [INFO] __main__ — L19_max                                    0.5298     0.4702   0.5445   0.0100
2026-03-08 20:32:44 [INFO] __main__ — L19_range                                  0.5298     0.4702   0.5445   0.0100
2026-03-08 20:32:44 [INFO] __main__ — L27_p90                                    0.5292     0.4708   0.5339   0.0600
2026-03-08 20:32:44 [INFO] __main__ — L3_delta_end                               0.4713     0.5287   0.4949   0.0200
2026-03-08 20:32:44 [INFO] __main__ — L19_p10                                    0.5286     0.4714   0.5407   0.0100
2026-03-08 20:32:44 [INFO] __main__ — L3_peak_density                            0.4718     0.5282   0.4832   0.0100
2026-03-08 20:32:44 [INFO] __main__ — L7_median                                  0.4721     0.5279   0.5275   0.0500
2026-03-08 20:32:44 [INFO] __main__ — L23_slope                                  0.4723     0.5277   0.4940   0.0200
2026-03-08 20:32:44 [INFO] __main__ — depth_spread_frac_above_1std               0.5270     0.4730   0.5135   0.0000
2026-03-08 20:32:44 [INFO] __main__ — L3_max                                     0.5269     0.4731   0.5412   0.0100
2026-03-08 20:32:44 [INFO] __main__ — L3_range                                   0.5269     0.4731   0.5412   0.0100
2026-03-08 20:32:44 [INFO] __main__ — L11_p10                                    0.5269     0.4731   0.5292   0.0100
2026-03-08 20:32:44 [INFO] __main__ — depth_spread_frac_below_1std               0.4731     0.5269   0.4871   0.0100
2026-03-08 20:32:44 [INFO] __main__ — L11_frac_above_1std                        0.4732     0.5268   0.4768   0.0000
2026-03-08 20:32:44 [INFO] __main__ — L0_monotonicity_up                         0.4735     0.5265   0.4796   0.0000
2026-03-08 20:32:44 [INFO] __main__ — L11_slope                                  0.4741     0.5259   0.5249   0.0600
2026-03-08 20:32:44 [INFO] __main__ — L23_mean                                   0.5255     0.4745   0.5455   0.0400
2026-03-08 20:32:44 [INFO] __main__ — depth_spread_kendall_tau                   0.4749     0.5251   0.4747   0.0000
2026-03-08 20:32:44 [INFO] __main__ — L11_delta_end                              0.4751     0.5249   0.4948   0.0100
2026-03-08 20:32:44 [INFO] __main__ — L19_mean_acceleration                      0.4751     0.5249   0.5049   0.0600
2026-03-08 20:32:44 [INFO] __main__ — L27_slope                                  0.5248     0.4752   0.4904   0.0000
2026-03-08 20:32:44 [INFO] __main__ — L11_median                                 0.4753     0.5247   0.5184   0.0500
2026-03-08 20:32:44 [INFO] __main__ — depth_spread_mid_vs_ends                   0.5241     0.4759   0.5600   0.0600
2026-03-08 20:32:44 [INFO] __main__ — L27_monotonicity_up                        0.5238     0.4762   0.5008   0.0000
2026-03-08 20:32:44 [INFO] __main__ — L23_early_vs_late                          0.4763     0.5237   0.4985   0.0300
2026-03-08 20:32:44 [INFO] __main__ — depth_mean                                 0.5235     0.4765   0.5624   0.0500
2026-03-08 20:32:44 [INFO] __main__ — depth_trimmed_mean                         0.5235     0.4765   0.5624   0.0500
2026-03-08 20:32:44 [INFO] __main__ — L3_median                                  0.5234     0.4766   0.5272   0.0200
2026-03-08 20:32:44 [INFO] __main__ — L23_peak_density                           0.5233     0.4767   0.5136   0.0000
2026-03-08 20:32:44 [INFO] __main__ — depth_delta_seg                            0.5230     0.4770   0.5066   0.0100
2026-03-08 20:32:44 [INFO] __main__ — L3_peak_pos                                0.4773     0.5227   0.4846   0.0000
2026-03-08 20:32:44 [INFO] __main__ — depth_p90                                  0.5227     0.4773   0.5474   0.0600
2026-03-08 20:32:44 [INFO] __main__ — depth_spread_median                        0.5227     0.4773   0.5262   0.0200
2026-03-08 20:32:44 [INFO] __main__ — L7_std_acceleration                        0.5220     0.4780   0.5264   0.0500
2026-03-08 20:32:44 [INFO] __main__ — depth_spearman_rho                         0.5218     0.4782   0.5035   0.0000
2026-03-08 20:32:44 [INFO] __main__ — L7_mean_peak_height                        0.4786     0.5214   0.5094   0.0500
2026-03-08 20:32:44 [INFO] __main__ — L27_peak_density                           0.5213     0.4787   0.5047   0.0100
2026-03-08 20:32:44 [INFO] __main__ — depth_spread_last_mean                     0.4789     0.5211   0.4822   0.0100
2026-03-08 20:32:44 [INFO] __main__ — L0_delta_end                               0.4790     0.5210   0.5041   0.0100
2026-03-08 20:32:44 [INFO] __main__ — L19_std                                    0.4794     0.5206   0.4824   0.0100
2026-03-08 20:32:44 [INFO] __main__ — L11_std                                    0.5204     0.4796   0.5339   0.0400
2026-03-08 20:32:44 [INFO] __main__ — L11_delta_seg                              0.5201     0.4799   0.5566   0.0600
2026-03-08 20:32:44 [INFO] __main__ — depth_spread_first_mean                    0.5199     0.4801   0.5007   0.0000
2026-03-08 20:32:44 [INFO] __main__ — depth_spread_early_third                   0.5199     0.4801   0.5007   0.0000
2026-03-08 20:32:44 [INFO] __main__ — depth_first_mean                           0.4802     0.5198   0.4692   0.0000
2026-03-08 20:32:44 [INFO] __main__ — depth_early_third                          0.4802     0.5198   0.4692   0.0000
2026-03-08 20:32:44 [INFO] __main__ — L3_std_acceleration                        0.4804     0.5196   0.4804   0.0000
2026-03-08 20:32:44 [INFO] __main__ — depth_spread_std_acceleration              0.4806     0.5194   0.5135   0.0400
2026-03-08 20:32:44 [INFO] __main__ — L23_p10                                    0.4807     0.5193   0.5189   0.0200
2026-03-08 20:32:44 [INFO] __main__ — depth_delta_end                            0.4807     0.5193   0.4759   0.0100
2026-03-08 20:32:44 [INFO] __main__ — depth_spread_spearman_rho                  0.4807     0.5193   0.4663   0.0000
2026-03-08 20:32:44 [INFO] __main__ — depth_mean_peak_height                     0.5191     0.4809   0.5116   0.0000
2026-03-08 20:32:44 [INFO] __main__ — depth_std_acceleration                     0.4814     0.5186   0.4968   0.0100
2026-03-08 20:32:44 [INFO] __main__ — depth_peak_density                         0.5182     0.4817   0.5108   0.0200
2026-03-08 20:32:44 [INFO] __main__ — L27_mid_vs_ends                            0.5182     0.4818   0.4926   0.0200
2026-03-08 20:32:44 [INFO] __main__ — L19_frac_below_1std                        0.4823     0.5178   0.4840   0.0100
2026-03-08 20:32:44 [INFO] __main__ — L7_frac_above_1std                         0.4830     0.5171   0.4875   0.0100
2026-03-08 20:32:44 [INFO] __main__ — L11_early_vs_late                          0.5168     0.4832   0.5536   0.0600
2026-03-08 20:32:44 [INFO] __main__ — L3_std                                     0.4833     0.5167   0.4788   0.0000
2026-03-08 20:32:44 [INFO] __main__ — depth_spread_ac1                           0.4835     0.5165   0.4823   0.0100
2026-03-08 20:32:44 [INFO] __main__ — L7_monotonicity_up                         0.4838     0.5162   0.4795   0.0000
2026-03-08 20:32:44 [INFO] __main__ — L7_delta_end                               0.5158     0.4842   0.5774   0.0400
2026-03-08 20:32:44 [INFO] __main__ — depth_frac_below_1std                      0.5157     0.4844   0.5090   0.0000
2026-03-08 20:32:44 [INFO] __main__ — L19_delta_end                              0.4845     0.5155   0.5101   0.0200
2026-03-08 20:32:44 [INFO] __main__ — L23_ac1                                    0.5150     0.4850   0.5234   0.0300
2026-03-08 20:32:44 [INFO] __main__ — L11_trimmed_mean                           0.5143     0.4857   0.5362   0.0300
2026-03-08 20:32:44 [INFO] __main__ — L23_max                                    0.4860     0.5140   0.5062   0.0000
2026-03-08 20:32:44 [INFO] __main__ — L23_range                                  0.4860     0.5140   0.5062   0.0000
2026-03-08 20:32:44 [INFO] __main__ — L15_peak_density                           0.5138     0.4862   0.5302   0.0200
2026-03-08 20:32:44 [INFO] __main__ — L11_late_third                             0.4862     0.5138   0.5125   0.0100
2026-03-08 20:32:44 [INFO] __main__ — depth_mid_third                            0.5136     0.4864   0.5429   0.0400
2026-03-08 20:32:44 [INFO] __main__ — L23_late_third                             0.4867     0.5133   0.5049   0.0400
2026-03-08 20:32:44 [INFO] __main__ — L11_mean                                   0.5129     0.4871   0.5329   0.0300
2026-03-08 20:32:44 [INFO] __main__ — L19_trimmed_mean                           0.5129     0.4871   0.5014   0.0000
2026-03-08 20:32:44 [INFO] __main__ — L27_early_vs_late                          0.5126     0.4874   0.4931   0.0000
2026-03-08 20:32:44 [INFO] __main__ — L7_mean                                    0.5126     0.4874   0.5255   0.0300
2026-03-08 20:32:44 [INFO] __main__ — L27_first_mean                             0.4879     0.5121   0.4777   0.0000
2026-03-08 20:32:44 [INFO] __main__ — L27_range                                  0.4879     0.5121   0.4981   0.0200
2026-03-08 20:32:44 [INFO] __main__ — depth_p10                                  0.5119     0.4881   0.5007   0.0000
2026-03-08 20:32:44 [INFO] __main__ — L27_max                                    0.4883     0.5117   0.4981   0.0200
2026-03-08 20:32:44 [INFO] __main__ — depth_last_mean                            0.5115     0.4885   0.5129   0.0200
2026-03-08 20:32:44 [INFO] __main__ — L19_mean                                   0.5114     0.4886   0.5019   0.0000
2026-03-08 20:32:44 [INFO] __main__ — L19_p90                                    0.4889     0.5111   0.4790   0.0000
2026-03-08 20:32:44 [INFO] __main__ — depth_spread_peak_density                  0.5111     0.4889   0.5124   0.0200
2026-03-08 20:32:44 [INFO] __main__ — depth_slope                                0.5110     0.4890   0.4980   0.0000
2026-03-08 20:32:44 [INFO] __main__ — L3_mean_peak_height                        0.4898     0.5102   0.4793   0.0000
2026-03-08 20:32:44 [INFO] __main__ — depth_monotonicity_up                      0.4901     0.5099   0.4775   0.0000
2026-03-08 20:32:44 [INFO] __main__ — L27_trimmed_mean                           0.5098     0.4902   0.4890   0.0000
2026-03-08 20:32:44 [INFO] __main__ — L23_p90                                    0.5088     0.4912   0.5227   0.0200
2026-03-08 20:32:44 [INFO] __main__ — L27_std                                    0.4913     0.5087   0.4945   0.0100
2026-03-08 20:32:44 [INFO] __main__ — L7_last_mean                               0.5086     0.4914   0.5200   0.0200
2026-03-08 20:32:44 [INFO] __main__ — depth_std                                  0.5086     0.4914   0.5328   0.0600
2026-03-08 20:32:44 [INFO] __main__ — L3_mid_third                               0.5085     0.4915   0.4990   0.0000
2026-03-08 20:32:44 [INFO] __main__ — L7_trimmed_mean                            0.5078     0.4922   0.5292   0.0300
2026-03-08 20:32:44 [INFO] __main__ — L7_frac_below_1std                         0.4924     0.5076   0.5117   0.0400
2026-03-08 20:32:44 [INFO] __main__ — depth_kendall_tau                          0.5075     0.4925   0.4948   0.0000
2026-03-08 20:32:44 [INFO] __main__ — L15_delta_end                              0.4935     0.5065   0.4986   0.0000
2026-03-08 20:32:44 [INFO] __main__ — L23_delta_seg                              0.4936     0.5064   0.5010   0.0200
2026-03-08 20:32:44 [INFO] __main__ — L27_median                                 0.5063     0.4937   0.4861   0.0000
2026-03-08 20:32:44 [INFO] __main__ — L19_frac_above_1std                        0.4938     0.5062   0.4836   0.0000
2026-03-08 20:32:44 [INFO] __main__ — depth_spread_late_third                    0.4938     0.5062   0.4915   0.0000
2026-03-08 20:32:44 [INFO] __main__ — depth_max                                  0.5058     0.4942   0.5073   0.0000
2026-03-08 20:32:44 [INFO] __main__ — L27_delta_end                              0.5058     0.4942   0.5111   0.0200
2026-03-08 20:32:44 [INFO] __main__ — L15_late_third                             0.4946     0.5054   0.5035   0.0000
2026-03-08 20:32:44 [INFO] __main__ — L3_p10                                     0.5050     0.4950   0.5152   0.0200
2026-03-08 20:32:44 [INFO] __main__ — L27_late_third                             0.5048     0.4952   0.5005   0.0100
2026-03-08 20:32:44 [INFO] __main__ — L27_last_mean                              0.4953     0.5047   0.4873   0.0100
2026-03-08 20:32:44 [INFO] __main__ — L27_std_acceleration                       0.4955     0.5045   0.4866   0.0000
2026-03-08 20:32:44 [INFO] __main__ — depth_mid_vs_ends                          0.4956     0.5044   0.5259   0.0300
2026-03-08 20:32:44 [INFO] __main__ — L11_frac_below_1std                        0.4957     0.5043   0.5065   0.0100
2026-03-08 20:32:44 [INFO] __main__ — L27_mean_peak_height                       0.4957     0.5043   0.4936   0.0000
2026-03-08 20:32:44 [INFO] __main__ — L23_frac_above_1std                        0.4958     0.5042   0.5253   0.0200
2026-03-08 20:32:44 [INFO] __main__ — L27_early_third                            0.5042     0.4958   0.4928   0.0000
2026-03-08 20:32:44 [INFO] __main__ — L27_mean                                   0.4959     0.5041   0.4854   0.0100
2026-03-08 20:32:44 [INFO] __main__ — L0_ac1                                     0.5038     0.4962   0.4962   0.0000
2026-03-08 20:32:44 [INFO] __main__ — depth_spread_p90                           0.5037     0.4963   0.5028   0.0000
2026-03-08 20:32:44 [INFO] __main__ — L27_delta_seg                              0.5036     0.4964   0.5007   0.0100
2026-03-08 20:32:44 [INFO] __main__ — L7_late_third                              0.5034     0.4966   0.5101   0.0200
2026-03-08 20:32:44 [INFO] __main__ — L0_last_mean                               0.5031     0.4969   0.5048   0.0200
2026-03-08 20:32:44 [INFO] __main__ — depth_spread_max                           0.4971     0.5029   0.4833   0.0100
2026-03-08 20:32:44 [INFO] __main__ — depth_mean_acceleration                    0.5024     0.4976   0.5079   0.0200
2026-03-08 20:32:44 [INFO] __main__ — L7_peak_density                            0.4985     0.5015   0.4847   0.0100
2026-03-08 20:32:44 [INFO] __main__ — L27_p10                                    0.5014     0.4986   0.4941   0.0100
2026-03-08 20:32:44 [INFO] __main__ — L23_last_mean                              0.4988     0.5012   0.5088   0.0200
2026-03-08 20:32:44 [INFO] __main__ — L3_mean_acceleration                       0.5009     0.4991   0.5069   0.0200
2026-03-08 20:32:44 [INFO] __main__ — depth_range                                0.4992     0.5008   0.5074   0.0200
2026-03-08 20:32:44 [INFO] __main__ — L11_last_mean                              0.5007     0.4993   0.5379   0.0400
2026-03-08 20:32:44 [INFO] __main__ — L27_min                                    0.5006     0.4994   0.5013   0.0100
2026-03-08 20:32:44 [INFO] __main__ — L0_late_third                              0.4996     0.5004   0.4944   0.0000
2026-03-08 20:32:44 [INFO] __main__ — depth_spread_mean_peak_height              0.4997     0.5003   0.4858   0.0000
2026-03-08 20:32:44 [INFO] __main__ — L7_p10                                     0.5003     0.4997   0.4905   0.0000
2026-03-08 20:32:44 [INFO] __main__ — L15_std_acceleration                       0.4998     0.5002   0.5170   0.0000
2026-03-08 20:32:44 [INFO] __main__ — L27_frac_below_1std                        0.5000     0.5000   0.5000   0.0100
2026-03-08 20:32:44 [INFO] __main__ — L0_min                                     0.5000     0.5000   0.5000   0.0000
2026-03-08 20:32:44 [INFO] __main__ — L0_frac_below_1std                         0.5000     0.5000   0.5000   0.0000
2026-03-08 20:32:44 [INFO] __main__ — L3_min                                     0.5000     0.5000   0.5000   0.0000
2026-03-08 20:32:44 [INFO] __main__ — L3_frac_below_1std                         0.5000     0.5000   0.5000   0.0000
2026-03-08 20:32:44 [INFO] __main__ — L7_min                                     0.5000     0.5000   0.5000   0.0000
2026-03-08 20:32:44 [INFO] __main__ — L11_min                                    0.5000     0.5000   0.5000   0.0000
2026-03-08 20:32:44 [INFO] __main__ — L15_min                                    0.5000     0.5000   0.5000   0.0000
2026-03-08 20:32:44 [INFO] __main__ — L19_min                                    0.5000     0.5000   0.5000   0.0000
2026-03-08 20:32:44 [INFO] __main__ — L23_min                                    0.5000     0.5000   0.5000   0.0000
2026-03-08 20:32:44 [INFO] __main__ — depth_frac_above_q                         0.5000     0.5000   0.5000   0.0000
2026-03-08 20:32:44 [INFO] __main__ — depth_spread_frac_above_q                  0.5000     0.5000   0.5000   0.0000
2026-03-08 20:32:44 [INFO] __main__ — ================================================================================
